Loaded 50 examples from CRANE folder /home/advayth2/CRANE/src/gsm_symbolic
[transformers] `torch_dtype` is deprecated! Use `dtype` instead!

Loading weights:   0%|          | 0/579 [00:00<?, ?it/s]
Loading weights:  43%|████▎     | 250/579 [00:00<00:00, 2498.69it/s]
Loading weights: 100%|██████████| 579/579 [00:00<00:00, 3270.94it/s]
[crane-original:gsm_symbolic] 1/50
[crane-original:gsm_symbolic] 2/50
[crane-original:gsm_symbolic] 3/50
[crane-original:gsm_symbolic] 4/50
[crane-original:gsm_symbolic] 5/50
[crane-original:gsm_symbolic] 6/50
[crane-original:gsm_symbolic] 7/50
[crane-original:gsm_symbolic] 8/50
[crane-original:gsm_symbolic] 9/50
[crane-original:gsm_symbolic] 10/50
[crane-original:gsm_symbolic] 11/50
[crane-original:gsm_symbolic] 12/50
[crane-original:gsm_symbolic] 13/50
[crane-original:gsm_symbolic] 14/50
[crane-original:gsm_symbolic] 15/50
[crane-original:gsm_symbolic] 16/50
[crane-original:gsm_symbolic] 17/50
[crane-original:gsm_symbolic] 18/50
[crane-original:gsm_symbolic] 19/50
[crane-original:gsm_symbolic] 20/50
[crane-original:gsm_symbolic] 21/50
[crane-original:gsm_symbolic] 22/50
[crane-original:gsm_symbolic] 23/50
[crane-original:gsm_symbolic] 24/50
[crane-original:gsm_symbolic] 25/50
[crane-original:gsm_symbolic] 26/50
[crane-original:gsm_symbolic] 27/50
Warning: Exact lookup not found for (LPAR, 1) in the DFA mask store. Falling back to overapprox.
[crane-original:gsm_symbolic] 28/50
[crane-original:gsm_symbolic] 29/50
[crane-original:gsm_symbolic] 30/50
[crane-original:gsm_symbolic] 31/50
[crane-original:gsm_symbolic] 32/50
[crane-original:gsm_symbolic] 33/50
[crane-original:gsm_symbolic] 34/50
[crane-original:gsm_symbolic] 35/50
[crane-original:gsm_symbolic] 36/50
[crane-original:gsm_symbolic] 37/50
[crane-original:gsm_symbolic] 38/50
[crane-original:gsm_symbolic] 39/50
[crane-original:gsm_symbolic] 40/50
[crane-original:gsm_symbolic] 41/50
[crane-original:gsm_symbolic] 42/50
[crane-original:gsm_symbolic] 43/50
[crane-original:gsm_symbolic] 44/50
[crane-original:gsm_symbolic] 45/50
[crane-original:gsm_symbolic] 46/50
[crane-original:gsm_symbolic] 47/50
[crane-original:gsm_symbolic] 48/50
[crane-original:gsm_symbolic] 49/50
[crane-original:gsm_symbolic] 50/50
[summary] wrote /home/advayth2/projects/verified-agent-synthesis/outputs/generated-csd/master_experiments/handoff_gsm_spider_crane_itergen_qwen14_20260506_235826/benchmarks/gsm_crane_qwen25_coder_14b_instruct.json
