Loaded 50 examples from CRANE folder /home/advayth2/CRANE/src/gsm_symbolic
[transformers] `torch_dtype` is deprecated! Use `dtype` instead!

Loading weights:   0%|          | 0/579 [00:00<?, ?it/s]
Loading weights:  39%|███▊      | 223/579 [00:00<00:00, 2215.22it/s]
Loading weights:  77%|███████▋  | 445/579 [00:00<00:00, 2041.39it/s]
Loading weights: 100%|██████████| 579/579 [00:00<00:00, 2095.01it/s]
[1/50] GSM source_index=0
  -> expr: (100 * k * y) / (x * 12) correct=False syntax=True
[2/50] GSM source_index=1
  -> expr: t * (y / d) correct=False syntax=True
[3/50] GSM source_index=2
  -> expr: ((sides - target) / sides) * 100 - (1/2 * 1/2) * 100 correct=False syntax=True
[4/50] GSM source_index=3
  -> expr: n - n_1 - n_2 - 2*n_2 correct=True syntax=True
[5/50] GSM source_index=4
  -> expr: n + k_2 * n + k_3 * n + (k_3 * n) / 2 + (k_3 * n) / 8 correct=False syntax=True
[6/50] GSM source_index=5
  -> expr: m * x / (m + n) correct=False syntax=True
[7/50] GSM source_index=6
  -> expr: x * k * (12 / n) correct=False syntax=True
[8/50] GSM source_index=8
  -> expr: n * frac_1 * frac_2 correct=False syntax=True
[9/50] GSM source_index=9
  -> expr: total - (x + y + z) correct=True syntax=True
[10/50] GSM source_index=11
  -> expr: n - (n1 * w1 + n2 * w2 + n3 * w3) correct=False syntax=True
[11/50] GSM source_index=12
  -> expr: n - k * x correct=True syntax=True
[12/50] GSM source_index=23
  -> expr: count * (n1 + n2 + n3 + n4 + n5) correct=True syntax=True
[13/50] GSM source_index=29
  -> expr: age2_current_age correct=False syntax=False
[14/50] GSM source_index=31
  -> expr: (age1 + age1 + age_diff) / 2 correct=False syntax=True
[15/50] GSM source_index=32
  -> expr: price + (brokerage_fee/100)*price + (transfer_fee/100)*price - budget correct=False syntax=True
[16/50] GSM source_index=34
  -> expr: price - (price * fee1_percent / 100) - (price * fee2_percent / 100) - loan correct=True syntax=True
[17/50] GSM source_index=37
  -> expr: n / (x + mult * x) correct=False syntax=True
[18/50] GSM source_index=39
  -> expr: (60 * h * d / (n * t)) * 100 correct=False syntax=True
[19/50] GSM source_index=41
  -> expr: total - n1 - (n1 * mult) correct=True syntax=True
[20/50] GSM source_index=44
  -> expr: n + mult * n correct=True syntax=True
[21/50] GSM source_index=47
  -> expr: 12 * n - (x + mult1 * x + (mult1 * x - y) + frac * (mult1 * x - y)) correct=False syntax=True
[22/50] GSM source_index=48
  -> expr: total / (n1 + n2/t) correct=False syntax=True
[23/50] GSM source_index=50
  -> expr: 2 * (3 * length + area / length) correct=False syntax=True
[24/50] GSM source_index=52
  -> expr: n * bill - m * p1 - k * p2 correct=True syntax=True
[25/50] GSM source_index=53
  -> expr: n1 + (n1 * frac + n2) correct=False syntax=True
[26/50] GSM source_index=54
  -> expr: n1 + (n1 + n2) + (n1 + n2 + n3) correct=True syntax=True
[27/50] GSM source_index=55
  -> expr: n1 * alphabets + frac * alphabets + (n1 + frac) * alphabets correct=True syntax=True
[28/50] GSM source_index=57
  -> expr: n1 * frac1 + n2 * mult1 correct=False syntax=True
[29/50] GSM source_index=61
  -> expr: n - frac*n + k - fake_num correct=False syntax=True
[30/50] GSM source_index=62
  -> expr: n1 + (n1 * p / 100) + (n1 + (n1 * p / 100)) correct=True syntax=True
[31/50] GSM source_index=64
  -> expr: n * m / k correct=False syntax=True
[32/50] GSM source_index=65
  -> expr: n * rate - fee correct=True syntax=True
[33/50] GSM source_index=66
  -> expr: ((n1 + n2) / (n1 + n2 + n3 + n4)) * 100 correct=False syntax=True
[34/50] GSM source_index=67
  -> expr: (weight_vehicle + weight_item + num_passengers * weight_passenger) * force_percent / 100 correct=False syntax=True
[35/50] GSM source_index=71
  -> expr: k1 * n1 + k2 * (2 * n1 - n2) correct=True syntax=True
[36/50] GSM source_index=72
  -> expr: ((n1 - n2) * l * p * 2) / (60 * t) correct=False syntax=True
[37/50] GSM source_index=75
  -> expr: n1*p1 + n2*p2 + n3*p3 correct=True syntax=True
[38/50] GSM source_index=76
  -> expr: n * (w1 + w2 + w3) * price correct=False syntax=True
[39/50] GSM source_index=79
  -> expr: n1 * frac + n2 correct=False syntax=True
[40/50] GSM source_index=80
  -> expr: (total - n1 * price1) / (price2 * (1 - p / 100)) correct=False syntax=True
[41/50] GSM source_index=83
  -> expr: total - n1 - n2 correct=True syntax=True
[42/50] GSM source_index=84
  -> expr: p * n * (1 + r1/100) * (1 - r2/100) correct=False syntax=True
[43/50] GSM source_index=86
  -> expr: p1 + (p1 + p2) + (p3 * frac) + (p4 - d) correct=True syntax=True
[44/50] GSM source_index=90
  -> expr: n * mult2 / mult1 correct=False syntax=True
[45/50] GSM source_index=92
  -> expr: n1 * frac1 * mult1 * frac2 correct=False syntax=True
[46/50] GSM source_index=93
  -> expr: d * (n + mult * t1) - d * t1 correct=True syntax=True
[47/50] GSM source_index=94
  -> expr: n * (p1/100) * (p2/100) * frac correct=False syntax=True
[48/50] GSM source_index=95
  -> expr: n1 + (n1 * mult) + n2 + n3 correct=True syntax=True
[49/50] GSM source_index=98
  -> expr: n0 * (1 + r + r * (r + 1) + r * (r + 1) * (r + 2) + r * (r + 1) * (r + 2) * (r + 3) + r * (r + 1) * (r + 2) * (r + 3) * (r + 4) + r * (r + 1) * (r + 2) * (r + 3) * (r + 4) * (r + 5) + r * (r + correct=False syntax=False
[50/50] GSM source_index=99
  -> expr: ((n1 * d1) + (n2 * d2)) / (12 * d3) correct=False syntax=True
[summary] wrote /home/advayth2/projects/verified-agent-synthesis/outputs/generated-csd/master_experiments/handoff_gsm_spider_crane_itergen_qwen14_20260506_235826/benchmarks/gsm_itergen_qwen25_coder_14b_instruct.json
