/opt/anaconda/lib/python3.12/site-packages/requests/__init__.py:113: RequestsDependencyWarning: urllib3 (2.4.0) or chardet (7.4.3)/charset_normalizer (3.4.2) doesn't match a supported version!
  warnings.warn(
Loaded 50 examples from CRANE folder /home/advayth2/CRANE/src/gsm_symbolic
`torch_dtype` is deprecated! Use `dtype` instead!
2026-05-06 08:41:22.323331: I tensorflow/core/util/port.cc:153] oneDNN custom operations are on. You may see slightly different numerical results due to floating-point round-off errors from different computation orders. To turn them off, set the environment variable `TF_ENABLE_ONEDNN_OPTS=0`.
2026-05-06 08:41:22.347280: E external/local_xla/xla/stream_executor/cuda/cuda_fft.cc:467] Unable to register cuFFT factory: Attempting to register factory for plugin cuFFT when one has already been registered
WARNING: All log messages before absl::InitializeLog() is called are written to STDERR
E0000 00:00:1778056882.370608  438526 cuda_dnn.cc:8579] Unable to register cuDNN factory: Attempting to register factory for plugin cuDNN when one has already been registered
E0000 00:00:1778056882.378058  438526 cuda_blas.cc:1407] Unable to register cuBLAS factory: Attempting to register factory for plugin cuBLAS when one has already been registered
W0000 00:00:1778056882.397375  438526 computation_placer.cc:177] computation placer already registered. Please check linkage and avoid linking the same target more than once.
W0000 00:00:1778056882.397399  438526 computation_placer.cc:177] computation placer already registered. Please check linkage and avoid linking the same target more than once.
W0000 00:00:1778056882.397401  438526 computation_placer.cc:177] computation placer already registered. Please check linkage and avoid linking the same target more than once.
W0000 00:00:1778056882.397403  438526 computation_placer.cc:177] computation placer already registered. Please check linkage and avoid linking the same target more than once.
2026-05-06 08:41:22.402314: I tensorflow/core/platform/cpu_feature_guard.cc:210] This TensorFlow binary is optimized to use available CPU instructions in performance-critical operations.
To enable the following instructions: AVX2 AVX512F AVX512_VNNI FMA, in other operations, rebuild TensorFlow with the appropriate compiler flags.
Traceback (most recent call last):
  File "/home/advayth2/projects/verified-agent-synthesis/scripts/benchmark_crane_baseline.py", line 584, in <module>
    raise SystemExit(main())
                     ^^^^^^
  File "/home/advayth2/projects/verified-agent-synthesis/scripts/benchmark_crane_baseline.py", line 564, in main
    result, examples = run_dataset(args, dataset=dataset, sample_size=args.sample_size)
                       ^^^^^^^^^^^^^^^^^^^^^^^^^^^^^^^^^^^^^^^^^^^^^^^^^^^^^^^^^^^^^^^^
  File "/home/advayth2/projects/verified-agent-synthesis/scripts/benchmark_crane_baseline.py", line 283, in run_dataset
    decoder, source, decoder_config = build_crane_decoder(
                                      ^^^^^^^^^^^^^^^^^^^^
  File "/home/advayth2/projects/verified-agent-synthesis/scripts/benchmark_crane_baseline.py", line 205, in build_crane_decoder
    decoder = CraneDecoder(
              ^^^^^^^^^^^^^
  File "/home/advayth2/CRANE/src/crane/main.py", line 725, in __init__
    super().__init__(grammar, model_id, default_unit, device, quantize, max_tokens, parse_output_only, recurrence_penalty, **gen_args)
  File "/home/advayth2/CRANE/src/crane/main.py", line 111, in __init__
    self._ignore_whitespace = self._get_ignore_whitespace(self.grammar)
                              ^^^^^^^^^^^^^^^^^^^^^^^^^^^^^^^^^^^^^^^^^
  File "/home/advayth2/CRANE/src/crane/main.py", line 648, in _get_ignore_whitespace
    base_parser = create_base_parser(grammar)
                  ^^^^^^^^^^^^^^^^^^^^^^^^^^^
  File "/home/advayth2/CRANE/src/crane/iter_syncode/parsers/__init__.py", line 31, in create_base_parser
    base_parser = Lark( # This is the standard Lark parser
                  ^^^^^^^^^^^^^^^^^^^^^^^^^^^^^^^^^^^^^^^^
  File "/home/advayth2/CRANE/src/crane/iter_syncode/larkm/lark.py", line 362, in __init__
    self.grammar, used_files = load_grammar(grammar, self.source_path, self.options.import_paths, self.options.keep_all_tokens)
                               ^^^^^^^^^^^^^^^^^^^^^^^^^^^^^^^^^^^^^^^^^^^^^^^^^^^^^^^^^^^^^^^^^^^^^^^^^^^^^^^^^^^^^^^^^^^^^^^^
  File "/home/advayth2/CRANE/src/crane/iter_syncode/larkm/load_grammar.py", line 1416, in load_grammar
    return builder.build(), builder.used_files
           ^^^^^^^^^^^^^^^
  File "/home/advayth2/CRANE/src/crane/iter_syncode/larkm/load_grammar.py", line 1375, in build
    self.validate()
  File "/home/advayth2/CRANE/src/crane/iter_syncode/larkm/load_grammar.py", line 1372, in validate
    raise GrammarError("Terminals %s were marked to ignore but were not defined!" % (set(self._ignore_names) - set(self._definitions)))
crane.iter_syncode.larkm.exceptions.GrammarError: Terminals {'WS'} were marked to ignore but were not defined!
