Loaded 1034 Spider examples from HuggingFace
[transformers] `torch_dtype` is deprecated! Use `dtype` instead!

Loading weights:   0%|          | 0/338 [00:00<?, ?it/s]
Loading weights: 100%|██████████| 338/338 [00:00<00:00, 4157.18it/s]
[1/100] source_index=3 concert_singer: What are the names, countries, and ages for every singer in descending order of 
['SELECT name ,']
['SELECT name ,  country ,']
['SELECT name ,  country ,  age FROM']
['SELECT name ,  country ,  age FROM singer ORDER']
['SELECT name ,  country ,  age FROM singer ORDER BY age DESC']
['SELECT name ,  country ,  age FROM singer ORDER BY age DESC']
{'total_tokens': 15}
  -> pred: SELECT name ,  country ,  age FROM singer ORDER BY age DESC
[2/100] source_index=9 concert_singer: What are  the different countries with singers above age 20?
['SELECT DISTINCT country FROM']
['SELECT DISTINCT country FROM singer WHERE']
['SELECT DISTINCT country FROM singer WHERE age >']
['SELECT DISTINCT country FROM singer WHERE age > 20']
{'total_tokens': 12}
  -> pred: SELECT DISTINCT country FROM singer WHERE age > 20
[3/100] source_index=19 concert_singer: What is the name and capacity for the stadium with the highest average attendanc
['SELECT stadium.name,']
['SELECT stadium.name, stadium.capacity FROM']
['SELECT stadium.name, stadium.capacity FROM stadium WHERE']
['SELECT stadium.name, stadium.capacity FROM stadium WHERE stadium.stadium_id =']
['SELECT stadium.name, stadium.capacity FROM stadium WHERE stadium.stadium_id = ( SELECT stadium_id FROM']
['SELECT stadium.name, stadium.capacity FROM stadium WHERE stadium.stadium_id = ( SELECT stadium_id FROM concert WHERE']
['SELECT stadium.name, stadium.capacity FROM stadium WHERE stadium.stadium_id = ( SELECT stadium_id FROM concert WHERE concert_id IN']
['SELECT stadium.name, stadium.capacity FROM stadium WHERE stadium.stadium_id = ( SELECT stadium_id FROM concert WHERE concert_id IN ( SELECT concert_id FROM']
['SELECT stadium.name, stadium.capacity FROM stadium WHERE stadium.stadium_id = ( SELECT stadium_id FROM concert WHERE concert_id IN ( SELECT concert_id FROM singer_in_concert WHERE']
['SELECT stadium.name, stadium.capacity FROM stadium WHERE stadium.stadium_id = ( SELECT stadium_id FROM concert WHERE concert_id IN ( SELECT concert_id FROM singer_in_concert WHERE singer_id IN']
['SELECT stadium.name, stadium.capacity FROM stadium WHERE stadium.stadium_id = ( SELECT stadium_id FROM concert WHERE concert_id IN ( SELECT concert_id FROM singer_in_concert WHERE singer_id IN ( SELECT singer_id FROM']
['SELECT stadium.name, stadium.capacity FROM stadium WHERE stadium.stadium_id = ( SELECT stadium_id FROM concert WHERE concert_id IN ( SELECT concert_id FROM singer_in_concert WHERE singer_id IN ( SELECT singer_id FROM singer WHERE']
['SELECT stadium.name, stadium.capacity FROM stadium WHERE stadium.stadium_id = ( SELECT stadium_id FROM concert WHERE concert_id IN ( SELECT concert_id FROM singer_in_concert WHERE singer_id IN ( SELECT singer_id FROM singer WHERE is_male =']
['SELECT stadium.name, stadium.capacity FROM stadium WHERE stadium.stadium_id = ( SELECT stadium_id FROM concert WHERE concert_id IN ( SELECT concert_id FROM singer_in_concert WHERE singer_id IN ( SELECT singer_id FROM singer WHERE is_male = TRUE ) ) ORDER BY AVG(singer_in_concert.concert_id)']
['SELECT stadium.name, stadium.capacity FROM stadium WHERE stadium.stadium_id = ( SELECT stadium_id FROM concert WHERE concert_id IN ( SELECT concert_id FROM singer_in_concert WHERE singer_id IN ( SELECT singer_id FROM singer WHERE is_male = TRUE ) ) ORDER BY AVG(singer_in_concert.concert_id) DESC LIMIT 1 )']
{'total_tokens': 68}
  -> pred: SELECT stadium.name, stadium.capacity FROM stadium WHERE stadium.stadium_id = ( SELECT stadium_id FROM concert WHERE con
[4/100] source_index=54 pets_1: How many dog pets are raised by female students?
['SELECT COUNT(petid)']
['SELECT COUNT(petid) FROM has_pet WHERE']
['SELECT COUNT(petid) FROM has_pet WHERE pettype =']
["SELECT COUNT(petid) FROM has_pet WHERE pettype = 'dog' AND stuid IN"]
["SELECT COUNT(petid) FROM has_pet WHERE pettype = 'dog' AND stuid IN (SELECT stuid FROM"]
["SELECT COUNT(petid) FROM has_pet WHERE pettype = 'dog' AND stuid IN (SELECT stuid FROM student WHERE"]
["SELECT COUNT(petid) FROM has_pet WHERE pettype = 'dog' AND stuid IN (SELECT stuid FROM student WHERE sex ="]
["SELECT COUNT(petid) FROM has_pet WHERE pettype = 'dog' AND stuid IN (SELECT stuid FROM student WHERE sex = 'female')"]
{'total_tokens': 33}
  -> pred: SELECT COUNT(petid) FROM has_pet WHERE pettype = 'dog' AND stuid IN (SELECT stuid FROM student WHERE sex = 'female')
[5/100] source_index=55 pets_1: Find the number of distinct type of pets.
['SELECT COUNT(DISTINCT pettype)']
['SELECT COUNT(DISTINCT pettype) FROM pets']
{'total_tokens': 11}
  -> pred: SELECT COUNT(DISTINCT pettype) FROM pets
[6/100] source_index=76 pets_1: What are the different first names and ages of the students who do have pets?
['SELECT DISTINCT fname ,']
['SELECT DISTINCT fname ,  age FROM']
['SELECT DISTINCT fname ,  age FROM student WHERE']
['SELECT DISTINCT fname ,  age FROM student WHERE stuid IN']
['SELECT DISTINCT fname ,  age FROM student WHERE stuid IN ( SELECT stuid FROM']
['SELECT DISTINCT fname ,  age FROM student WHERE stuid IN ( SELECT stuid FROM has_pet )']
['SELECT DISTINCT fname ,  age FROM student WHERE stuid IN ( SELECT stuid FROM has_pet )']
{'total_tokens': 25}
  -> pred: SELECT DISTINCT fname ,  age FROM student WHERE stuid IN ( SELECT stuid FROM has_pet )
[7/100] source_index=81 pets_1: Find the first name and gender of student who have more than one pet.
['SELECT student.fname ,']
['SELECT student.fname ,  student.sex FROM']
['SELECT student.fname ,  student.sex FROM student JOIN']
['SELECT student.fname ,  student.sex FROM student JOIN has_pet ON']
['SELECT student.fname ,  student.sex FROM student JOIN has_pet ON student.stuid =']
['SELECT student.fname ,  student.sex FROM student JOIN has_pet ON student.stuid = has_pet.stuid JOIN']
['SELECT student.fname ,  student.sex FROM student JOIN has_pet ON student.stuid = has_pet.stuid JOIN pets ON']
['SELECT student.fname ,  student.sex FROM student JOIN has_pet ON student.stuid = has_pet.stuid JOIN pets ON has_pet.petid =']
['SELECT student.fname ,  student.sex FROM student JOIN has_pet ON student.stuid = has_pet.stuid JOIN pets ON has_pet.petid = pets.petid GROUP']
['SELECT student.fname ,  student.sex FROM student JOIN has_pet ON student.stuid = has_pet.stuid JOIN pets ON has_pet.petid = pets.petid GROUP BY student.stuid H']
['SELECT student.fname ,  student.sex FROM student JOIN has_pet ON student.stuid = has_pet.stuid JOIN pets ON has_pet.petid = pets.petid GROUP BY student.stuid HAVING COUNT(*)']
['SELECT student.fname ,  student.sex FROM student JOIN has_pet ON student.stuid = has_pet.stuid JOIN pets ON has_pet.petid = pets.petid GROUP BY student.stuid HAVING COUNT(*) > 1']
{'total_tokens': 49}
  -> pred: SELECT student.fname ,  student.sex FROM student JOIN has_pet ON student.stuid = has_pet.stuid JOIN pets ON has_pet.peti
[8/100] source_index=103 car_1: Which distinct car models are the produced after 1980?
['SELECT DISTINCT model FROM']
['SELECT DISTINCT model FROM model_list WHERE']
['SELECT DISTINCT model FROM model_list WHERE maker IN']
['SELECT DISTINCT model FROM model_list WHERE maker IN (SELECT id FROM']
['SELECT DISTINCT model FROM model_list WHERE maker IN (SELECT id FROM car_makers WHERE']
['SELECT DISTINCT model FROM model_list WHERE maker IN (SELECT id FROM car_makers WHERE country IN']
['SELECT DISTINCT model FROM model_list WHERE maker IN (SELECT id FROM car_makers WHERE country IN (SELECT countryid FROM']
['SELECT DISTINCT model FROM model_list WHERE maker IN (SELECT id FROM car_makers WHERE country IN (SELECT countryid FROM countries WHERE']
['SELECT DISTINCT model FROM model_list WHERE maker IN (SELECT id FROM car_makers WHERE country IN (SELECT countryid FROM countries WHERE continent =']
["SELECT DISTINCT model FROM model_list WHERE maker IN (SELECT id FROM car_makers WHERE country IN (SELECT countryid FROM countries WHERE continent = 'North America')) AND year >"]
["SELECT DISTINCT model FROM model_list WHERE maker IN (SELECT id FROM car_makers WHERE country IN (SELECT countryid FROM countries WHERE continent = 'North America')) AND year > 1980"]
{'total_tokens': 41}
  -> pred: SELECT DISTINCT model FROM model_list WHERE maker IN (SELECT id FROM car_makers WHERE country IN (SELECT countryid FROM 
[9/100] source_index=114 car_1: What is the number of makers of care in France?
['SELECT COUNT(DISTINCT maker)']
['SELECT COUNT(DISTINCT maker) FROM car_makers WHERE']
['SELECT COUNT(DISTINCT maker) FROM car_makers WHERE country =']
['SELECT COUNT(DISTINCT maker) FROM car_makers WHERE country = (SELECT countryid FROM']
['SELECT COUNT(DISTINCT maker) FROM car_makers WHERE country = (SELECT countryid FROM countries WHERE']
['SELECT COUNT(DISTINCT maker) FROM car_makers WHERE country = (SELECT countryid FROM countries WHERE continent =']
["SELECT COUNT(DISTINCT maker) FROM car_makers WHERE country = (SELECT countryid FROM countries WHERE continent = 'France')"]
{'total_tokens': 27}
  -> pred: SELECT COUNT(DISTINCT maker) FROM car_makers WHERE country = (SELECT countryid FROM countries WHERE continent = 'France'
[10/100] source_index=118 car_1: What is the average miles per gallon of all the cards with 4 cylinders?
['SELECT AVG(mpg)']
['SELECT AVG(mpg) FROM cars_data WHERE']
['SELECT AVG(mpg) FROM cars_data WHERE cylinders =']
['SELECT AVG(mpg) FROM cars_data WHERE cylinders = 4']
{'total_tokens': 14}
  -> pred: SELECT AVG(mpg) FROM cars_data WHERE cylinders = 4
[11/100] source_index=121 car_1: What are all the makers and models?
['SELECT DISTINCT maker ,']
['SELECT DISTINCT maker ,  model FROM']
['SELECT DISTINCT maker ,  model FROM model_list']
{'total_tokens': 10}
  -> pred: SELECT DISTINCT maker ,  model FROM model_list
[12/100] source_index=131 car_1: What is the maximum horsepower and the make of the car models with 3 cylinders?
['SELECT MAX(horsepower)']
['SELECT MAX(horsepower) ,  make FROM']
['SELECT MAX(horsepower) ,  make FROM cars_data WHERE']
['SELECT MAX(horsepower) ,  make FROM cars_data WHERE cylinders =']
['SELECT MAX(horsepower) ,  make FROM cars_data WHERE cylinders = 3']
{'total_tokens': 18}
  -> pred: SELECT MAX(horsepower) ,  make FROM cars_data WHERE cylinders = 3
[13/100] source_index=151 car_1: Which distinctive models are produced by maker with the full name General Motors
['SELECT DISTINCT model FROM']
['SELECT DISTINCT model FROM model_list WHERE']
['SELECT DISTINCT model FROM model_list WHERE maker IN']
['SELECT DISTINCT model FROM model_list WHERE maker IN (SELECT id FROM']
['SELECT DISTINCT model FROM model_list WHERE maker IN (SELECT id FROM car_makers WHERE']
['SELECT DISTINCT model FROM model_list WHERE maker IN (SELECT id FROM car_makers WHERE fullname =']
["SELECT DISTINCT model FROM model_list WHERE maker IN (SELECT id FROM car_makers WHERE fullname = 'General Motors') AND weight >"]
["SELECT DISTINCT model FROM model_list WHERE maker IN (SELECT id FROM car_makers WHERE fullname = 'General Motors') AND weight > 3500"]
{'total_tokens': 36}
  -> pred: SELECT DISTINCT model FROM model_list WHERE maker IN (SELECT id FROM car_makers WHERE fullname = 'General Motors') AND w
[14/100] source_index=164 car_1: What is the number of carsw ith over 6 cylinders?
['SELECT COUNT(*)']
['SELECT COUNT(*) FROM cars_data WHERE']
['SELECT COUNT(*) FROM cars_data WHERE cylinders >']
['SELECT COUNT(*) FROM cars_data WHERE cylinders > 6']
{'total_tokens': 12}
  -> pred: SELECT COUNT(*) FROM cars_data WHERE cylinders > 6
[15/100] source_index=171 car_1: Which models are lighter than 3500 but not built by the 'Ford Motor Company'?
['SELECT model FROM']
['SELECT model FROM model_list WHERE']
['SELECT model FROM model_list WHERE maker !=']
["SELECT model FROM model_list WHERE maker != 'Ford Motor Company' AND mpg <"]
["SELECT model FROM model_list WHERE maker != 'Ford Motor Company' AND mpg < 3500"]
{'total_tokens': 22}
  -> pred: SELECT model FROM model_list WHERE maker != 'Ford Motor Company' AND mpg < 3500
[16/100] source_index=175 car_1: Which are the car makers which produce at least 2 models and more than 3 car mak
['SELECT DISTINCT car_makers.id,']
['SELECT DISTINCT car_makers.id, car_makers.fullname FROM']
['SELECT DISTINCT car_makers.id, car_makers.fullname FROM car_makers JOIN']
['SELECT DISTINCT car_makers.id, car_makers.fullname FROM car_makers JOIN model_list ON']
['SELECT DISTINCT car_makers.id, car_makers.fullname FROM car_makers JOIN model_list ON car_makers.id =']
['SELECT DISTINCT car_makers.id, car_makers.fullname FROM car_makers JOIN model_list ON car_makers.id = model_list.maker JOIN']
['SELECT DISTINCT car_makers.id, car_makers.fullname FROM car_makers JOIN model_list ON car_makers.id = model_list.maker JOIN cars_data ON']
['SELECT DISTINCT car_makers.id, car_makers.fullname FROM car_makers JOIN model_list ON car_makers.id = model_list.maker JOIN cars_data ON model_list.model =']
['SELECT DISTINCT car_makers.id, car_makers.fullname FROM car_makers JOIN model_list ON car_makers.id = model_list.maker JOIN cars_data ON model_list.model = car_names.model GROUP']
['SELECT DISTINCT car_makers.id, car_makers.fullname FROM car_makers JOIN model_list ON car_makers.id = model_list.maker JOIN cars_data ON model_list.model = car_names.model GROUP BY car_makers.id,']
['SELECT DISTINCT car_makers.id, car_makers.fullname FROM car_makers JOIN model_list ON car_makers.id = model_list.maker JOIN cars_data ON model_list.model = car_names.model GROUP BY car_makers.id, car_makers.fullname H']
['SELECT DISTINCT car_makers.id, car_makers.fullname FROM car_makers JOIN model_list ON car_makers.id = model_list.maker JOIN cars_data ON model_list.model = car_names.model GROUP BY car_makers.id, car_makers.fullname HAVING COUNT(DISTINCT model_list.model)']
['SELECT DISTINCT car_makers.id, car_makers.fullname FROM car_makers JOIN model_list ON car_makers.id = model_list.maker JOIN cars_data ON model_list.model = car_names.model GROUP BY car_makers.id, car_makers.fullname HAVING COUNT(DISTINCT model_list.model) >= 2 AND COUNT(DISTINCT car_makers.id)']
['SELECT DISTINCT car_makers.id, car_makers.fullname FROM car_makers JOIN model_list ON car_makers.id = model_list.maker JOIN cars_data ON model_list.model = car_names.model GROUP BY car_makers.id, car_makers.fullname HAVING COUNT(DISTINCT model_list.model) >= 2 AND COUNT(DISTINCT car_makers.id) > 3']
{'total_tokens': 93}
  -> pred: SELECT DISTINCT car_makers.id, car_makers.fullname FROM car_makers JOIN model_list ON car_makers.id = model_list.maker J
[17/100] source_index=177 car_1: What are the id and names of the countries which have more than 3 car makers or 
['SELECT DISTINCT countryid ,']
['SELECT DISTINCT countryid ,  countryname FROM']
['SELECT DISTINCT countryid ,  countryname FROM countries WHERE']
['SELECT DISTINCT countryid ,  countryname FROM countries WHERE countryid IN']
['SELECT DISTINCT countryid ,  countryname FROM countries WHERE countryid IN ( SELECT country FROM']
['SELECT DISTINCT countryid ,  countryname FROM countries WHERE countryid IN ( SELECT country FROM car_makers WHERE']
['SELECT DISTINCT countryid ,  countryname FROM countries WHERE countryid IN ( SELECT country FROM car_makers WHERE maker =']
["SELECT DISTINCT countryid ,  countryname FROM countries WHERE countryid IN ( SELECT country FROM car_makers WHERE maker = 'fiat' ) OR countryid IN"]
["SELECT DISTINCT countryid ,  countryname FROM countries WHERE countryid IN ( SELECT country FROM car_makers WHERE maker = 'fiat' ) OR countryid IN ( SELECT country FROM"]
["SELECT DISTINCT countryid ,  countryname FROM countries WHERE countryid IN ( SELECT country FROM car_makers WHERE maker = 'fiat' ) OR countryid IN ( SELECT country FROM car_makers GROUP"]
["SELECT DISTINCT countryid ,  countryname FROM countries WHERE countryid IN ( SELECT country FROM car_makers WHERE maker = 'fiat' ) OR countryid IN ( SELECT country FROM car_makers GROUP BY country HAVING"]
["SELECT DISTINCT countryid ,  countryname FROM countries WHERE countryid IN ( SELECT country FROM car_makers WHERE maker = 'fiat' ) OR countryid IN ( SELECT country FROM car_makers GROUP BY country HAVING COUNT(*)"]
["SELECT DISTINCT countryid ,  countryname FROM countries WHERE countryid IN ( SELECT country FROM car_makers WHERE maker = 'fiat' ) OR countryid IN ( SELECT country FROM car_makers GROUP BY country HAVING COUNT(*) > 3 )"]
{'total_tokens': 83}
  -> pred: SELECT DISTINCT countryid ,  countryname FROM countries WHERE countryid IN ( SELECT country FROM car_makers WHERE maker 
[18/100] source_index=191 flight_2: How many flights do we have?
['SELECT count(*)']
['SELECT count(*) FROM flights']
{'total_tokens': 6}
  -> pred: SELECT count(*) FROM flights
[19/100] source_index=209 flight_2: How many flights arriving in Aberdeen city?
['SELECT COUNT(*)']
['SELECT COUNT(*) FROM flights WHERE']
['SELECT COUNT(*) FROM flights WHERE destairport =']
["SELECT COUNT(*) FROM flights WHERE destairport = 'ABERDEEN'"]
{'total_tokens': 16}
  -> pred: SELECT COUNT(*) FROM flights WHERE destairport = 'ABERDEEN'
[20/100] source_index=214 flight_2: Give the number of Jetblue Airways flights.
['SELECT COUNT(*)']
['SELECT COUNT(*) FROM flights WHERE']
['SELECT COUNT(*) FROM flights WHERE airline =']
["SELECT COUNT(*) FROM flights WHERE airline = 'Jetblue Airways'"]
{'total_tokens': 14}
  -> pred: SELECT COUNT(*) FROM flights WHERE airline = 'Jetblue Airways'
[21/100] source_index=228 flight_2: Give the code of the airport with the least flights.
['SELECT airportname FROM']
['SELECT airportname FROM airports ORDER']
['SELECT airportname FROM airports ORDER BY COUNT(*)']
['SELECT airportname FROM airports ORDER BY COUNT(*) ASC LIMIT 1']
{'total_tokens': 14}
  -> pred: SELECT airportname FROM airports ORDER BY COUNT(*) ASC LIMIT 1
[22/100] source_index=231 flight_2: Find the abbreviation and country of the airline that has fewest number of fligh
['SELECT airline,']
['SELECT airline, abbreviation,']
['SELECT airline, abbreviation, country FROM']
['SELECT airline, abbreviation, country FROM airlines GROUP']
['SELECT airline, abbreviation, country FROM airlines GROUP BY airline ORDER']
['SELECT airline, abbreviation, country FROM airlines GROUP BY airline ORDER BY COUNT(*)']
['SELECT airline, abbreviation, country FROM airlines GROUP BY airline ORDER BY COUNT(*) ASC LIMIT 1']
{'total_tokens': 20}
  -> pred: SELECT airline, abbreviation, country FROM airlines GROUP BY airline ORDER BY COUNT(*) ASC LIMIT 1
[23/100] source_index=239 flight_2: Find all airlines that have flights from airport 'CVO' but not from 'APG'.
['SELECT DISTINCT airline FROM']
['SELECT DISTINCT airline FROM flights WHERE']
['SELECT DISTINCT airline FROM flights WHERE sourceairport =']
["SELECT DISTINCT airline FROM flights WHERE sourceairport = 'CVO' AND destairport !="]
["SELECT DISTINCT airline FROM flights WHERE sourceairport = 'CVO' AND destairport != 'APG'"]
{'total_tokens': 22}
  -> pred: SELECT DISTINCT airline FROM flights WHERE sourceairport = 'CVO' AND destairport != 'APG'
[24/100] source_index=242 flight_2: Which airlines have at least 10 flights?
['SELECT airline FROM']
['SELECT airline FROM flights GROUP']
['SELECT airline FROM flights GROUP BY airline HAVING']
['SELECT airline FROM flights GROUP BY airline HAVING COUNT(*)']
['SELECT airline FROM flights GROUP BY airline HAVING COUNT(*) >= 10']
{'total_tokens': 16}
  -> pred: SELECT airline FROM flights GROUP BY airline HAVING COUNT(*) >= 10
[25/100] source_index=245 flight_2: What are flight numbers of Airline "United Airlines"?
['SELECT flightno FROM']
['SELECT flightno FROM flights WHERE']
['SELECT flightno FROM flights WHERE airline =']
["SELECT flightno FROM flights WHERE airline = 'United Airlines'"]
{'total_tokens': 13}
  -> pred: SELECT flightno FROM flights WHERE airline = 'United Airlines'
[26/100] source_index=255 flight_2: Find the number of flights landing in the city of Aberdeen or Abilene.
['SELECT COUNT(*)']
['SELECT COUNT(*) FROM flights WHERE']
['SELECT COUNT(*) FROM flights WHERE destairport IN']
["SELECT COUNT(*) FROM flights WHERE destairport IN ('ABERDEEN', 'ABILENE')"]
{'total_tokens': 21}
  -> pred: SELECT COUNT(*) FROM flights WHERE destairport IN ('ABERDEEN', 'ABILENE')
[27/100] source_index=264 employee_hire_evaluation: Count the number of employees for each city.
['SELECT city,']
['SELECT city, COUNT(*)']
['SELECT city, COUNT(*) FROM employee GROUP']
['SELECT city, COUNT(*) FROM employee GROUP BY city']
{'total_tokens': 11}
  -> pred: SELECT city, COUNT(*) FROM employee GROUP BY city
[28/100] source_index=266 employee_hire_evaluation: Find the cities that have more than one employee under age 30.
['SELECT city FROM']
['SELECT city FROM employee WHERE']
['SELECT city FROM employee WHERE age <']
['SELECT city FROM employee WHERE age < 30 GROUP BY city HAVING']
['SELECT city FROM employee WHERE age < 30 GROUP BY city HAVING COUNT(*)']
['SELECT city FROM employee WHERE age < 30 GROUP BY city HAVING COUNT(*) > 1']
{'total_tokens': 21}
  -> pred: SELECT city FROM employee WHERE age < 30 GROUP BY city HAVING COUNT(*) > 1
[29/100] source_index=269 employee_hire_evaluation: Find the manager name and district of the shop whose number of products is the l
['SELECT shop.manager_name,']
['SELECT shop.manager_name, shop.district FROM']
['SELECT shop.manager_name, shop.district FROM shop WHERE']
['SELECT shop.manager_name, shop.district FROM shop WHERE shop.number_products =']
['SELECT shop.manager_name, shop.district FROM shop WHERE shop.number_products = ( SELECT MAX(number_products)']
['SELECT shop.manager_name, shop.district FROM shop WHERE shop.number_products = ( SELECT MAX(number_products) FROM shop )']
['SELECT shop.manager_name, shop.district FROM shop WHERE shop.number_products = ( SELECT MAX(number_products) FROM shop )']
{'total_tokens': 34}
  -> pred: SELECT shop.manager_name, shop.district FROM shop WHERE shop.number_products = ( SELECT MAX(number_products) FROM shop )
[30/100] source_index=276 employee_hire_evaluation: Which shops' number products is above the average? Give me the shop names.
['SELECT shop.name FROM']
['SELECT shop.name FROM shop WHERE']
['SELECT shop.name FROM shop WHERE number_products >']
['SELECT shop.name FROM shop WHERE number_products > (SELECT AVG(number_products)']
['SELECT shop.name FROM shop WHERE number_products > (SELECT AVG(number_products) FROM shop)']
['SELECT shop.name FROM shop WHERE number_products > (SELECT AVG(number_products) FROM shop)']
{'total_tokens': 19}
  -> pred: SELECT shop.name FROM shop WHERE number_products > (SELECT AVG(number_products) FROM shop)
[31/100] source_index=288 employee_hire_evaluation: For each shop, return the number of employees working there and the name of the 
['SELECT shop.name,']
['SELECT shop.name, COUNT(employee.employee_id)']
['SELECT shop.name, COUNT(employee.employee_id) AS number_of_employees\nFROM hiring\n']
['SELECT shop.name, COUNT(employee.employee_id) AS number_of_employees\nFROM hiring\nJOIN shop ON']
['SELECT shop.name, COUNT(employee.employee_id) AS number_of_employees\nFROM hiring\nJOIN shop ON hiring.shop_id =']
['SELECT shop.name, COUNT(employee.employee_id) AS number_of_employees\nFROM hiring\nJOIN shop ON hiring.shop_id = shop.shop_id\n']
['SELECT shop.name, COUNT(employee.employee_id) AS number_of_employees\nFROM hiring\nJOIN shop ON hiring.shop_id = shop.shop_id\nGROUP BY shop.name']
{'total_tokens': 34}
  -> pred: SELECT shop.name, COUNT(employee.employee_id) AS number_of_employees FROM hiring JOIN shop ON hiring.shop_id = shop.shop
[32/100] source_index=301 cre_Doc_Template_Mgt: What is the document name and template id for document with description with the
['SELECT documents.document_name,']
['SELECT documents.document_name, documents.template_id FROM']
['SELECT documents.document_name, documents.template_id FROM documents WHERE']
['SELECT documents.document_name, documents.template_id FROM documents WHERE documents.document_description LIKE']
["SELECT documents.document_name, documents.template_id FROM documents WHERE documents.document_description LIKE '%w%'"]
{'total_tokens': 24}
  -> pred: SELECT documents.document_name, documents.template_id FROM documents WHERE documents.document_description LIKE '%w%'
[33/100] source_index=302 cre_Doc_Template_Mgt: Return the names and template ids for documents that contain the letter w in the
['SELECT documents.document_name,']
['SELECT documents.document_name, documents.template_id FROM']
['SELECT documents.document_name, documents.template_id FROM documents WHERE']
['SELECT documents.document_name, documents.template_id FROM documents WHERE documents.document_description LIKE']
["SELECT documents.document_name, documents.template_id FROM documents WHERE documents.document_description LIKE '%w%'"]
{'total_tokens': 19}
  -> pred: SELECT documents.document_name, documents.template_id FROM documents WHERE documents.document_description LIKE '%w%'
[34/100] source_index=306 cre_Doc_Template_Mgt: Count the number of different templates used for documents.
['SELECT COUNT(DISTINCT template_type_code)']
['SELECT COUNT(DISTINCT template_type_code) FROM templates']
{'total_tokens': 12}
  -> pred: SELECT COUNT(DISTINCT template_type_code) FROM templates
[35/100] source_index=315 cre_Doc_Template_Mgt: Show ids for all templates not used by any document.
['SELECT template_id FROM']
['SELECT template_id FROM templates WHERE']
['SELECT template_id FROM templates WHERE template_id NOT']
['SELECT template_id FROM templates WHERE template_id NOT IN (SELECT template_id FROM']
['SELECT template_id FROM templates WHERE template_id NOT IN (SELECT template_id FROM documents)']
['SELECT template_id FROM templates WHERE template_id NOT IN (SELECT template_id FROM documents)']
{'total_tokens': 18}
  -> pred: SELECT template_id FROM templates WHERE template_id NOT IN (SELECT template_id FROM documents)
[36/100] source_index=316 cre_Doc_Template_Mgt: What are the ids for templates that are not used in any documents?
['SELECT template_id FROM']
['SELECT template_id FROM templates WHERE']
['SELECT template_id FROM templates WHERE template_id NOT']
['SELECT template_id FROM templates WHERE template_id NOT IN (SELECT template_id FROM']
['SELECT template_id FROM templates WHERE template_id NOT IN (SELECT template_id FROM documents)']
['SELECT template_id FROM templates WHERE template_id NOT IN (SELECT template_id FROM documents)']
{'total_tokens': 18}
  -> pred: SELECT template_id FROM templates WHERE template_id NOT IN (SELECT template_id FROM documents)
[37/100] source_index=327 cre_Doc_Template_Mgt: What is the version number and template type code for the template with version 
['SELECT version_number ,']
['SELECT version_number ,  template_type_code FROM']
['SELECT version_number ,  template_type_code FROM templates WHERE']
['SELECT version_number ,  template_type_code FROM templates WHERE version_number >']
['SELECT version_number ,  template_type_code FROM templates WHERE version_number > 5']
{'total_tokens': 17}
  -> pred: SELECT version_number ,  template_type_code FROM templates WHERE version_number > 5
[38/100] source_index=346 cre_Doc_Template_Mgt: What are the codes of template types that are not used for any document?
['SELECT template_type_code FROM']
['SELECT template_type_code FROM templates WHERE']
['SELECT template_type_code FROM templates WHERE template_type_code NOT']
['SELECT template_type_code FROM templates WHERE template_type_code NOT IN (SELECT template_type_code FROM']
['SELECT template_type_code FROM templates WHERE template_type_code NOT IN (SELECT template_type_code FROM documents)']
['SELECT template_type_code FROM templates WHERE template_type_code NOT IN (SELECT template_type_code FROM documents)']
{'total_tokens': 21}
  -> pred: SELECT template_type_code FROM templates WHERE template_type_code NOT IN (SELECT template_type_code FROM documents)
[39/100] source_index=355 cre_Doc_Template_Mgt: What are the template ids with template type description "Presentation".
['SELECT DISTINCT template_id FROM']
['SELECT DISTINCT template_id FROM templates WHERE']
['SELECT DISTINCT template_id FROM templates WHERE template_type_code =']
['SELECT DISTINCT template_id FROM templates WHERE template_type_code = ( SELECT template_type_code FROM']
['SELECT DISTINCT template_id FROM templates WHERE template_type_code = ( SELECT template_type_code FROM ref_template_types WHERE']
['SELECT DISTINCT template_id FROM templates WHERE template_type_code = ( SELECT template_type_code FROM ref_template_types WHERE template_type_description =']
["SELECT DISTINCT template_id FROM templates WHERE template_type_code = ( SELECT template_type_code FROM ref_template_types WHERE template_type_description = 'Presentation' )"]
{'total_tokens': 35}
  -> pred: SELECT DISTINCT template_id FROM templates WHERE template_type_code = ( SELECT template_type_code FROM ref_template_type
[40/100] source_index=358 cre_Doc_Template_Mgt: Count the number of paragraphs.
['SELECT COUNT(*)']
['SELECT COUNT(*) FROM paragraphs']
{'total_tokens': 6}
  -> pred: SELECT COUNT(*) FROM paragraphs
[41/100] source_index=379 cre_Doc_Template_Mgt: Show the document id with paragraph text 'Brazil' and 'Ireland'.
['SELECT documents.document_id FROM']
['SELECT documents.document_id FROM documents INNER']
['SELECT documents.document_id FROM documents INNER JOIN paragraphs ON']
['SELECT documents.document_id FROM documents INNER JOIN paragraphs ON documents.document_id =']
['SELECT documents.document_id FROM documents INNER JOIN paragraphs ON documents.document_id = paragraphs.document_id WHERE']
['SELECT documents.document_id FROM documents INNER JOIN paragraphs ON documents.document_id = paragraphs.document_id WHERE paragraphs.paragraph_text =']
["SELECT documents.document_id FROM documents INNER JOIN paragraphs ON documents.document_id = paragraphs.document_id WHERE paragraphs.paragraph_text = 'Brazil' AND paragraphs.paragraph_text ="]
["SELECT documents.document_id FROM documents INNER JOIN paragraphs ON documents.document_id = paragraphs.document_id WHERE paragraphs.paragraph_text = 'Brazil' AND paragraphs.paragraph_text = 'Ireland'"]
{'total_tokens': 37}
  -> pred: SELECT documents.document_id FROM documents INNER JOIN paragraphs ON documents.document_id = paragraphs.document_id WHER
[42/100] source_index=394 course_teach: For each hometown, how many teachers are there?
['SELECT hometown ,']
['SELECT hometown ,  COUNT(*)']
['SELECT hometown ,  COUNT(*) FROM teacher GROUP']
['SELECT hometown ,  COUNT(*) FROM teacher GROUP BY hometown']
{'total_tokens': 12}
  -> pred: SELECT hometown ,  COUNT(*) FROM teacher GROUP BY hometown
[43/100] source_index=403 course_teach: Show the name of the teacher for the math course.
['SELECT teacher.name FROM']
['SELECT teacher.name FROM teacher JOIN']
['SELECT teacher.name FROM teacher JOIN course_arrange ON']
['SELECT teacher.name FROM teacher JOIN course_arrange ON teacher.teacher_id =']
['SELECT teacher.name FROM teacher JOIN course_arrange ON teacher.teacher_id = course_arrange.teacher_id JOIN']
['SELECT teacher.name FROM teacher JOIN course_arrange ON teacher.teacher_id = course_arrange.teacher_id JOIN course ON']
['SELECT teacher.name FROM teacher JOIN course_arrange ON teacher.teacher_id = course_arrange.teacher_id JOIN course ON course.course_id =']
['SELECT teacher.name FROM teacher JOIN course_arrange ON teacher.teacher_id = course_arrange.teacher_id JOIN course ON course.course_id = course_arrange.course_id WHERE']
['SELECT teacher.name FROM teacher JOIN course_arrange ON teacher.teacher_id = course_arrange.teacher_id JOIN course ON course.course_id = course_arrange.course_id WHERE course.course =']
["SELECT teacher.name FROM teacher JOIN course_arrange ON teacher.teacher_id = course_arrange.teacher_id JOIN course ON course.course_id = course_arrange.course_id WHERE course.course = 'math'"]
{'total_tokens': 43}
  -> pred: SELECT teacher.name FROM teacher JOIN course_arrange ON teacher.teacher_id = course_arrange.teacher_id JOIN course ON co
[44/100] source_index=406 course_teach: What are the names of the teachers and how many courses do they teach?
['SELECT teacher.name,']
['SELECT teacher.name, COUNT(course.course_id)']
['SELECT teacher.name, COUNT(course.course_id) FROM teacher JOIN']
['SELECT teacher.name, COUNT(course.course_id) FROM teacher JOIN course_arrange ON']
['SELECT teacher.name, COUNT(course.course_id) FROM teacher JOIN course_arrange ON teacher.teacher_id =']
['SELECT teacher.name, COUNT(course.course_id) FROM teacher JOIN course_arrange ON teacher.teacher_id = course_arrange.teacher_id JOIN']
['SELECT teacher.name, COUNT(course.course_id) FROM teacher JOIN course_arrange ON teacher.teacher_id = course_arrange.teacher_id JOIN course ON']
['SELECT teacher.name, COUNT(course.course_id) FROM teacher JOIN course_arrange ON teacher.teacher_id = course_arrange.teacher_id JOIN course ON course_arrange.course_id =']
['SELECT teacher.name, COUNT(course.course_id) FROM teacher JOIN course_arrange ON teacher.teacher_id = course_arrange.teacher_id JOIN course ON course_arrange.course_id = course.course_id GROUP']
['SELECT teacher.name, COUNT(course.course_id) FROM teacher JOIN course_arrange ON teacher.teacher_id = course_arrange.teacher_id JOIN course ON course_arrange.course_id = course.course_id GROUP BY teacher.name']
{'total_tokens': 46}
  -> pred: SELECT teacher.name, COUNT(course.course_id) FROM teacher JOIN course_arrange ON teacher.teacher_id = course_arrange.tea
[45/100] source_index=408 course_teach: What are the names of the teachers who teach at least two courses?
['SELECT DISTINCT teacher.name FROM']
['SELECT DISTINCT teacher.name FROM teacher JOIN']
['SELECT DISTINCT teacher.name FROM teacher JOIN course_arrange ON']
['SELECT DISTINCT teacher.name FROM teacher JOIN course_arrange ON teacher.teacher_id =']
['SELECT DISTINCT teacher.name FROM teacher JOIN course_arrange ON teacher.teacher_id = course_arrange.teacher_id JOIN']
['SELECT DISTINCT teacher.name FROM teacher JOIN course_arrange ON teacher.teacher_id = course_arrange.teacher_id JOIN course ON']
['SELECT DISTINCT teacher.name FROM teacher JOIN course_arrange ON teacher.teacher_id = course_arrange.teacher_id JOIN course ON course_arrange.course_id =']
['SELECT DISTINCT teacher.name FROM teacher JOIN course_arrange ON teacher.teacher_id = course_arrange.teacher_id JOIN course ON course_arrange.course_id = course.course_id GROUP']
['SELECT DISTINCT teacher.name FROM teacher JOIN course_arrange ON teacher.teacher_id = course_arrange.teacher_id JOIN course ON course_arrange.course_id = course.course_id GROUP BY teacher.teacher_id H']
['SELECT DISTINCT teacher.name FROM teacher JOIN course_arrange ON teacher.teacher_id = course_arrange.teacher_id JOIN course ON course_arrange.course_id = course.course_id GROUP BY teacher.teacher_id HAVING COUNT(course.course_id)']
['SELECT DISTINCT teacher.name FROM teacher JOIN course_arrange ON teacher.teacher_id = course_arrange.teacher_id JOIN course ON course_arrange.course_id = course.course_id GROUP BY teacher.teacher_id HAVING COUNT(course.course_id) >= 2']
{'total_tokens': 59}
  -> pred: SELECT DISTINCT teacher.name FROM teacher JOIN course_arrange ON teacher.teacher_id = course_arrange.teacher_id JOIN cou
[46/100] source_index=412 museum_visit: Find the names of the visitors whose membership level is higher than 4, and orde
['SELECT visitor.name FROM']
['SELECT visitor.name FROM visitor WHERE']
['SELECT visitor.name FROM visitor WHERE visitor.level_of_membership >']
['SELECT visitor.name FROM visitor WHERE visitor.level_of_membership > 4 ORDER BY visitor.level_of_membership DESC']
['SELECT visitor.name FROM visitor WHERE visitor.level_of_membership > 4 ORDER BY visitor.level_of_membership DESC']
{'total_tokens': 21}
  -> pred: SELECT visitor.name FROM visitor WHERE visitor.level_of_membership > 4 ORDER BY visitor.level_of_membership DESC
[47/100] source_index=421 museum_visit: What are the id and name of the museum visited most times?
['SELECT museum.museum_id,']
['SELECT museum.museum_id, museum.name FROM']
['SELECT museum.museum_id, museum.name FROM museum JOIN']
['SELECT museum.museum_id, museum.name FROM museum JOIN visit ON']
['SELECT museum.museum_id, museum.name FROM museum JOIN visit ON museum.museum_id =']
['SELECT museum.museum_id, museum.name FROM museum JOIN visit ON museum.museum_id = visit.museum_id GROUP']
['SELECT museum.museum_id, museum.name FROM museum JOIN visit ON museum.museum_id = visit.museum_id GROUP BY museum.museum_id,']
['SELECT museum.museum_id, museum.name FROM museum JOIN visit ON museum.museum_id = visit.museum_id GROUP BY museum.museum_id, museum.name ORDER']
['SELECT museum.museum_id, museum.name FROM museum JOIN visit ON museum.museum_id = visit.museum_id GROUP BY museum.museum_id, museum.name ORDER BY COUNT(*)']
['SELECT museum.museum_id, museum.name FROM museum JOIN visit ON museum.museum_id = visit.museum_id GROUP BY museum.museum_id, museum.name ORDER BY COUNT(*) DESC LIMIT 1']
{'total_tokens': 40}
  -> pred: SELECT museum.museum_id, museum.name FROM museum JOIN visit ON museum.museum_id = visit.museum_id GROUP BY museum.museum
[48/100] source_index=425 museum_visit: What is the total ticket expense of the visitors whose membership level is 1?
['SELECT SUM(total_spent)']
['SELECT SUM(total_spent) FROM visit WHERE']
['SELECT SUM(total_spent) FROM visit WHERE visitor_id IN']
['SELECT SUM(total_spent) FROM visit WHERE visitor_id IN (SELECT id FROM']
['SELECT SUM(total_spent) FROM visit WHERE visitor_id IN (SELECT id FROM visitor WHERE']
['SELECT SUM(total_spent) FROM visit WHERE visitor_id IN (SELECT id FROM visitor WHERE level_of_membership =']
['SELECT SUM(total_spent) FROM visit WHERE visitor_id IN (SELECT id FROM visitor WHERE level_of_membership = 1)']
{'total_tokens': 26}
  -> pred: SELECT SUM(total_spent) FROM visit WHERE visitor_id IN (SELECT id FROM visitor WHERE level_of_membership = 1)
[49/100] source_index=437 wta_1: Find the average rank of winners in all matches.
['SELECT AVG(ranking_points)']
['SELECT AVG(ranking_points) FROM rankings']
{'total_tokens': 9}
  -> pred: SELECT AVG(ranking_points) FROM rankings
[50/100] source_index=448 wta_1: What are the names of players who won in both 2013 and 2016?
['SELECT DISTINCT players.first_name,']
['SELECT DISTINCT players.first_name, players.last_name FROM']
['SELECT DISTINCT players.first_name, players.last_name FROM players INNER']
['SELECT DISTINCT players.first_name, players.last_name FROM players INNER JOIN matches ON']
['SELECT DISTINCT players.first_name, players.last_name FROM players INNER JOIN matches ON players.player_id =']
['SELECT DISTINCT players.first_name, players.last_name FROM players INNER JOIN matches ON players.player_id = matches.winner_id WHERE']
['SELECT DISTINCT players.first_name, players.last_name FROM players INNER JOIN matches ON players.player_id = matches.winner_id WHERE matches.tourney_date =']
["SELECT DISTINCT players.first_name, players.last_name FROM players INNER JOIN matches ON players.player_id = matches.winner_id WHERE matches.tourney_date = '2013' INTERSECT SELECT DISTINCT players.first_name,"]
["SELECT DISTINCT players.first_name, players.last_name FROM players INNER JOIN matches ON players.player_id = matches.winner_id WHERE matches.tourney_date = '2013' INTERSECT SELECT DISTINCT players.first_name, players.last_name FROM"]
["SELECT DISTINCT players.first_name, players.last_name FROM players INNER JOIN matches ON players.player_id = matches.winner_id WHERE matches.tourney_date = '2013' INTERSECT SELECT DISTINCT players.first_name, players.last_name FROM players INNER"]
["SELECT DISTINCT players.first_name, players.last_name FROM players INNER JOIN matches ON players.player_id = matches.winner_id WHERE matches.tourney_date = '2013' INTERSECT SELECT DISTINCT players.first_name, players.last_name FROM players INNER JOIN matches ON"]
["SELECT DISTINCT players.first_name, players.last_name FROM players INNER JOIN matches ON players.player_id = matches.winner_id WHERE matches.tourney_date = '2013' INTERSECT SELECT DISTINCT players.first_name, players.last_name FROM players INNER JOIN matches ON players.player_id ="]
["SELECT DISTINCT players.first_name, players.last_name FROM players INNER JOIN matches ON players.player_id = matches.winner_id WHERE matches.tourney_date = '2013' INTERSECT SELECT DISTINCT players.first_name, players.last_name FROM players INNER JOIN matches ON players.player_id = matches.winner_id WHERE"]
["SELECT DISTINCT players.first_name, players.last_name FROM players INNER JOIN matches ON players.player_id = matches.winner_id WHERE matches.tourney_date = '2013' INTERSECT SELECT DISTINCT players.first_name, players.last_name FROM players INNER JOIN matches ON players.player_id = matches.winner_id WHERE matches.tourney_date ="]
["SELECT DISTINCT players.first_name, players.last_name FROM players INNER JOIN matches ON players.player_id = matches.winner_id WHERE matches.tourney_date = '2013' INTERSECT SELECT DISTINCT players.first_name, players.last_name FROM players INNER JOIN matches ON players.player_id = matches.winner_id WHERE matches.tourney_date = '2016'"]
{'total_tokens': 83}
  -> pred: SELECT DISTINCT players.first_name, players.last_name FROM players INNER JOIN matches ON players.player_id = matches.win
[51/100] source_index=482 wta_1: How many matches were played in each year?
['SELECT YEAR(tourney_date) AS year, COUNT(*) AS match_count\nFROM matches\nGROUP BY YEAR(tourney_date)']
{'total_tokens': 26}
  -> pred: SELECT YEAR(tourney_date) AS year, COUNT(*) AS match_count FROM matches GROUP BY YEAR(tourney_date)
[52/100] source_index=491 battle_death: How many ships ended up being 'Captured'?
['SELECT COUNT(*)']
['SELECT COUNT(*) FROM death WHERE']
['SELECT COUNT(*) FROM death WHERE caused_by_ship_id IN']
['SELECT COUNT(*) FROM death WHERE caused_by_ship_id IN (SELECT id FROM']
['SELECT COUNT(*) FROM death WHERE caused_by_ship_id IN (SELECT id FROM ship WHERE']
['SELECT COUNT(*) FROM death WHERE caused_by_ship_id IN (SELECT id FROM ship WHERE disposition_of_ship =']
["SELECT COUNT(*) FROM death WHERE caused_by_ship_id IN (SELECT id FROM ship WHERE disposition_of_ship = 'Captured')"]
{'total_tokens': 26}
  -> pred: SELECT COUNT(*) FROM death WHERE caused_by_ship_id IN (SELECT id FROM ship WHERE disposition_of_ship = 'Captured')
[53/100] source_index=493 battle_death: List the name, date and result of each battle.
['SELECT battle.name,']
['SELECT battle.name, battle.date,']
['SELECT battle.name, battle.date, battle.result FROM']
['SELECT battle.name, battle.date, battle.result FROM battle']
{'total_tokens': 19}
  -> pred: SELECT battle.name, battle.date, battle.result FROM battle
[54/100] source_index=499 battle_death: What are the ids and names of the battles that led to more than 10 people killed
['SELECT battle.id,']
['SELECT battle.id, battle.name FROM']
['SELECT battle.id, battle.name FROM battle JOIN']
['SELECT battle.id, battle.name FROM battle JOIN death ON']
['SELECT battle.id, battle.name FROM battle JOIN death ON battle.id =']
['SELECT battle.id, battle.name FROM battle JOIN death ON battle.id = death.caused_by_ship_id GROUP']
['SELECT battle.id, battle.name FROM battle JOIN death ON battle.id = death.caused_by_ship_id GROUP BY battle.id,']
['SELECT battle.id, battle.name FROM battle JOIN death ON battle.id = death.caused_by_ship_id GROUP BY battle.id, battle.name H']
['SELECT battle.id, battle.name FROM battle JOIN death ON battle.id = death.caused_by_ship_id GROUP BY battle.id, battle.name HAVING SUM(death.killed)']
['SELECT battle.id, battle.name FROM battle JOIN death ON battle.id = death.caused_by_ship_id GROUP BY battle.id, battle.name HAVING SUM(death.killed) > 10']
{'total_tokens': 40}
  -> pred: SELECT battle.id, battle.name FROM battle JOIN death ON battle.id = death.caused_by_ship_id GROUP BY battle.id, battle.n
[55/100] source_index=523 student_transcripts_tracking: What are the names and descriptions of all the sections?
['SELECT section_name,']
['SELECT section_name, section_description FROM']
['SELECT section_name, section_description FROM sections']
{'total_tokens': 9}
  -> pred: SELECT section_name, section_description FROM sections
[56/100] source_index=526 student_transcripts_tracking: What are the names and ids of every course with less than 2 sections?
['SELECT courses.course_name,']
['SELECT courses.course_name, courses.course_id FROM']
['SELECT courses.course_name, courses.course_id FROM courses WHERE']
['SELECT courses.course_name, courses.course_id FROM courses WHERE course_id NOT']
['SELECT courses.course_name, courses.course_id FROM courses WHERE course_id NOT IN (SELECT course_id FROM']
['SELECT courses.course_name, courses.course_id FROM courses WHERE course_id NOT IN (SELECT course_id FROM sections GROUP']
['SELECT courses.course_name, courses.course_id FROM courses WHERE course_id NOT IN (SELECT course_id FROM sections GROUP BY course_id HAVING']
['SELECT courses.course_name, courses.course_id FROM courses WHERE course_id NOT IN (SELECT course_id FROM sections GROUP BY course_id HAVING COUNT(course_id)']
['SELECT courses.course_name, courses.course_id FROM courses WHERE course_id NOT IN (SELECT course_id FROM sections GROUP BY course_id HAVING COUNT(course_id) < 2)']
{'total_tokens': 36}
  -> pred: SELECT courses.course_name, courses.course_id FROM courses WHERE course_id NOT IN (SELECT course_id FROM sections GROUP 
[57/100] source_index=538 student_transcripts_tracking: What is the degree summary name that has the most number of students enrolled?
['SELECT degree_summary_name FROM']
['SELECT degree_summary_name FROM degree_programs WHERE']
['SELECT degree_summary_name FROM degree_programs WHERE degree_program_id =']
['SELECT degree_summary_name FROM degree_programs WHERE degree_program_id = ( SELECT degree_program_id FROM']
['SELECT degree_summary_name FROM degree_programs WHERE degree_program_id = ( SELECT degree_program_id FROM student_enrolment GROUP']
['SELECT degree_summary_name FROM degree_programs WHERE degree_program_id = ( SELECT degree_program_id FROM student_enrolment GROUP BY degree_program_id ORDER']
['SELECT degree_summary_name FROM degree_programs WHERE degree_program_id = ( SELECT degree_program_id FROM student_enrolment GROUP BY degree_program_id ORDER BY COUNT(*)']
['SELECT degree_summary_name FROM degree_programs WHERE degree_program_id = ( SELECT degree_program_id FROM student_enrolment GROUP BY degree_program_id ORDER BY COUNT(*) DESC LIMIT 1 )']
{'total_tokens': 49}
  -> pred: SELECT degree_summary_name FROM degree_programs WHERE degree_program_id = ( SELECT degree_program_id FROM student_enrolm
[58/100] source_index=542 student_transcripts_tracking: What is the first, middle, and last name, along with the id and number of enroll
['SELECT students.first_name,']
['SELECT students.first_name, students.middle_name,']
['SELECT students.first_name, students.middle_name, students.last_name,']
['SELECT students.first_name, students.middle_name, students.last_name, students.student_id,']
['SELECT students.first_name, students.middle_name, students.last_name, students.student_id, COUNT(*)']
['SELECT students.first_name, students.middle_name, students.last_name, students.student_id, COUNT(*) AS num_enrollments\nFROM students\n']
['SELECT students.first_name, students.middle_name, students.last_name, students.student_id, COUNT(*) AS num_enrollments\nFROM students\nJOIN student_enrolment ON']
['SELECT students.first_name, students.middle_name, students.last_name, students.student_id, COUNT(*) AS num_enrollments\nFROM students\nJOIN student_enrolment ON students.student_id =']
['SELECT students.first_name, students.middle_name, students.last_name, students.student_id, COUNT(*) AS num_enrollments\nFROM students\nJOIN student_enrolment ON students.student_id = student_enrolment.student_id\n']
['SELECT students.first_name, students.middle_name, students.last_name, students.student_id, COUNT(*) AS num_enrollments\nFROM students\nJOIN student_enrolment ON students.student_id = student_enrolment.student_id\nGROUP BY students.student_id\n']
['SELECT students.first_name, students.middle_name, students.last_name, students.student_id, COUNT(*) AS num_enrollments\nFROM students\nJOIN student_enrolment ON students.student_id = student_enrolment.student_id\nGROUP BY students.student_id\nORDER BY COUNT(*)']
['SELECT students.first_name, students.middle_name, students.last_name, students.student_id, COUNT(*) AS num_enrollments\nFROM students\nJOIN student_enrolment ON students.student_id = student_enrolment.student_id\nGROUP BY students.student_id\nORDER BY COUNT(*) DESC\nLIMIT 1']
{'total_tokens': 71}
  -> pred: SELECT students.first_name, students.middle_name, students.last_name, students.student_id, COUNT(*) AS num_enrollments F
[59/100] source_index=556 student_transcripts_tracking: What is the first, middle, and last name of the first student to register?
['SELECT first_name,']
['SELECT first_name, middle_name,']
['SELECT first_name, middle_name, last_name FROM']
['SELECT first_name, middle_name, last_name FROM students WHERE']
['SELECT first_name, middle_name, last_name FROM students WHERE date_first_registered =']
['SELECT first_name, middle_name, last_name FROM students WHERE date_first_registered = ( SELECT MIN(date_first_registered)']
['SELECT first_name, middle_name, last_name FROM students WHERE date_first_registered = ( SELECT MIN(date_first_registered) FROM students )']
['SELECT first_name, middle_name, last_name FROM students WHERE date_first_registered = ( SELECT MIN(date_first_registered) FROM students )']
{'total_tokens': 27}
  -> pred: SELECT first_name, middle_name, last_name FROM students WHERE date_first_registered = ( SELECT MIN(date_first_registered
[60/100] source_index=562 student_transcripts_tracking: What is the id, line 1, and line 2 of the address with the most students?
['SELECT address_id,']
['SELECT address_id, line_1,']
['SELECT address_id, line_1, line_2 FROM']
['SELECT address_id, line_1, line_2 FROM addresses WHERE']
['SELECT address_id, line_1, line_2 FROM addresses WHERE address_id =']
['SELECT address_id, line_1, line_2 FROM addresses WHERE address_id = ( SELECT permanent_address_id FROM']
['SELECT address_id, line_1, line_2 FROM addresses WHERE address_id = ( SELECT permanent_address_id FROM students GROUP']
['SELECT address_id, line_1, line_2 FROM addresses WHERE address_id = ( SELECT permanent_address_id FROM students GROUP BY permanent_address_id ORDER']
['SELECT address_id, line_1, line_2 FROM addresses WHERE address_id = ( SELECT permanent_address_id FROM students GROUP BY permanent_address_id ORDER BY COUNT(*)']
['SELECT address_id, line_1, line_2 FROM addresses WHERE address_id = ( SELECT permanent_address_id FROM students GROUP BY permanent_address_id ORDER BY COUNT(*) DESC LIMIT 1 )']
{'total_tokens': 39}
  -> pred: SELECT address_id, line_1, line_2 FROM addresses WHERE address_id = ( SELECT permanent_address_id FROM students GROUP BY
[61/100] source_index=565 student_transcripts_tracking: When is the first transcript released? List the date and details.
['SELECT transcript_date,']
['SELECT transcript_date, other_details FROM']
['SELECT transcript_date, other_details FROM transcripts ORDER']
['SELECT transcript_date, other_details FROM transcripts ORDER BY transcript_date ASC']
['SELECT transcript_date, other_details FROM transcripts ORDER BY transcript_date ASC LIMIT 1']
{'total_tokens': 23}
  -> pred: SELECT transcript_date, other_details FROM transcripts ORDER BY transcript_date ASC LIMIT 1
[62/100] source_index=579 student_transcripts_tracking: List all the student details in reversed lexicographical order.
['SELECT * FROM']
['SELECT * FROM students ORDER']
['SELECT * FROM students ORDER BY last_name DESC']
['SELECT * FROM students ORDER BY last_name DESC, first_name DESC']
['SELECT * FROM students ORDER BY last_name DESC, first_name DESC']
{'total_tokens': 14}
  -> pred: SELECT * FROM students ORDER BY last_name DESC, first_name DESC
[63/100] source_index=638 tvshow: What is the series name and country of all TV channels that are playing cartoons
['SELECT DISTINCT tv_channel.series_name,']
['SELECT DISTINCT tv_channel.series_name, tv_channel.country FROM']
['SELECT DISTINCT tv_channel.series_name, tv_channel.country FROM tv_channel JOIN']
['SELECT DISTINCT tv_channel.series_name, tv_channel.country FROM tv_channel JOIN cartoon ON']
['SELECT DISTINCT tv_channel.series_name, tv_channel.country FROM tv_channel JOIN cartoon ON tv_channel.id =']
['SELECT DISTINCT tv_channel.series_name, tv_channel.country FROM tv_channel JOIN cartoon ON tv_channel.id = cartoon.channel WHERE']
['SELECT DISTINCT tv_channel.series_name, tv_channel.country FROM tv_channel JOIN cartoon ON tv_channel.id = cartoon.channel WHERE cartoon.directed_by =']
["SELECT DISTINCT tv_channel.series_name, tv_channel.country FROM tv_channel JOIN cartoon ON tv_channel.id = cartoon.channel WHERE cartoon.directed_by = 'Ben Jones' OR cartoon.directed_by ="]
["SELECT DISTINCT tv_channel.series_name, tv_channel.country FROM tv_channel JOIN cartoon ON tv_channel.id = cartoon.channel WHERE cartoon.directed_by = 'Ben Jones' OR cartoon.directed_by = 'Michael Chang'"]
{'total_tokens': 58}
  -> pred: SELECT DISTINCT tv_channel.series_name, tv_channel.country FROM tv_channel JOIN cartoon ON tv_channel.id = cartoon.chann
[64/100] source_index=655 poker_player: What is the money rank of the poker player with the highest earnings?
['SELECT money_rank FROM']
['SELECT money_rank FROM poker_player ORDER']
['SELECT money_rank FROM poker_player ORDER BY earnings DESC']
['SELECT money_rank FROM poker_player ORDER BY earnings DESC LIMIT 1']
{'total_tokens': 14}
  -> pred: SELECT money_rank FROM poker_player ORDER BY earnings DESC LIMIT 1
[65/100] source_index=666 poker_player: Return the birth date of the poker player with the lowest earnings.
['SELECT birth_date FROM']
['SELECT birth_date FROM poker_player WHERE']
['SELECT birth_date FROM poker_player WHERE earnings =']
['SELECT birth_date FROM poker_player WHERE earnings = ( SELECT MIN(earnings)']
['SELECT birth_date FROM poker_player WHERE earnings = ( SELECT MIN(earnings) FROM poker_player )']
['SELECT birth_date FROM poker_player WHERE earnings = ( SELECT MIN(earnings) FROM poker_player )']
{'total_tokens': 26}
  -> pred: SELECT birth_date FROM poker_player WHERE earnings = ( SELECT MIN(earnings) FROM poker_player )
[66/100] source_index=677 poker_player: What are the nationalities that are shared by at least two people?
['SELECT nationality FROM']
['SELECT nationality FROM people GROUP']
['SELECT nationality FROM people GROUP BY nationality HAVING']
['SELECT nationality FROM people GROUP BY nationality HAVING COUNT(*)']
['SELECT nationality FROM people GROUP BY nationality HAVING COUNT(*) >= 2']
{'total_tokens': 15}
  -> pred: SELECT nationality FROM people GROUP BY nationality HAVING COUNT(*) >= 2
[67/100] source_index=681 poker_player: Show names of people whose nationality is not "Russia".
['SELECT name FROM']
['SELECT name FROM people WHERE']
['SELECT name FROM people WHERE nationality !=']
['SELECT name FROM people WHERE nationality != "Russia"']
{'total_tokens': 15}
  -> pred: SELECT name FROM people WHERE nationality != "Russia"
[68/100] source_index=696 voter_1: What are the number of votes from state 'NY' or 'CA'?
['SELECT COUNT(*)']
['SELECT COUNT(*) FROM votes WHERE']
['SELECT COUNT(*) FROM votes WHERE state IN']
["SELECT COUNT(*) FROM votes WHERE state IN ('NY', 'CA')"]
{'total_tokens': 15}
  -> pred: SELECT COUNT(*) FROM votes WHERE state IN ('NY', 'CA')
[69/100] source_index=698 voter_1: What is the area code in which the most voters voted?
['SELECT area_code FROM']
['SELECT area_code FROM votes GROUP']
['SELECT area_code FROM votes GROUP BY area_code ORDER']
['SELECT area_code FROM votes GROUP BY area_code ORDER BY COUNT(*)']
['SELECT area_code FROM votes GROUP BY area_code ORDER BY COUNT(*) DESC LIMIT 1']
{'total_tokens': 18}
  -> pred: SELECT area_code FROM votes GROUP BY area_code ORDER BY COUNT(*) DESC LIMIT 1
[70/100] source_index=715 world_1: Give me Brazil's population and life expectancies.
['SELECT country.population,']
['SELECT country.population, country.lifeexpectancy FROM']
['SELECT country.population, country.lifeexpectancy FROM country WHERE']
['SELECT country.population, country.lifeexpectancy FROM country WHERE country.name =']
["SELECT country.population, country.lifeexpectancy FROM country WHERE country.name = 'Brazil'"]
{'total_tokens': 22}
  -> pred: SELECT country.population, country.lifeexpectancy FROM country WHERE country.name = 'Brazil'
[71/100] source_index=731 world_1: Give the mean GNP and total population of nations which are considered US territ
['SELECT AVG(gnp)']
['SELECT AVG(gnp) AS mean_gnp, SUM(population)']
['SELECT AVG(gnp) AS mean_gnp, SUM(population) AS total_population FROM country WHERE']
['SELECT AVG(gnp) AS mean_gnp, SUM(population) AS total_population FROM country WHERE code2 =']
["SELECT AVG(gnp) AS mean_gnp, SUM(population) AS total_population FROM country WHERE code2 = 'US'"]
{'total_tokens': 27}
  -> pred: SELECT AVG(gnp) AS mean_gnp, SUM(population) AS total_population FROM country WHERE code2 = 'US'
[72/100] source_index=763 world_1: What are the name, population, and life expectancy of the largest Asian country 
['SELECT country.name,']
['SELECT country.name, country.population,']
['SELECT country.name, country.population, country.lifeexpectancy FROM']
['SELECT country.name, country.population, country.lifeexpectancy FROM country WHERE']
['SELECT country.name, country.population, country.lifeexpectancy FROM country WHERE continent =']
["SELECT country.name, country.population, country.lifeexpectancy FROM country WHERE continent = 'Asia' ORDER BY country.surfacearea DESC"]
["SELECT country.name, country.population, country.lifeexpectancy FROM country WHERE continent = 'Asia' ORDER BY country.surfacearea DESC LIMIT 1"]
{'total_tokens': 33}
  -> pred: SELECT country.name, country.population, country.lifeexpectancy FROM country WHERE continent = 'Asia' ORDER BY country.s
[73/100] source_index=780 world_1: What are the country codes of countries where people use languages other than En
['SELECT countrycode FROM']
['SELECT countrycode FROM countrylanguage WHERE']
['SELECT countrycode FROM countrylanguage WHERE language !=']
["SELECT countrycode FROM countrylanguage WHERE language != 'English'"]
{'total_tokens': 17}
  -> pred: SELECT countrycode FROM countrylanguage WHERE language != 'English'
[74/100] source_index=807 world_1: Count the number of countries in Asia.
['SELECT COUNT(DISTINCT countrycode)']
['SELECT COUNT(DISTINCT countrycode) FROM country WHERE']
['SELECT COUNT(DISTINCT countrycode) FROM country WHERE region =']
["SELECT COUNT(DISTINCT countrycode) FROM country WHERE region = 'Asia'"]
{'total_tokens': 21}
  -> pred: SELECT COUNT(DISTINCT countrycode) FROM country WHERE region = 'Asia'
[75/100] source_index=829 orchestra: Return the record companies of orchestras, sorted descending by the years in whi
['SELECT record_company FROM']
['SELECT record_company FROM orchestra ORDER']
['SELECT record_company FROM orchestra ORDER BY year_of_founded DESC']
['SELECT record_company FROM orchestra ORDER BY year_of_founded DESC']
{'total_tokens': 13}
  -> pred: SELECT record_company FROM orchestra ORDER BY year_of_founded DESC
[76/100] source_index=836 orchestra: List names of conductors in descending order of years of work.
['SELECT name FROM']
['SELECT name FROM conductor ORDER']
['SELECT name FROM conductor ORDER BY year_of_work DESC']
['SELECT name FROM conductor ORDER BY year_of_work DESC']
{'total_tokens': 11}
  -> pred: SELECT name FROM conductor ORDER BY year_of_work DESC
[77/100] source_index=842 orchestra: Show the names of conductors that have conducted more than one orchestras.
['SELECT DISTINCT conductor.name FROM']
['SELECT DISTINCT conductor.name FROM conductor JOIN']
['SELECT DISTINCT conductor.name FROM conductor JOIN orchestra ON']
['SELECT DISTINCT conductor.name FROM conductor JOIN orchestra ON conductor.conductor_id =']
['SELECT DISTINCT conductor.name FROM conductor JOIN orchestra ON conductor.conductor_id = orchestra.conductor_id GROUP']
['SELECT DISTINCT conductor.name FROM conductor JOIN orchestra ON conductor.conductor_id = orchestra.conductor_id GROUP BY conductor.name H']
['SELECT DISTINCT conductor.name FROM conductor JOIN orchestra ON conductor.conductor_id = orchestra.conductor_id GROUP BY conductor.name HAVING COUNT(*)']
['SELECT DISTINCT conductor.name FROM conductor JOIN orchestra ON conductor.conductor_id = orchestra.conductor_id GROUP BY conductor.name HAVING COUNT(*) > 1']
{'total_tokens': 40}
  -> pred: SELECT DISTINCT conductor.name FROM conductor JOIN orchestra ON conductor.conductor_id = orchestra.conductor_id GROUP BY
[78/100] source_index=856 orchestra: Show the record companies shared by orchestras founded before 2003 and after 200
['SELECT record_company FROM']
['SELECT record_company FROM orchestra WHERE']
['SELECT record_company FROM orchestra WHERE year_of_founded <']
['SELECT record_company FROM orchestra WHERE year_of_founded < 2003 INTERSECT SELECT record_company FROM']
['SELECT record_company FROM orchestra WHERE year_of_founded < 2003 INTERSECT SELECT record_company FROM orchestra WHERE']
['SELECT record_company FROM orchestra WHERE year_of_founded < 2003 INTERSECT SELECT record_company FROM orchestra WHERE year_of_founded >']
['SELECT record_company FROM orchestra WHERE year_of_founded < 2003 INTERSECT SELECT record_company FROM orchestra WHERE year_of_founded > 2003']
{'total_tokens': 36}
  -> pred: SELECT record_company FROM orchestra WHERE year_of_founded < 2003 INTERSECT SELECT record_company FROM orchestra WHERE y
[79/100] source_index=860 orchestra: Show the years in which orchestras that have given more than one performance are
['SELECT DISTINCT YEAR_OF_FOUNDED FROM']
['SELECT DISTINCT YEAR_OF_FOUNDED FROM ORCHESTRA WHERE']
['SELECT DISTINCT YEAR_OF_FOUNDED FROM ORCHESTRA WHERE ORCHESTRA_ID IN']
['SELECT DISTINCT YEAR_OF_FOUNDED FROM ORCHESTRA WHERE ORCHESTRA_ID IN (SELECT ORCHESTRA_ID FROM']
['SELECT DISTINCT YEAR_OF_FOUNDED FROM ORCHESTRA WHERE ORCHESTRA_ID IN (SELECT ORCHESTRA_ID FROM ORCHESTRA GROUP']
['SELECT DISTINCT YEAR_OF_FOUNDED FROM ORCHESTRA WHERE ORCHESTRA_ID IN (SELECT ORCHESTRA_ID FROM ORCHESTRA GROUP BY ORCHESTRA_ID HAVING']
['SELECT DISTINCT YEAR_OF_FOUNDED FROM ORCHESTRA WHERE ORCHESTRA_ID IN (SELECT ORCHESTRA_ID FROM ORCHESTRA GROUP BY ORCHESTRA_ID HAVING COUNT(*)']
['SELECT DISTINCT YEAR_OF_FOUNDED FROM ORCHESTRA WHERE ORCHESTRA_ID IN (SELECT ORCHESTRA_ID FROM ORCHESTRA GROUP BY ORCHESTRA_ID HAVING COUNT(*) > 1)']
{'total_tokens': 62}
  -> pred: SELECT DISTINCT YEAR_OF_FOUNDED FROM ORCHESTRA WHERE ORCHESTRA_ID IN (SELECT ORCHESTRA_ID FROM ORCHESTRA GROUP BY ORCHES
[80/100] source_index=864 network_1: Show the names and grades of each high schooler.
['SELECT name ,']
['SELECT name ,  grade FROM']
['SELECT name ,  grade FROM highschooler']
{'total_tokens': 10}
  -> pred: SELECT name ,  grade FROM highschooler
[81/100] source_index=866 network_1: Show all the grades of the high schoolers.
['SELECT DISTINCT grade FROM']
['SELECT DISTINCT grade FROM highschooler']
{'total_tokens': 8}
  -> pred: SELECT DISTINCT grade FROM highschooler
[82/100] source_index=869 network_1: Return the grade for the high schooler named Kyle.
['SELECT grade FROM']
['SELECT grade FROM highschooler WHERE']
['SELECT grade FROM highschooler WHERE name =']
["SELECT grade FROM highschooler WHERE name = 'Kyle'"]
{'total_tokens': 17}
  -> pred: SELECT grade FROM highschooler WHERE name = 'Kyle'
[83/100] source_index=879 network_1: Return the grade that has the greatest number of high schoolers.
['SELECT grade FROM']
['SELECT grade FROM highschooler GROUP']
['SELECT grade FROM highschooler GROUP BY grade ORDER']
['SELECT grade FROM highschooler GROUP BY grade ORDER BY COUNT(*)']
['SELECT grade FROM highschooler GROUP BY grade ORDER BY COUNT(*) DESC LIMIT 1']
{'total_tokens': 18}
  -> pred: SELECT grade FROM highschooler GROUP BY grade ORDER BY COUNT(*) DESC LIMIT 1
[84/100] source_index=881 network_1: Which grades have 4 or more high schoolers?
['SELECT grade FROM']
['SELECT grade FROM highschooler GROUP']
['SELECT grade FROM highschooler GROUP BY grade HAVING']
['SELECT grade FROM highschooler GROUP BY grade HAVING COUNT(*)']
['SELECT grade FROM highschooler GROUP BY grade HAVING COUNT(*) >= 4']
{'total_tokens': 17}
  -> pred: SELECT grade FROM highschooler GROUP BY grade HAVING COUNT(*) >= 4
[85/100] source_index=884 network_1: Show the names of high school students and their corresponding number of friends
['SELECT highschooler.name,']
['SELECT highschooler.name, COUNT(friend.friend_id)']
['SELECT highschooler.name, COUNT(friend.friend_id) as num_friends\nFROM highschooler\n']
['SELECT highschooler.name, COUNT(friend.friend_id) as num_friends\nFROM highschooler\nLEFT JOIN friend ON']
['SELECT highschooler.name, COUNT(friend.friend_id) as num_friends\nFROM highschooler\nLEFT JOIN friend ON highschooler.id =']
['SELECT highschooler.name, COUNT(friend.friend_id) as num_friends\nFROM highschooler\nLEFT JOIN friend ON highschooler.id = friend.student_id\n']
['SELECT highschooler.name, COUNT(friend.friend_id) as num_friends\nFROM highschooler\nLEFT JOIN friend ON highschooler.id = friend.student_id\nGROUP BY highschooler.id']
{'total_tokens': 41}
  -> pred: SELECT highschooler.name, COUNT(friend.friend_id) as num_friends FROM highschooler LEFT JOIN friend ON highschooler.id =
[86/100] source_index=892 network_1: How many friends does the high school student Kyle have?
['SELECT COUNT(DISTINCT friend.friend_id)']
['SELECT COUNT(DISTINCT friend.friend_id) FROM friend WHERE']
['SELECT COUNT(DISTINCT friend.friend_id) FROM friend WHERE friend.student_id =']
['SELECT COUNT(DISTINCT friend.friend_id) FROM friend WHERE friend.student_id = (SELECT id FROM']
['SELECT COUNT(DISTINCT friend.friend_id) FROM friend WHERE friend.student_id = (SELECT id FROM highschooler WHERE']
['SELECT COUNT(DISTINCT friend.friend_id) FROM friend WHERE friend.student_id = (SELECT id FROM highschooler WHERE name =']
["SELECT COUNT(DISTINCT friend.friend_id) FROM friend WHERE friend.student_id = (SELECT id FROM highschooler WHERE name = 'Kyle')"]
{'total_tokens': 30}
  -> pred: SELECT COUNT(DISTINCT friend.friend_id) FROM friend WHERE friend.student_id = (SELECT id FROM highschooler WHERE name = 
[87/100] source_index=893 network_1: Count the number of friends Kyle has.
['SELECT COUNT(DISTINCT friend.friend_id)']
['SELECT COUNT(DISTINCT friend.friend_id) FROM friend WHERE']
['SELECT COUNT(DISTINCT friend.friend_id) FROM friend WHERE friend.student_id =']
['SELECT COUNT(DISTINCT friend.friend_id) FROM friend WHERE friend.student_id = (SELECT id FROM']
['SELECT COUNT(DISTINCT friend.friend_id) FROM friend WHERE friend.student_id = (SELECT id FROM highschooler WHERE']
['SELECT COUNT(DISTINCT friend.friend_id) FROM friend WHERE friend.student_id = (SELECT id FROM highschooler WHERE name =']
["SELECT COUNT(DISTINCT friend.friend_id) FROM friend WHERE friend.student_id = (SELECT id FROM highschooler WHERE name = 'Kyle')"]
{'total_tokens': 35}
  -> pred: SELECT COUNT(DISTINCT friend.friend_id) FROM friend WHERE friend.student_id = (SELECT id FROM highschooler WHERE name = 
[88/100] source_index=897 network_1: What are the names of students who have no friends?
['SELECT name FROM']
['SELECT name FROM highschooler WHERE']
['SELECT name FROM highschooler WHERE id NOT']
['SELECT name FROM highschooler WHERE id NOT IN (SELECT student_id FROM']
['SELECT name FROM highschooler WHERE id NOT IN (SELECT student_id FROM friend)']
['SELECT name FROM highschooler WHERE id NOT IN (SELECT student_id FROM friend)']
{'total_tokens': 18}
  -> pred: SELECT name FROM highschooler WHERE id NOT IN (SELECT student_id FROM friend)
[89/100] source_index=902 network_1: Count the number of likes for each student id.
['SELECT student_id,']
['SELECT student_id, COUNT(*)']
['SELECT student_id, COUNT(*) as like_count FROM likes GROUP']
['SELECT student_id, COUNT(*) as like_count FROM likes GROUP BY student_id']
{'total_tokens': 16}
  -> pred: SELECT student_id, COUNT(*) as like_count FROM likes GROUP BY student_id
[90/100] source_index=913 network_1: Return the number of likes that the high schooler named Kyle has.
['SELECT COUNT(likes.liked_id)']
['SELECT COUNT(likes.liked_id) FROM likes WHERE']
['SELECT COUNT(likes.liked_id) FROM likes WHERE likes.student_id =']
['SELECT COUNT(likes.liked_id) FROM likes WHERE likes.student_id = (SELECT id FROM']
['SELECT COUNT(likes.liked_id) FROM likes WHERE likes.student_id = (SELECT id FROM highschooler WHERE']
['SELECT COUNT(likes.liked_id) FROM likes WHERE likes.student_id = (SELECT id FROM highschooler WHERE name =']
["SELECT COUNT(likes.liked_id) FROM likes WHERE likes.student_id = (SELECT id FROM highschooler WHERE name = 'Kyle')"]
{'total_tokens': 29}
  -> pred: SELECT COUNT(likes.liked_id) FROM likes WHERE likes.student_id = (SELECT id FROM highschooler WHERE name = 'Kyle')
[91/100] source_index=922 dog_kennels: Which professionals live in the state of Indiana or have done treatment on more 
['SELECT professionals.professional_id,']
['SELECT professionals.professional_id, professionals.last_name,']
['SELECT professionals.professional_id, professionals.last_name, professionals.cell_number \n']
['SELECT professionals.professional_id, professionals.last_name, professionals.cell_number \nFROM professionals \n']
['SELECT professionals.professional_id, professionals.last_name, professionals.cell_number \nFROM professionals \nJOIN treatments ON']
['SELECT professionals.professional_id, professionals.last_name, professionals.cell_number \nFROM professionals \nJOIN treatments ON professionals.professional_id =']
['SELECT professionals.professional_id, professionals.last_name, professionals.cell_number \nFROM professionals \nJOIN treatments ON professionals.professional_id = treatments.professional_id \n']
['SELECT professionals.professional_id, professionals.last_name, professionals.cell_number \nFROM professionals \nJOIN treatments ON professionals.professional_id = treatments.professional_id \nWHERE professionals.state =']
["SELECT professionals.professional_id, professionals.last_name, professionals.cell_number \nFROM professionals \nJOIN treatments ON professionals.professional_id = treatments.professional_id \nWHERE professionals.state = 'Indiana' \nGROUP BY professionals.professional_id,"]
["SELECT professionals.professional_id, professionals.last_name, professionals.cell_number \nFROM professionals \nJOIN treatments ON professionals.professional_id = treatments.professional_id \nWHERE professionals.state = 'Indiana' \nGROUP BY professionals.professional_id, professionals.last_name,"]
["SELECT professionals.professional_id, professionals.last_name, professionals.cell_number \nFROM professionals \nJOIN treatments ON professionals.professional_id = treatments.professional_id \nWHERE professionals.state = 'Indiana' \nGROUP BY professionals.professional_id, professionals.last_name, professionals.cell_number \n"]
["SELECT professionals.professional_id, professionals.last_name, professionals.cell_number \nFROM professionals \nJOIN treatments ON professionals.professional_id = treatments.professional_id \nWHERE professionals.state = 'Indiana' \nGROUP BY professionals.professional_id, professionals.last_name, professionals.cell_number \nHAVING COUNT(treatments.treatment_id)"]
["SELECT professionals.professional_id, professionals.last_name, professionals.cell_number \nFROM professionals \nJOIN treatments ON professionals.professional_id = treatments.professional_id \nWHERE professionals.state = 'Indiana' \nGROUP BY professionals.professional_id, professionals.last_name, professionals.cell_number \nHAVING COUNT(treatments.treatment_id) > 2"]
{'total_tokens': 67}
  -> pred: SELECT professionals.professional_id, professionals.last_name, professionals.cell_number  FROM professionals  JOIN treat
[92/100] source_index=924 dog_kennels: Which dogs have not cost their owner more than 1000 for treatment ? List the dog
['SELECT dogs.name FROM']
['SELECT dogs.name FROM dogs WHERE']
['SELECT dogs.name FROM dogs WHERE dogs.dog_id NOT']
['SELECT dogs.name FROM dogs WHERE dogs.dog_id NOT IN (SELECT dog_id FROM']
['SELECT dogs.name FROM dogs WHERE dogs.dog_id NOT IN (SELECT dog_id FROM treatments WHERE']
['SELECT dogs.name FROM dogs WHERE dogs.dog_id NOT IN (SELECT dog_id FROM treatments WHERE cost_of_treatment >']
['SELECT dogs.name FROM dogs WHERE dogs.dog_id NOT IN (SELECT dog_id FROM treatments WHERE cost_of_treatment > 1000)']
{'total_tokens': 31}
  -> pred: SELECT dogs.name FROM dogs WHERE dogs.dog_id NOT IN (SELECT dog_id FROM treatments WHERE cost_of_treatment > 1000)
[93/100] source_index=959 dog_kennels: Find the arriving date and the departing date of the dogs that received a treatm
['SELECT dogs.date_arrived,']
['SELECT dogs.date_arrived, dogs.date_departed FROM']
['SELECT dogs.date_arrived, dogs.date_departed FROM dogs JOIN']
['SELECT dogs.date_arrived, dogs.date_departed FROM dogs JOIN treatments ON']
['SELECT dogs.date_arrived, dogs.date_departed FROM dogs JOIN treatments ON dogs.dog_id =']
['SELECT dogs.date_arrived, dogs.date_departed FROM dogs JOIN treatments ON dogs.dog_id = treatments.dog_id']
{'total_tokens': 31}
  -> pred: SELECT dogs.date_arrived, dogs.date_departed FROM dogs JOIN treatments ON dogs.dog_id = treatments.dog_id
[94/100] source_index=960 dog_kennels: List the last name of the owner owning the youngest dog.
['SELECT owners.last_name FROM']
['SELECT owners.last_name FROM owners JOIN']
['SELECT owners.last_name FROM owners JOIN dogs ON']
['SELECT owners.last_name FROM owners JOIN dogs ON owners.owner_id =']
['SELECT owners.last_name FROM owners JOIN dogs ON owners.owner_id = dogs.owner_id WHERE']
['SELECT owners.last_name FROM owners JOIN dogs ON owners.owner_id = dogs.owner_id WHERE dogs.age =']
['SELECT owners.last_name FROM owners JOIN dogs ON owners.owner_id = dogs.owner_id WHERE dogs.age = ( SELECT MIN(age)']
['SELECT owners.last_name FROM owners JOIN dogs ON owners.owner_id = dogs.owner_id WHERE dogs.age = ( SELECT MIN(age) FROM dogs )']
['SELECT owners.last_name FROM owners JOIN dogs ON owners.owner_id = dogs.owner_id WHERE dogs.age = ( SELECT MIN(age) FROM dogs )']
{'total_tokens': 38}
  -> pred: SELECT owners.last_name FROM owners JOIN dogs ON owners.owner_id = dogs.owner_id WHERE dogs.age = ( SELECT MIN(age) FROM
[95/100] source_index=1001 singer: What is the count of singers?
['SELECT COUNT(*)']
['SELECT COUNT(*) FROM singer']
{'total_tokens': 6}
  -> pred: SELECT COUNT(*) FROM singer
[96/100] source_index=1006 singer: List the name of singers whose citizenship is not "France".
['SELECT name FROM']
['SELECT name FROM singer WHERE']
['SELECT name FROM singer WHERE citizenship !=']
['SELECT name FROM singer WHERE citizenship != "France"']
{'total_tokens': 11}
  -> pred: SELECT name FROM singer WHERE citizenship != "France"
[97/100] source_index=1008 singer: Show the name of singers whose birth year is either 1948 or 1949?
['SELECT name FROM']
['SELECT name FROM singer WHERE']
['SELECT name FROM singer WHERE birth_year IN']
['SELECT name FROM singer WHERE birth_year IN (1948, 1949)']
{'total_tokens': 21}
  -> pred: SELECT name FROM singer WHERE birth_year IN (1948, 1949)
[98/100] source_index=1016 singer: Show different citizenships and the maximum net worth of singers of each citizen
['SELECT citizenship ,']
['SELECT citizenship ,  MAX(net_worth_millions)']
['SELECT citizenship ,  MAX(net_worth_millions) FROM singer GROUP']
['SELECT citizenship ,  MAX(net_worth_millions) FROM singer GROUP BY citizenship']
{'total_tokens': 17}
  -> pred: SELECT citizenship ,  MAX(net_worth_millions) FROM singer GROUP BY citizenship
[99/100] source_index=1019 singer: What are the song titles and singer names?
['SELECT song.title,']
['SELECT song.title, singer.name FROM']
['SELECT song.title, singer.name FROM song JOIN']
['SELECT song.title, singer.name FROM song JOIN singer ON']
['SELECT song.title, singer.name FROM song JOIN singer ON song.singer_id =']
['SELECT song.title, singer.name FROM song JOIN singer ON song.singer_id = singer.singer_id']
{'total_tokens': 25}
  -> pred: SELECT song.title, singer.name FROM song JOIN singer ON song.singer_id = singer.singer_id
[100/100] source_index=1022 singer: Show the names of singers that have more than one song.
['SELECT name FROM']
['SELECT name FROM singer WHERE']
['SELECT name FROM singer WHERE singer_id IN']
['SELECT name FROM singer WHERE singer_id IN (SELECT singer_id FROM']
['SELECT name FROM singer WHERE singer_id IN (SELECT singer_id FROM song GROUP']
['SELECT name FROM singer WHERE singer_id IN (SELECT singer_id FROM song GROUP BY singer_id HAVING']
['SELECT name FROM singer WHERE singer_id IN (SELECT singer_id FROM song GROUP BY singer_id HAVING COUNT(*)']
['SELECT name FROM singer WHERE singer_id IN (SELECT singer_id FROM song GROUP BY singer_id HAVING COUNT(*) > 1)']
{'total_tokens': 27}
  -> pred: SELECT name FROM singer WHERE singer_id IN (SELECT singer_id FROM song GROUP BY singer_id HAVING COUNT(*) > 1)

Scoring IterGen predictions with Spider evaluator...
[nltk_data] Downloading package punkt to /home/advayth2/nltk_data...
[nltk_data]   Package punkt is already up-to-date!
[nltk_data] Downloading package stopwords to
[nltk_data]     /home/advayth2/nltk_data...
[nltk_data]   Package stopwords is already up-to-date!
{
  "split_name": "test",
  "num_examples": 100,
  "all_exec_accuracy": 0.65,
  "error_types": {
    "Valid": 87,
    "Other Error": 13
  },
  "question_mismatches": 0
}
Wrote /home/advayth2/projects/verified-agent-synthesis/outputs/generated-csd/master_experiments/handoff_gsm_spider_baselines_qwen15_20260506_215701/benchmarks/spider_itergen_qwen25_coder_1p5b_instruct.json
