[transformers] `torch_dtype` is deprecated! Use `dtype` instead!

Loading weights:   0%|          | 0/579 [00:00<?, ?it/s]
Loading weights:  78%|███████▊  | 452/579 [00:00<00:00, 4519.14it/s]
Loading weights: 100%|██████████| 579/579 [00:00<00:00, 4473.38it/s]
Traceback (most recent call last):
  File "/home/advayth2/projects/verified-agent-synthesis/scripts/benchmark_unconstrained_baseline.py", line 701, in <module>
    raise SystemExit(main())
                     ^^^^^^
  File "/home/advayth2/projects/verified-agent-synthesis/scripts/benchmark_unconstrained_baseline.py", line 661, in main
    lm = build_original_unconstrained_lm(args, dataset=dataset)
         ^^^^^^^^^^^^^^^^^^^^^^^^^^^^^^^^^^^^^^^^^^^^^^^^^^^^^^
  File "/home/advayth2/projects/verified-agent-synthesis/scripts/benchmark_unconstrained_baseline.py", line 226, in build_original_unconstrained_lm
    lm = BaseLM(
         ^^^^^^^
  File "/home/advayth2/CRANE/src/models/base_model.py", line 71, in __init__
    self.model = Syncode(
                 ^^^^^^^^
  File "/home/advayth2/CRANE/syncode/syncode/infer.py", line 107, in __init__
    model = common.load_model(self.model_name, device, quantize)
            ^^^^^^^^^^^^^^^^^^^^^^^^^^^^^^^^^^^^^^^^^^^^^^^^^^^^
  File "/home/advayth2/CRANE/syncode/syncode/common.py", line 36, in load_model
    model = AutoModelForCausalLM.from_pretrained(model_name, torch_dtype=torch.bfloat16, cache_dir=HF_CACHE, token=HF_ACCESS_TOKEN, trust_remote_code=True).eval().to(device)
            ^^^^^^^^^^^^^^^^^^^^^^^^^^^^^^^^^^^^^^^^^^^^^^^^^^^^^^^^^^^^^^^^^^^^^^^^^^^^^^^^^^^^^^^^^^^^^^^^^^^^^^^^^^^^^^^^^^^^^^^^^^^^^^^^^^^^^^^^^^^^^^^^^^^^^^^^^^^^^^^^^
  File "/home/advayth2/envs/vas-rdkit/lib/python3.12/site-packages/transformers/modeling_utils.py", line 3650, in to
    return super().to(*args, **kwargs)
           ^^^^^^^^^^^^^^^^^^^^^^^^^^^
  File "/home/advayth2/envs/vas-rdkit/lib/python3.12/site-packages/torch/nn/modules/module.py", line 1384, in to
    return self._apply(convert)
           ^^^^^^^^^^^^^^^^^^^^
  File "/home/advayth2/envs/vas-rdkit/lib/python3.12/site-packages/torch/nn/modules/module.py", line 934, in _apply
    module._apply(fn)
  File "/home/advayth2/envs/vas-rdkit/lib/python3.12/site-packages/torch/nn/modules/module.py", line 934, in _apply
    module._apply(fn)
  File "/home/advayth2/envs/vas-rdkit/lib/python3.12/site-packages/torch/nn/modules/module.py", line 934, in _apply
    module._apply(fn)
  [Previous line repeated 2 more times]
  File "/home/advayth2/envs/vas-rdkit/lib/python3.12/site-packages/torch/nn/modules/module.py", line 965, in _apply
    param_applied = fn(param)
                    ^^^^^^^^^
  File "/home/advayth2/envs/vas-rdkit/lib/python3.12/site-packages/torch/nn/modules/module.py", line 1370, in convert
    return t.to(
           ^^^^^
torch.OutOfMemoryError: CUDA out of memory. Tried to allocate 136.00 MiB. GPU 0 has a total capacity of 39.49 GiB of which 33.69 MiB is free. Process 1031675 has 1.76 GiB memory in use. Process 4091835 has 514.00 MiB memory in use. Process 240501 has 19.73 GiB memory in use. Including non-PyTorch memory, this process has 17.45 GiB memory in use. Of the allocated memory 17.04 GiB is allocated by PyTorch, and 1014.00 KiB is reserved by PyTorch but unallocated. If reserved but unallocated memory is large try setting PYTORCH_CUDA_ALLOC_CONF=expandable_segments:True to avoid fragmentation.  See documentation for Memory Management  (https://docs.pytorch.org/docs/stable/notes/cuda.html#optimizing-memory-usage-with-pytorch-cuda-alloc-conf)
