Loaded 50 examples from CRANE folder /home/advayth2/CRANE/src/gsm_symbolic
[transformers] `torch_dtype` is deprecated! Use `dtype` instead!

Loading weights:   0%|          | 0/339 [00:00<?, ?it/s]
Loading weights:  59%|█████▊    | 199/339 [00:00<00:00, 1980.40it/s]
Loading weights: 100%|██████████| 339/339 [00:00<00:00, 1869.52it/s]
[1/50] GSM source_index=7
  -> expr: (n1*w1 + n2*w2 + n3*w3 + n4*w4) / total correct=False syntax=True
[2/50] GSM source_index=10
  -> expr: frac1*t + frac2*(total-t) correct=False syntax=True
[3/50] GSM source_index=13
  -> expr: x + r*w - n*w correct=True syntax=True
[4/50] GSM source_index=14
  -> expr: t - (t1 + t2) correct=True syntax=True
[5/50] GSM source_index=15
  -> expr: ((k1 + k2) / (n1 + n2)) * 100 correct=False syntax=True
[6/50] GSM source_index=16
  -> expr: n1*cn + (n1-m1)*cm + (n1+n2)*cn + (n1+n2+m2)*cm correct=False syntax=True
[7/50] GSM source_index=17
  -> expr: t + (n - m - k) / (mult * (m / t)) correct=False syntax=True
[8/50] GSM source_index=18
  -> expr: n1*c1 + n2*c2 + c3 correct=False syntax=True
[9/50] GSM source_index=19
  -> expr: n * (p1/100 * r1/100 + (1-p1/100)/2 * frac) correct=False syntax=True
[10/50] GSM source_index=20
  -> expr: n1 + n2 + mult * n1 correct=True syntax=True
[11/50] GSM source_index=21
  -> expr: ans * m1 / 60 correct=False syntax=True
[12/50] GSM source_index=22
  -> expr: x + n1 - n2 correct=False syntax=True
[13/50] GSM source_index=24
  -> expr: (total - spent) / (cal * n / size) correct=False syntax=True
[14/50] GSM source_index=25
  -> expr: total * (p1/100) + total * ((100-p1)/100) * (p2/100) correct=False syntax=True
[15/50] GSM source_index=26
  -> expr: 7 * (n1 + n2 + n3) correct=True syntax=True
[16/50] GSM source_index=27
  -> expr: n * (1 - p/100) * d correct=True syntax=True
[17/50] GSM source_index=28
  -> expr: total * (1 - frac) - daily * period * 7 correct=True syntax=True
[18/50] GSM source_index=30
  -> expr: initial_amount - (quantity * unit_price) correct=False syntax=True
[19/50] GSM source_index=33
  -> expr: goal - (s1 + s2) correct=True syntax=True
[20/50] GSM source_index=35
  -> expr: total - current - (total * fraction) correct=True syntax=True
[21/50] GSM source_index=36
  -> expr: n1*p1 + n2*p2 + n3*p3 correct=True syntax=True
[22/50] GSM source_index=38
  -> expr: n1 * price1 - n2 * price2 correct=True syntax=True
[23/50] GSM source_index=40
  -> expr: total - (n12 * p1) - (n12 * n2 * p1 / (n1 + n2)) - p2 - (n3 * p3) correct=False syntax=True
[24/50] GSM source_index=42
  -> expr: price * (1 + percent / 100) * 7 - usage * price + extra_price correct=False syntax=True
[25/50] GSM source_index=43
  -> expr: frac * n + n correct=False syntax=True
[26/50] GSM source_index=45
  -> expr: (length / (plant_width + space)) * cost - owned * cost correct=False syntax=True
[27/50] GSM source_index=46
  -> expr: (total - graduates - faculty) / graduates correct=False syntax=True
[28/50] GSM source_index=49
  -> expr: n_first * a * f * r + (n_first * a * (1 + p/100)) * f * r correct=False syntax=True
[29/50] GSM source_index=51
  -> expr: (p1*n1) + (p2*n2) + (p3*n3) correct=False syntax=True
[30/50] GSM source_index=56
  -> expr: num * vol * cal correct=True syntax=True
[31/50] GSM source_index=58
  -> expr: base * mult2 * n * days correct=False syntax=True
[32/50] GSM source_index=59
  -> expr: n1 * frac1 + n2 * frac2 - spill * frac1 correct=False syntax=True
[33/50] GSM source_index=60
  -> expr: h * d * r * month + b * month correct=False syntax=False
[34/50] GSM source_index=63
  -> expr: n + (n - k) correct=True syntax=True
[35/50] GSM source_index=68
  -> expr: t1*n1 + t2*n2 correct=True syntax=True
[36/50] GSM source_index=69
  -> expr: mult * (t1 + t2) correct=True syntax=True
[37/50] GSM source_index=70
  -> expr: 12 * w * d * p correct=True syntax=True
[38/50] GSM source_index=73
  -> expr: relative_age + (multiple * relative_age - relative_age) / (orbit_period - 1) correct=False syntax=True
[39/50] GSM source_index=74
  -> expr: total - num_girls - absent_girls - absent_boys correct=False syntax=True
[40/50] GSM source_index=77
  -> expr: n * (1 - frac) correct=False syntax=True
[41/50] GSM source_index=78
  -> expr: (n1 * 24 + n2 * t * d) * (1 + frac) / 60 correct=False syntax=True
[42/50] GSM source_index=81
  -> expr: total - 2 * n - m correct=True syntax=True
[43/50] GSM source_index=82
  -> expr: m_left + w * (1 - frac) correct=False syntax=True
[44/50] GSM source_index=85
  -> expr: total - (diff / 2) correct=False syntax=True
[45/50] GSM source_index=87
  -> expr: (l1 / s1) - (l2 / s2) correct=True syntax=True
[46/50] GSM source_index=88
  -> expr: skip_speed * total_time * (frac_run * mult_run + frac_walk) correct=False syntax=True
[47/50] GSM source_index=89
  -> expr: (first_hour_cost + (end_time - start_time - free_hours - 1) * multiplier) * cur correct=False syntax=False
[48/50] GSM source_index=91
  -> expr: n + m + (n - k) correct=False syntax=True
[49/50] GSM source_index=96
  -> expr: (budget - (cost1 + tokens + (cost2 * times))) / cost1 correct=False syntax=True
[50/50] GSM source_index=97
  -> expr: 7 * (mult * n + n) correct=True syntax=True
[summary] wrote /home/advayth2/projects/verified-agent-synthesis/outputs/generated-csd/benchmarks/handoff_gsm_spider_remaining_metadecode_gpt54_qwen7_20260507_003709_gsm_metadecode_qwen25_coder_7b_instruct_gpt54_itergen_train.json
