Initializing synthesis pipeline...
Traceback (most recent call last):
  File "/home/advayth2/projects/verified-agent-synthesis/synthesis/verifier.py", line 163, in _check_dafny_available
    result = subprocess.run(
             ^^^^^^^^^^^^^^^
  File "/home/advayth2/envs/vas-rdkit/lib/python3.12/subprocess.py", line 548, in run
    with Popen(*popenargs, **kwargs) as process:
         ^^^^^^^^^^^^^^^^^^^^^^^^^^^
  File "/home/advayth2/envs/vas-rdkit/lib/python3.12/subprocess.py", line 1026, in __init__
    self._execute_child(args, executable, preexec_fn, close_fds,
  File "/home/advayth2/envs/vas-rdkit/lib/python3.12/subprocess.py", line 1955, in _execute_child
    raise child_exception_type(errno_num, err_msg, err_filename)
FileNotFoundError: [Errno 2] No such file or directory: '/home/advayth2/.dotnet/tools/dafny'

During handling of the above exception, another exception occurred:

Traceback (most recent call last):
  File "/home/advayth2/projects/verified-agent-synthesis/run_synthesis.py", line 468, in <module>
    main()
  File "/home/advayth2/projects/verified-agent-synthesis/run_synthesis.py", line 369, in main
    verifier = DafnyVerifier(
               ^^^^^^^^^^^^^^
  File "/home/advayth2/projects/verified-agent-synthesis/synthesis/verifier.py", line 158, in __init__
    self._check_dafny_available()
  File "/home/advayth2/projects/verified-agent-synthesis/synthesis/verifier.py", line 174, in _check_dafny_available
    raise RuntimeError(
RuntimeError: Dafny not found at '/home/advayth2/.dotnet/tools/dafny'. Please install Dafny and ensure it's in your PATH.
