Loaded 1034 Spider examples from HuggingFace
[transformers] `torch_dtype` is deprecated! Use `dtype` instead!

Loading weights:   0%|          | 0/338 [00:00<?, ?it/s]
Loading weights: 100%|██████████| 338/338 [00:00<00:00, 4105.20it/s]
[1/50] source_index=41 concert_singer: Find the name and location of the stadiums which some concerts happened in the y
['SELECT stadium.name ,']
['SELECT stadium.name ,  stadium.location FROM']
['SELECT stadium.name ,  stadium.location FROM stadium JOIN']
['SELECT stadium.name ,  stadium.location FROM stadium JOIN concert ON']
['SELECT stadium.name ,  stadium.location FROM stadium JOIN concert ON stadium.stadium_id =']
['SELECT stadium.name ,  stadium.location FROM stadium JOIN concert ON stadium.stadium_id = concert.stadium_id WHERE']
['SELECT stadium.name ,  stadium.location FROM stadium JOIN concert ON stadium.stadium_id = concert.stadium_id WHERE concert.year IN']
['SELECT stadium.name ,  stadium.location FROM stadium JOIN concert ON stadium.stadium_id = concert.stadium_id WHERE concert.year IN (2014 , 2015)']
{'total_tokens': 38}
  -> pred: SELECT stadium.name ,  stadium.location FROM stadium JOIN concert ON stadium.stadium_id = concert.stadium_id WHERE conce
[2/50] source_index=91 car_1: How many countries are listed?
['SELECT COUNT(DISTINCT continent)']
['SELECT COUNT(DISTINCT continent) FROM continents']
{'total_tokens': 10}
  -> pred: SELECT COUNT(DISTINCT continent) FROM continents
[3/50] source_index=99 car_1: Find the name of the makers that produced some cars in the year of 1970?
['SELECT DISTINCT maker FROM']
['SELECT DISTINCT maker FROM car_makers WHERE']
['SELECT DISTINCT maker FROM car_makers WHERE maker IN']
['SELECT DISTINCT maker FROM car_makers WHERE maker IN (SELECT maker FROM']
['SELECT DISTINCT maker FROM car_makers WHERE maker IN (SELECT maker FROM cars_data WHERE']
['SELECT DISTINCT maker FROM car_makers WHERE maker IN (SELECT maker FROM cars_data WHERE year =']
['SELECT DISTINCT maker FROM car_makers WHERE maker IN (SELECT maker FROM cars_data WHERE year = 1970)']
{'total_tokens': 26}
  -> pred: SELECT DISTINCT maker FROM car_makers WHERE maker IN (SELECT maker FROM cars_data WHERE year = 1970)
[4/50] source_index=180 flight_2: What country is Jetblue Airways affiliated with?
['SELECT country FROM']
['SELECT country FROM airlines WHERE']
['SELECT country FROM airlines WHERE airline =']
["SELECT country FROM airlines WHERE airline = 'Jetblue Airways'"]
{'total_tokens': 13}
  -> pred: SELECT country FROM airlines WHERE airline = 'Jetblue Airways'
[5/50] source_index=200 flight_2: Return the name of the airport with code 'AKO'.
['SELECT airportname FROM']
['SELECT airportname FROM airports WHERE']
['SELECT airportname FROM airports WHERE airportcode =']
["SELECT airportname FROM airports WHERE airportcode = 'AKO'"]
{'total_tokens': 14}
  -> pred: SELECT airportname FROM airports WHERE airportcode = 'AKO'
[6/50] source_index=203 flight_2: How many flights depart from 'APG'?
['SELECT COUNT(*)']
['SELECT COUNT(*) FROM flights WHERE']
['SELECT COUNT(*) FROM flights WHERE sourceairport =']
["SELECT COUNT(*) FROM flights WHERE sourceairport = 'APG'"]
{'total_tokens': 14}
  -> pred: SELECT COUNT(*) FROM flights WHERE sourceairport = 'APG'
[7/50] source_index=260 employee_hire_evaluation: Count the number of employees
['SELECT COUNT(*)']
['SELECT COUNT(*) FROM employee']
{'total_tokens': 6}
  -> pred: SELECT COUNT(*) FROM employee
[8/50] source_index=267 employee_hire_evaluation: Find the number of shops in each location.
['SELECT shop.location,']
['SELECT shop.location, COUNT(*)']
['SELECT shop.location, COUNT(*) AS number_of_shops\nFROM hiring\n']
['SELECT shop.location, COUNT(*) AS number_of_shops\nFROM hiring\nJOIN shop ON']
['SELECT shop.location, COUNT(*) AS number_of_shops\nFROM hiring\nJOIN shop ON hiring.shop_id =']
['SELECT shop.location, COUNT(*) AS number_of_shops\nFROM hiring\nJOIN shop ON hiring.shop_id = shop.shop_id\n']
['SELECT shop.location, COUNT(*) AS number_of_shops\nFROM hiring\nJOIN shop ON hiring.shop_id = shop.shop_id\nGROUP BY shop.location']
{'total_tokens': 31}
  -> pred: SELECT shop.location, COUNT(*) AS number_of_shops FROM hiring JOIN shop ON hiring.shop_id = shop.shop_id GROUP BY shop.l
[9/50] source_index=282 employee_hire_evaluation: What are the names of the employees who never received any evaluation?
['SELECT name FROM']
['SELECT name FROM employee WHERE']
['SELECT name FROM employee WHERE employee_id NOT']
['SELECT name FROM employee WHERE employee_id NOT IN (SELECT employee_id FROM']
['SELECT name FROM employee WHERE employee_id NOT IN (SELECT employee_id FROM evaluation)']
['SELECT name FROM employee WHERE employee_id NOT IN (SELECT employee_id FROM evaluation)']
{'total_tokens': 17}
  -> pred: SELECT name FROM employee WHERE employee_id NOT IN (SELECT employee_id FROM evaluation)
[10/50] source_index=292 employee_hire_evaluation: What is all the information about hiring?
['SELECT * FROM']
['SELECT * FROM hiring']
{'total_tokens': 5}
  -> pred: SELECT * FROM hiring
[11/50] source_index=300 cre_Doc_Template_Mgt: What are the ids, names, and descriptions for all documents?
['SELECT document_id,']
['SELECT document_id, document_name,']
['SELECT document_id, document_name, document_description FROM']
['SELECT document_id, document_name, document_description FROM documents']
{'total_tokens': 12}
  -> pred: SELECT document_id, document_name, document_description FROM documents
[12/50] source_index=307 cre_Doc_Template_Mgt: How many documents are using the template with type code 'PPT'?
['SELECT COUNT(*)']
['SELECT COUNT(*) FROM documents WHERE']
['SELECT COUNT(*) FROM documents WHERE template_id IN']
['SELECT COUNT(*) FROM documents WHERE template_id IN (SELECT template_id FROM']
['SELECT COUNT(*) FROM documents WHERE template_id IN (SELECT template_id FROM templates WHERE']
['SELECT COUNT(*) FROM documents WHERE template_id IN (SELECT template_id FROM templates WHERE template_type_code =']
["SELECT COUNT(*) FROM documents WHERE template_id IN (SELECT template_id FROM templates WHERE template_type_code = 'PPT')"]
{'total_tokens': 25}
  -> pred: SELECT COUNT(*) FROM documents WHERE template_id IN (SELECT template_id FROM templates WHERE template_type_code = 'PPT')
[13/50] source_index=350 cre_Doc_Template_Mgt: Return the template type description of the template type with the code AD.
['SELECT template_type_description FROM']
['SELECT template_type_description FROM ref_template_types WHERE']
['SELECT template_type_description FROM ref_template_types WHERE template_type_code =']
["SELECT template_type_description FROM ref_template_types WHERE template_type_code = 'AD'"]
{'total_tokens': 23}
  -> pred: SELECT template_type_description FROM ref_template_types WHERE template_type_code = 'AD'
[14/50] source_index=354 cre_Doc_Template_Mgt: Return the different descriptions for templates that have been used in a documen
['SELECT DISTINCT template_type_description FROM']
['SELECT DISTINCT template_type_description FROM templates WHERE']
['SELECT DISTINCT template_type_description FROM templates WHERE template_id IN']
['SELECT DISTINCT template_type_description FROM templates WHERE template_id IN (SELECT template_id FROM']
['SELECT DISTINCT template_type_description FROM templates WHERE template_id IN (SELECT template_id FROM documents)']
['SELECT DISTINCT template_type_description FROM templates WHERE template_id IN (SELECT template_id FROM documents)']
{'total_tokens': 25}
  -> pred: SELECT DISTINCT template_type_description FROM templates WHERE template_id IN (SELECT template_id FROM documents)
[15/50] source_index=431 wta_1: Find the total number of matches.
['SELECT COUNT(*)']
['SELECT COUNT(*) FROM matches']
{'total_tokens': 6}
  -> pred: SELECT COUNT(*) FROM matches
[16/50] source_index=452 wta_1: What are the first names and country codes for players who won both the WTA Cham
['SELECT DISTINCT players.first_name,']
['SELECT DISTINCT players.first_name, players.country_code FROM']
['SELECT DISTINCT players.first_name, players.country_code FROM players INNER']
['SELECT DISTINCT players.first_name, players.country_code FROM players INNER JOIN matches ON']
['SELECT DISTINCT players.first_name, players.country_code FROM players INNER JOIN matches ON players.player_id =']
['SELECT DISTINCT players.first_name, players.country_code FROM players INNER JOIN matches ON players.player_id = matches.winner_id WHERE']
['SELECT DISTINCT players.first_name, players.country_code FROM players INNER JOIN matches ON players.player_id = matches.winner_id WHERE matches.tourney_name =']
["SELECT DISTINCT players.first_name, players.country_code FROM players INNER JOIN matches ON players.player_id = matches.winner_id WHERE matches.tourney_name = 'WTA Championships' INTERSECT SELECT DISTINCT players.first_name,"]
["SELECT DISTINCT players.first_name, players.country_code FROM players INNER JOIN matches ON players.player_id = matches.winner_id WHERE matches.tourney_name = 'WTA Championships' INTERSECT SELECT DISTINCT players.first_name, players.country_code FROM"]
["SELECT DISTINCT players.first_name, players.country_code FROM players INNER JOIN matches ON players.player_id = matches.winner_id WHERE matches.tourney_name = 'WTA Championships' INTERSECT SELECT DISTINCT players.first_name, players.country_code FROM players INNER"]
["SELECT DISTINCT players.first_name, players.country_code FROM players INNER JOIN matches ON players.player_id = matches.winner_id WHERE matches.tourney_name = 'WTA Championships' INTERSECT SELECT DISTINCT players.first_name, players.country_code FROM players INNER JOIN matches ON"]
["SELECT DISTINCT players.first_name, players.country_code FROM players INNER JOIN matches ON players.player_id = matches.winner_id WHERE matches.tourney_name = 'WTA Championships' INTERSECT SELECT DISTINCT players.first_name, players.country_code FROM players INNER JOIN matches ON players.player_id ="]
["SELECT DISTINCT players.first_name, players.country_code FROM players INNER JOIN matches ON players.player_id = matches.winner_id WHERE matches.tourney_name = 'WTA Championships' INTERSECT SELECT DISTINCT players.first_name, players.country_code FROM players INNER JOIN matches ON players.player_id = matches.winner_id WHERE"]
["SELECT DISTINCT players.first_name, players.country_code FROM players INNER JOIN matches ON players.player_id = matches.winner_id WHERE matches.tourney_name = 'WTA Championships' INTERSECT SELECT DISTINCT players.first_name, players.country_code FROM players INNER JOIN matches ON players.player_id = matches.winner_id WHERE matches.tourney_name ="]
["SELECT DISTINCT players.first_name, players.country_code FROM players INNER JOIN matches ON players.player_id = matches.winner_id WHERE matches.tourney_name = 'WTA Championships' INTERSECT SELECT DISTINCT players.first_name, players.country_code FROM players INNER JOIN matches ON players.player_id = matches.winner_id WHERE matches.tourney_name = 'Australian Open'"]
{'total_tokens': 80}
  -> pred: SELECT DISTINCT players.first_name, players.country_code FROM players INNER JOIN matches ON players.player_id = matches.
[17/50] source_index=469 wta_1: Find the average ranking for each player and their first name.
['SELECT players.first_name,']
['SELECT players.first_name, AVG(rankings.ranking)']
['SELECT players.first_name, AVG(rankings.ranking) as average_ranking\nFROM players\n']
['SELECT players.first_name, AVG(rankings.ranking) as average_ranking\nFROM players\nJOIN rankings ON']
['SELECT players.first_name, AVG(rankings.ranking) as average_ranking\nFROM players\nJOIN rankings ON players.player_id =']
['SELECT players.first_name, AVG(rankings.ranking) as average_ranking\nFROM players\nJOIN rankings ON players.player_id = rankings.player_id\n']
['SELECT players.first_name, AVG(rankings.ranking) as average_ranking\nFROM players\nJOIN rankings ON players.player_id = rankings.player_id\nGROUP BY players.first_name']
{'total_tokens': 40}
  -> pred: SELECT players.first_name, AVG(rankings.ranking) as average_ranking FROM players JOIN rankings ON players.player_id = ra
[18/50] source_index=479 wta_1: Find the total number of tours for each ranking date.
['SELECT COUNT(DISTINCT tourney_id)']
['SELECT COUNT(DISTINCT tourney_id) AS total_tours, ranking_date FROM']
['SELECT COUNT(DISTINCT tourney_id) AS total_tours, ranking_date FROM matches GROUP']
['SELECT COUNT(DISTINCT tourney_id) AS total_tours, ranking_date FROM matches GROUP BY ranking_date']
{'total_tokens': 23}
  -> pred: SELECT COUNT(DISTINCT tourney_id) AS total_tours, ranking_date FROM matches GROUP BY ranking_date
[19/50] source_index=492 battle_death: List the name and tonnage ordered by in descending alphaetical order for the nam
['SELECT name ,']
['SELECT name ,  tonnage FROM']
['SELECT name ,  tonnage FROM ship ORDER']
['SELECT name ,  tonnage FROM ship ORDER BY name DESC']
['SELECT name ,  tonnage FROM ship ORDER BY name DESC']
{'total_tokens': 13}
  -> pred: SELECT name ,  tonnage FROM ship ORDER BY name DESC
[20/50] source_index=509 student_transcripts_tracking: How many courses in total are listed?
['SELECT COUNT(course_id)']
['SELECT COUNT(course_id) FROM courses']
{'total_tokens': 8}
  -> pred: SELECT COUNT(course_id) FROM courses
[21/50] source_index=510 student_transcripts_tracking: How many courses are there?
['SELECT COUNT(course_id)']
['SELECT COUNT(course_id) FROM courses']
{'total_tokens': 8}
  -> pred: SELECT COUNT(course_id) FROM courses
[22/50] source_index=536 student_transcripts_tracking: What are the first, middle, and last names for everybody enrolled in a Bachelors
['SELECT DISTINCT first_name,']
['SELECT DISTINCT first_name, middle_name,']
['SELECT DISTINCT first_name, middle_name, last_name FROM']
['SELECT DISTINCT first_name, middle_name, last_name FROM students WHERE']
['SELECT DISTINCT first_name, middle_name, last_name FROM students WHERE degree_program_id IN']
['SELECT DISTINCT first_name, middle_name, last_name FROM students WHERE degree_program_id IN (SELECT degree_program_id FROM']
['SELECT DISTINCT first_name, middle_name, last_name FROM students WHERE degree_program_id IN (SELECT degree_program_id FROM degree_programs WHERE']
['SELECT DISTINCT first_name, middle_name, last_name FROM students WHERE degree_program_id IN (SELECT degree_program_id FROM degree_programs WHERE degree_summary_name =']
["SELECT DISTINCT first_name, middle_name, last_name FROM students WHERE degree_program_id IN (SELECT degree_program_id FROM degree_programs WHERE degree_summary_name = 'Bachelors')"]
{'total_tokens': 56}
  -> pred: SELECT DISTINCT first_name, middle_name, last_name FROM students WHERE degree_program_id IN (SELECT degree_program_id FR
[23/50] source_index=552 student_transcripts_tracking: What is the date and id of the transcript with at least 2 courses listed?
['SELECT transcript_date,']
['SELECT transcript_date, transcript_id FROM']
['SELECT transcript_date, transcript_id FROM transcripts WHERE']
['SELECT transcript_date, transcript_id FROM transcripts WHERE transcript_id IN']
['SELECT transcript_date, transcript_id FROM transcripts WHERE transcript_id IN (SELECT student_course_id FROM']
['SELECT transcript_date, transcript_id FROM transcripts WHERE transcript_id IN (SELECT student_course_id FROM student_enrolment_courses GROUP']
['SELECT transcript_date, transcript_id FROM transcripts WHERE transcript_id IN (SELECT student_course_id FROM student_enrolment_courses GROUP BY student_course_id HAVING']
['SELECT transcript_date, transcript_id FROM transcripts WHERE transcript_id IN (SELECT student_course_id FROM student_enrolment_courses GROUP BY student_course_id HAVING COUNT(*)']
['SELECT transcript_date, transcript_id FROM transcripts WHERE transcript_id IN (SELECT student_course_id FROM student_enrolment_courses GROUP BY student_course_id HAVING COUNT(*) >= 2)']
{'total_tokens': 48}
  -> pred: SELECT transcript_date, transcript_id FROM transcripts WHERE transcript_id IN (SELECT student_course_id FROM student_enr
[24/50] source_index=573 student_transcripts_tracking: Show the date of the transcript which shows the least number of results, also li
['SELECT transcript_date,']
['SELECT transcript_date, student_enrolment_id FROM']
['SELECT transcript_date, student_enrolment_id FROM transcripts GROUP']
['SELECT transcript_date, student_enrolment_id FROM transcripts GROUP BY transcript_date ORDER']
['SELECT transcript_date, student_enrolment_id FROM transcripts GROUP BY transcript_date ORDER BY COUNT(*)']
['SELECT transcript_date, student_enrolment_id FROM transcripts GROUP BY transcript_date ORDER BY COUNT(*) ASC LIMIT 1']
{'total_tokens': 30}
  -> pred: SELECT transcript_date, student_enrolment_id FROM transcripts GROUP BY transcript_date ORDER BY COUNT(*) ASC LIMIT 1
[25/50] source_index=577 student_transcripts_tracking: How many different addresses do the students currently live?
['SELECT COUNT(DISTINCT current_address_id)']
['SELECT COUNT(DISTINCT current_address_id) FROM students']
{'total_tokens': 12}
  -> pred: SELECT COUNT(DISTINCT current_address_id) FROM students
[26/50] source_index=581 student_transcripts_tracking: Describe the section h.
['SELECT section_name FROM']
['SELECT section_name FROM sections WHERE']
['SELECT section_name FROM sections WHERE section_id =']
["SELECT section_name FROM sections WHERE section_id = 'h'"]
{'total_tokens': 13}
  -> pred: SELECT section_name FROM sections WHERE section_id = 'h'
[27/50] source_index=592 tvshow: What is the name and directors of all the cartoons that are ordered by air date?
['SELECT title ,']
['SELECT title ,  directed_by FROM']
['SELECT title ,  directed_by FROM cartoon ORDER']
['SELECT title ,  directed_by FROM cartoon ORDER BY original_air_date']
{'total_tokens': 14}
  -> pred: SELECT title ,  directed_by FROM cartoon ORDER BY original_air_date
[28/50] source_index=606 tvshow: What are the languages used by the least number of TV Channels and how many chan
['SELECT language ,']
['SELECT language ,  COUNT(*)']
['SELECT language ,  COUNT(*) FROM tv_channel GROUP']
['SELECT language ,  COUNT(*) FROM tv_channel GROUP BY language ORDER']
['SELECT language ,  COUNT(*) FROM tv_channel GROUP BY language ORDER BY COUNT(*)']
['SELECT language ,  COUNT(*) FROM tv_channel GROUP BY language ORDER BY COUNT(*) ASC LIMIT 1']
{'total_tokens': 25}
  -> pred: SELECT language ,  COUNT(*) FROM tv_channel GROUP BY language ORDER BY COUNT(*) ASC LIMIT 1
[29/50] source_index=620 tvshow: When did the episode "A Love of a Lifetime" air?
['SELECT air_date FROM']
['SELECT air_date FROM tv_series WHERE']
['SELECT air_date FROM tv_series WHERE episode =']
["SELECT air_date FROM tv_series WHERE episode = 'A Love of a Lifetime'"]
{'total_tokens': 17}
  -> pred: SELECT air_date FROM tv_series WHERE episode = 'A Love of a Lifetime'
[30/50] source_index=622 tvshow: What is the weekly rank for the episode "A Love of a Lifetime"?
['SELECT weekly_rank FROM']
['SELECT weekly_rank FROM tv_series WHERE']
['SELECT weekly_rank FROM tv_series WHERE episode =']
["SELECT weekly_rank FROM tv_series WHERE episode = 'A Love of a Lifetime'"]
{'total_tokens': 17}
  -> pred: SELECT weekly_rank FROM tv_series WHERE episode = 'A Love of a Lifetime'
[31/50] source_index=627 tvshow: Find the number of cartoons directed by each of the listed directors.
['SELECT cartoon.directed_by,']
['SELECT cartoon.directed_by, COUNT(*)']
['SELECT cartoon.directed_by, COUNT(*) AS number_of_cartoons\nFROM cartoon\n']
['SELECT cartoon.directed_by, COUNT(*) AS number_of_cartoons\nFROM cartoon\nGROUP BY cartoon.directed_by']
{'total_tokens': 24}
  -> pred: SELECT cartoon.directed_by, COUNT(*) AS number_of_cartoons FROM cartoon GROUP BY cartoon.directed_by
[32/50] source_index=633 tvshow: which countries' tv channels are playing some cartoon written by Todd Casey?
['SELECT DISTINCT country FROM']
['SELECT DISTINCT country FROM tv_channel WHERE']
['SELECT DISTINCT country FROM tv_channel WHERE channel IN']
['SELECT DISTINCT country FROM tv_channel WHERE channel IN ( SELECT channel FROM']
['SELECT DISTINCT country FROM tv_channel WHERE channel IN ( SELECT channel FROM cartoon WHERE']
['SELECT DISTINCT country FROM tv_channel WHERE channel IN ( SELECT channel FROM cartoon WHERE written_by =']
["SELECT DISTINCT country FROM tv_channel WHERE channel IN ( SELECT channel FROM cartoon WHERE written_by = 'Todd Casey' )"]
{'total_tokens': 35}
  -> pred: SELECT DISTINCT country FROM tv_channel WHERE channel IN ( SELECT channel FROM cartoon WHERE written_by = 'Todd Casey' )
[33/50] source_index=665 poker_player: What is the birth date of the poker player with the lowest earnings?
['SELECT people.birth_date FROM']
['SELECT people.birth_date FROM poker_player JOIN']
['SELECT people.birth_date FROM poker_player JOIN people ON']
['SELECT people.birth_date FROM poker_player JOIN people ON poker_player.people_id =']
['SELECT people.birth_date FROM poker_player JOIN people ON poker_player.people_id = people.people_id ORDER']
['SELECT people.birth_date FROM poker_player JOIN people ON poker_player.people_id = people.people_id ORDER BY poker_player.earnings ASC']
['SELECT people.birth_date FROM poker_player JOIN people ON poker_player.people_id = people.people_id ORDER BY poker_player.earnings ASC LIMIT 1']
{'total_tokens': 35}
  -> pred: SELECT people.birth_date FROM poker_player JOIN people ON poker_player.people_id = people.people_id ORDER BY poker_playe
[34/50] source_index=668 poker_player: Return the money rank of the poker player with the greatest height.
['SELECT money_rank FROM']
['SELECT money_rank FROM poker_player WHERE']
['SELECT money_rank FROM poker_player WHERE height =']
['SELECT money_rank FROM poker_player WHERE height = ( SELECT MAX(height)']
['SELECT money_rank FROM poker_player WHERE height = ( SELECT MAX(height) FROM people )']
['SELECT money_rank FROM poker_player WHERE height = ( SELECT MAX(height) FROM people )']
{'total_tokens': 18}
  -> pred: SELECT money_rank FROM poker_player WHERE height = ( SELECT MAX(height) FROM people )
[35/50] source_index=679 poker_player: List the names and birth dates of people in ascending alphabetical order of name
['SELECT name ,']
['SELECT name ,  birth_date FROM']
['SELECT name ,  birth_date FROM people ORDER']
['SELECT name ,  birth_date FROM people ORDER BY name ASC']
['SELECT name ,  birth_date FROM people ORDER BY name ASC']
{'total_tokens': 13}
  -> pred: SELECT name ,  birth_date FROM people ORDER BY name ASC
[36/50] source_index=690 voter_1: What are the maximum and minimum values of area codes?
['SELECT MAX(area_code)']
['SELECT MAX(area_code) AS max_area_code, MIN(area_code)']
['SELECT MAX(area_code) AS max_area_code, MIN(area_code) AS min_area_code FROM area_code_state']
{'total_tokens': 23}
  -> pred: SELECT MAX(area_code) AS max_area_code, MIN(area_code) AS min_area_code FROM area_code_state
[37/50] source_index=716 world_1: What are the region and population of Angola?
['SELECT region ,']
['SELECT region ,  population FROM']
['SELECT region ,  population FROM country WHERE']
['SELECT region ,  population FROM country WHERE code =']
["SELECT region ,  population FROM country WHERE code = 'AO'"]
{'total_tokens': 18}
  -> pred: SELECT region ,  population FROM country WHERE code = 'AO'
[38/50] source_index=732 world_1: How many unique languages are spoken in the world?
['SELECT COUNT(DISTINCT language)']
['SELECT COUNT(DISTINCT language) FROM countrylanguage']
{'total_tokens': 15}
  -> pred: SELECT COUNT(DISTINCT language) FROM countrylanguage
[39/50] source_index=752 world_1: What are the regions that use English or Dutch?
['SELECT DISTINCT region FROM']
['SELECT DISTINCT region FROM country WHERE']
['SELECT DISTINCT region FROM country WHERE code2 IN']
["SELECT DISTINCT region FROM country WHERE code2 IN ('en', 'nl')"]
{'total_tokens': 24}
  -> pred: SELECT DISTINCT region FROM country WHERE code2 IN ('en', 'nl')
[40/50] source_index=771 world_1: For the countries founded before 1930, what is the total number of distinct offi
['SELECT COUNT(DISTINCT countrylanguage.language)']
['SELECT COUNT(DISTINCT countrylanguage.language) FROM countrylanguage WHERE']
['SELECT COUNT(DISTINCT countrylanguage.language) FROM countrylanguage WHERE countrylanguage.isofficial =']
['SELECT COUNT(DISTINCT countrylanguage.language) FROM countrylanguage WHERE countrylanguage.isofficial = 1 AND country.indepyear <']
['SELECT COUNT(DISTINCT countrylanguage.language) FROM countrylanguage WHERE countrylanguage.isofficial = 1 AND country.indepyear < 1930']
{'total_tokens': 36}
  -> pred: SELECT COUNT(DISTINCT countrylanguage.language) FROM countrylanguage WHERE countrylanguage.isofficial = 1 AND country.in
[41/50] source_index=785 world_1: What are the names of cities in Europe for which English is not the official lan
['SELECT DISTINCT city.name FROM']
['SELECT DISTINCT city.name FROM city JOIN']
['SELECT DISTINCT city.name FROM city JOIN country ON']
['SELECT DISTINCT city.name FROM city JOIN country ON city.countrycode =']
['SELECT DISTINCT city.name FROM city JOIN country ON city.countrycode = country.code WHERE']
['SELECT DISTINCT city.name FROM city JOIN country ON city.countrycode = country.code WHERE country.continent =']
["SELECT DISTINCT city.name FROM city JOIN country ON city.countrycode = country.code WHERE country.continent = 'Europe' AND countrylanguage.language !="]
["SELECT DISTINCT city.name FROM city JOIN country ON city.countrycode = country.code WHERE country.continent = 'Europe' AND countrylanguage.language != 'English'"]
{'total_tokens': 43}
  -> pred: SELECT DISTINCT city.name FROM city JOIN country ON city.countrycode = country.code WHERE country.continent = 'Europe' A
[42/50] source_index=791 world_1: Give the name, population, and head of state for the country that has the larges
['SELECT country.name,']
['SELECT country.name, country.population,']
['SELECT country.name, country.population, country.headofstate FROM']
['SELECT country.name, country.population, country.headofstate FROM country JOIN']
['SELECT country.name, country.population, country.headofstate FROM country JOIN countrylanguage ON']
['SELECT country.name, country.population, country.headofstate FROM country JOIN countrylanguage ON country.code =']
['SELECT country.name, country.population, country.headofstate FROM country JOIN countrylanguage ON country.code = countrylanguage.countrycode ORDER']
['SELECT country.name, country.population, country.headofstate FROM country JOIN countrylanguage ON country.code = countrylanguage.countrycode ORDER BY country.surfacearea DESC']
['SELECT country.name, country.population, country.headofstate FROM country JOIN countrylanguage ON country.code = countrylanguage.countrycode ORDER BY country.surfacearea DESC LIMIT 1']
{'total_tokens': 38}
  -> pred: SELECT country.name, country.population, country.headofstate FROM country JOIN countrylanguage ON country.code = country
[43/50] source_index=796 world_1: Find the government form name and total population for each government form whos
['SELECT governmentform ,']
['SELECT governmentform ,  SUM(population)']
['SELECT governmentform ,  SUM(population) FROM countrylanguage WHERE']
['SELECT governmentform ,  SUM(population) FROM countrylanguage WHERE lifeexpectancy >']
['SELECT governmentform ,  SUM(population) FROM countrylanguage WHERE lifeexpectancy > 72 GROUP BY governmentform']
{'total_tokens': 40}
  -> pred: SELECT governmentform ,  SUM(population) FROM countrylanguage WHERE lifeexpectancy > 72 GROUP BY governmentform
[44/50] source_index=875 network_1: Count the number of high schoolers in grades 9 or 10.
['SELECT COUNT(id)']
['SELECT COUNT(id) FROM highschooler WHERE']
['SELECT COUNT(id) FROM highschooler WHERE grade IN']
['SELECT COUNT(id) FROM highschooler WHERE grade IN (9, 10)']
{'total_tokens': 19}
  -> pred: SELECT COUNT(id) FROM highschooler WHERE grade IN (9, 10)
[45/50] source_index=900 network_1: Show name of all students who have some friends and also are liked by someone el
['SELECT DISTINCT highschooler.name FROM']
['SELECT DISTINCT highschooler.name FROM highschooler JOIN']
['SELECT DISTINCT highschooler.name FROM highschooler JOIN friend ON']
['SELECT DISTINCT highschooler.name FROM highschooler JOIN friend ON highschooler.id =']
['SELECT DISTINCT highschooler.name FROM highschooler JOIN friend ON highschooler.id = friend.student_id JOIN']
['SELECT DISTINCT highschooler.name FROM highschooler JOIN friend ON highschooler.id = friend.student_id JOIN likes ON']
['SELECT DISTINCT highschooler.name FROM highschooler JOIN friend ON highschooler.id = friend.student_id JOIN likes ON friend.friend_id =']
['SELECT DISTINCT highschooler.name FROM highschooler JOIN friend ON highschooler.id = friend.student_id JOIN likes ON friend.friend_id = likes.liked_id']
{'total_tokens': 44}
  -> pred: SELECT DISTINCT highschooler.name FROM highschooler JOIN friend ON highschooler.id = friend.student_id JOIN likes ON fri
[46/50] source_index=918 dog_kennels: Which states have both owners and professionals living there?
['SELECT DISTINCT state FROM']
['SELECT DISTINCT state FROM owners WHERE']
['SELECT DISTINCT state FROM owners WHERE owner_id IN']
['SELECT DISTINCT state FROM owners WHERE owner_id IN (SELECT owner_id FROM']
['SELECT DISTINCT state FROM owners WHERE owner_id IN (SELECT owner_id FROM professionals)']
['SELECT DISTINCT state FROM owners WHERE owner_id IN (SELECT owner_id FROM professionals)']
{'total_tokens': 24}
  -> pred: SELECT DISTINCT state FROM owners WHERE owner_id IN (SELECT owner_id FROM professionals)
[47/50] source_index=945 dog_kennels: Which professionals have operated a treatment that costs less than the average? 
['SELECT professionals.first_name,']
['SELECT professionals.first_name, professionals.last_name FROM']
['SELECT professionals.first_name, professionals.last_name FROM professionals JOIN']
['SELECT professionals.first_name, professionals.last_name FROM professionals JOIN treatments ON']
['SELECT professionals.first_name, professionals.last_name FROM professionals JOIN treatments ON professionals.professional_id =']
['SELECT professionals.first_name, professionals.last_name FROM professionals JOIN treatments ON professionals.professional_id = treatments.professional_id WHERE']
['SELECT professionals.first_name, professionals.last_name FROM professionals JOIN treatments ON professionals.professional_id = treatments.professional_id WHERE treatments.cost_of_treatment <']
['SELECT professionals.first_name, professionals.last_name FROM professionals JOIN treatments ON professionals.professional_id = treatments.professional_id WHERE treatments.cost_of_treatment < (SELECT AVG(cost_of_treatment)']
['SELECT professionals.first_name, professionals.last_name FROM professionals JOIN treatments ON professionals.professional_id = treatments.professional_id WHERE treatments.cost_of_treatment < (SELECT AVG(cost_of_treatment) FROM treatments)']
['SELECT professionals.first_name, professionals.last_name FROM professionals JOIN treatments ON professionals.professional_id = treatments.professional_id WHERE treatments.cost_of_treatment < (SELECT AVG(cost_of_treatment) FROM treatments)']
{'total_tokens': 46}
  -> pred: SELECT professionals.first_name, professionals.last_name FROM professionals JOIN treatments ON professionals.professiona
[48/50] source_index=955 dog_kennels: Which dogs are of the rarest breed? Show their names and treatment dates.
['SELECT dogs.name,']
['SELECT dogs.name, treatments.date_of_treatment\n']
['SELECT dogs.name, treatments.date_of_treatment\nFROM dogs\n']
['SELECT dogs.name, treatments.date_of_treatment\nFROM dogs\nJOIN treatments ON']
['SELECT dogs.name, treatments.date_of_treatment\nFROM dogs\nJOIN treatments ON dogs.dog_id =']
['SELECT dogs.name, treatments.date_of_treatment\nFROM dogs\nJOIN treatments ON dogs.dog_id = treatments.dog_id\n']
['SELECT dogs.name, treatments.date_of_treatment\nFROM dogs\nJOIN treatments ON dogs.dog_id = treatments.dog_id\nJOIN breeds ON']
['SELECT dogs.name, treatments.date_of_treatment\nFROM dogs\nJOIN treatments ON dogs.dog_id = treatments.dog_id\nJOIN breeds ON dogs.breed_code =']
['SELECT dogs.name, treatments.date_of_treatment\nFROM dogs\nJOIN treatments ON dogs.dog_id = treatments.dog_id\nJOIN breeds ON dogs.breed_code = breeds.breed_code\n']
['SELECT dogs.name, treatments.date_of_treatment\nFROM dogs\nJOIN treatments ON dogs.dog_id = treatments.dog_id\nJOIN breeds ON dogs.breed_code = breeds.breed_code\nWHERE breeds.breed_name NOT']
['SELECT dogs.name, treatments.date_of_treatment\nFROM dogs\nJOIN treatments ON dogs.dog_id = treatments.dog_id\nJOIN breeds ON dogs.breed_code = breeds.breed_code\nWHERE breeds.breed_name NOT IN (\n    SELECT breed_name\n    FROM']
['SELECT dogs.name, treatments.date_of_treatment\nFROM dogs\nJOIN treatments ON dogs.dog_id = treatments.dog_id\nJOIN breeds ON dogs.breed_code = breeds.breed_code\nWHERE breeds.breed_name NOT IN (\n    SELECT breed_name\n    FROM breeds\n']
['SELECT dogs.name, treatments.date_of_treatment\nFROM dogs\nJOIN treatments ON dogs.dog_id = treatments.dog_id\nJOIN breeds ON dogs.breed_code = breeds.breed_code\nWHERE breeds.breed_name NOT IN (\n    SELECT breed_name\n    FROM breeds\n    GROUP']
['SELECT dogs.name, treatments.date_of_treatment\nFROM dogs\nJOIN treatments ON dogs.dog_id = treatments.dog_id\nJOIN breeds ON dogs.breed_code = breeds.breed_code\nWHERE breeds.breed_name NOT IN (\n    SELECT breed_name\n    FROM breeds\n    GROUP BY breed_name\n    HAVING']
['SELECT dogs.name, treatments.date_of_treatment\nFROM dogs\nJOIN treatments ON dogs.dog_id = treatments.dog_id\nJOIN breeds ON dogs.breed_code = breeds.breed_code\nWHERE breeds.breed_name NOT IN (\n    SELECT breed_name\n    FROM breeds\n    GROUP BY breed_name\n    HAVING COUNT(*)']
{'total_tokens': 88}
  -> pred: SELECT dogs.name, treatments.date_of_treatment FROM dogs JOIN treatments ON dogs.dog_id = treatments.dog_id JOIN breeds 
[49/50] source_index=963 dog_kennels: What are the emails of the professionals living in either the state of Hawaii or
['SELECT DISTINCT email_address FROM']
['SELECT DISTINCT email_address FROM professionals WHERE']
['SELECT DISTINCT email_address FROM professionals WHERE state =']
["SELECT DISTINCT email_address FROM professionals WHERE state = 'Hawaii' OR state ="]
["SELECT DISTINCT email_address FROM professionals WHERE state = 'Hawaii' OR state = 'Wisconsin'"]
{'total_tokens': 26}
  -> pred: SELECT DISTINCT email_address FROM professionals WHERE state = 'Hawaii' OR state = 'Wisconsin'
[50/50] source_index=985 dog_kennels: What are the dog name, age and weight of the dogs that were abandoned? Note that
['SELECT dogs.name,']
['SELECT dogs.name, dogs.age,']
['SELECT dogs.name, dogs.age, dogs.weight FROM']
['SELECT dogs.name, dogs.age, dogs.weight FROM dogs WHERE']
['SELECT dogs.name, dogs.age, dogs.weight FROM dogs WHERE abandoned_yn =']
['SELECT dogs.name, dogs.age, dogs.weight FROM dogs WHERE abandoned_yn = 1']
{'total_tokens': 19}
  -> pred: SELECT dogs.name, dogs.age, dogs.weight FROM dogs WHERE abandoned_yn = 1

Scoring IterGen predictions with Spider evaluator...
[nltk_data] Downloading package punkt to /home/advayth2/nltk_data...
[nltk_data]   Package punkt is already up-to-date!
[nltk_data] Downloading package stopwords to
[nltk_data]     /home/advayth2/nltk_data...
[nltk_data]   Package stopwords is already up-to-date!
{
  "split_name": "train",
  "num_examples": 50,
  "all_exec_accuracy": 0.5,
  "error_types": {
    "Valid": 40,
    "Other Error": 9,
    "Syntax Error": 1
  },
  "question_mismatches": 0
}
Wrote /home/advayth2/projects/verified-agent-synthesis/outputs/generated-csd/benchmarks/handoff_gsm_spider_baselines_qwen15_20260506_212527_spider_itergen_metadecode_qwen25_coder_1p5b_instruct_gpt54_itergen_train.json
