Loaded 50 examples from CRANE folder /home/advayth2/CRANE/src/gsm_symbolic
[transformers] `torch_dtype` is deprecated! Use `dtype` instead!

Loading weights:   0%|          | 0/338 [00:00<?, ?it/s]
Loading weights:  43%|████▎     | 144/338 [00:00<00:00, 1438.99it/s]
Loading weights:  85%|████████▌ | 288/338 [00:00<00:00, 1309.56it/s]
Loading weights: 100%|██████████| 338/338 [00:00<00:00, 1369.65it/s]
[1/50] GSM source_index=7
  -> expr: (10*n1 + 10*n2 + 10*n3 + 10*n4) / 10 correct=False syntax=True
[2/50] GSM source_index=10
  -> expr: (total * frac1) + ((total - t) * frac2) correct=False syntax=True
[3/50] GSM source_index=13
  -> expr: x + r * w - n * w correct=True syntax=True
[4/50] GSM source_index=14
  -> expr: t1 + t2 correct=False syntax=True
[5/50] GSM source_index=15
  -> expr: (100 * (k1 + k2)) / (n1 + n2) correct=False syntax=True
[6/50] GSM source_index=16
  -> expr: (2 * (n1 * cn + m1 * cm) + (n2 * cn + m2 * cm)) correct=False syntax=True
[7/50] GSM source_index=17
  -> expr: n * (m + k * mult) correct=False syntax=True
[8/50] GSM source_index=18
  -> expr: n1*c1 + n2*c2 + c3 correct=False syntax=True
[9/50] GSM source_index=19
  -> expr: 0 + 0 + 0 correct=False syntax=False
[10/50] GSM source_index=20
  -> expr: n1 + n2 + mult * n1 correct=True syntax=True
[11/50] GSM source_index=21
  -> expr: total - (h1 + h2 + m2 + n2 * h3) correct=False syntax=True
[12/50] GSM source_index=22
  -> expr: n1 correct=False syntax=True
[13/50] GSM source_index=24
  -> expr: cal * size / (total - spent) correct=False syntax=True
[14/50] GSM source_index=25
  -> expr: 0 + (total * (1 - p1) * (1 - p2)) correct=False syntax=True
[15/50] GSM source_index=26
  -> expr: (2*n1 + 2*n2 + n3)*7 correct=False syntax=True
[16/50] GSM source_index=27
  -> expr: 0 + (n * (1 - p)) * d correct=False syntax=True
[17/50] GSM source_index=28
  -> expr: total - daily * period * frac correct=False syntax=True
[18/50] GSM source_index=30
  -> expr: initial_amount - quantity * unit_price correct=False syntax=True
[19/50] GSM source_index=33
  -> expr: s1 + s2 + n2 correct=False syntax=True
[20/50] GSM source_index=35
  -> expr: cur*total*(1-fraction) correct=False syntax=False
[21/50] GSM source_index=36
  -> expr: 24*n1 + 24*n2 + 24*n3 correct=False syntax=True
[22/50] GSM source_index=38
  -> expr: (price1 * n1) - (price2 * n2) correct=True syntax=True
[23/50] GSM source_index=40
  -> expr: total - (n1 * p1 * n12) - (n2 * p1 * n12 * discount) - (n3 * p2) - (n3 * p3) correct=False syntax=True
[24/50] GSM source_index=42
  -> expr: (1 + (percent / 100)) * price * 7 + usage * price + extra_price correct=False syntax=True
[25/50] GSM source_index=43
  -> expr: n + frac*n correct=False syntax=True
[26/50] GSM source_index=45
  -> expr: owned + (length - owned) * (plant_width + space) * cost correct=False syntax=True
[27/50] GSM source_index=46
  -> expr: (total - graduates - faculty) / graduates correct=False syntax=True
[28/50] GSM source_index=49
  -> expr: n * (n_first * a + (n - n_first) * (a + (a * (1 + p / 100)))) * f * r correct=False syntax=True
[29/50] GSM source_index=51
  -> expr: (100 * (p1 * n1) + 100 * (p2 * n2) + 100 * (p3 * n3)) correct=False syntax=True
[30/50] GSM source_index=56
  -> expr: cal * num * vol correct=True syntax=True
[31/50] GSM source_index=58
  -> expr: base * mult1 * days * n correct=False syntax=True
[32/50] GSM source_index=59
  -> expr: n1 * frac1 + n2 * frac2 - spill correct=False syntax=True
[33/50] GSM source_index=60
  -> expr: 1200 correct=False syntax=False
[34/50] GSM source_index=63
  -> expr: n - k correct=False syntax=True
[35/50] GSM source_index=68
  -> expr: n1*t1 + n2*t2 correct=True syntax=True
[36/50] GSM source_index=69
  -> expr: t1 + t2 + mult correct=False syntax=True
[37/50] GSM source_index=70
  -> expr: 12 * w * d * p * 52 correct=False syntax=True
[38/50] GSM source_index=73
  -> expr: 12 correct=False syntax=False
[39/50] GSM source_index=74
  -> expr: num_girls - absent_girls - absent_boys correct=False syntax=True
[40/50] GSM source_index=77
  -> expr: n - frac correct=False syntax=True
[41/50] GSM source_index=78
  -> expr: (24 * (n1 + n2) * t * d * (1 - frac)) / 60 correct=False syntax=True
[42/50] GSM source_index=81
  -> expr: total - n - m correct=False syntax=True
[43/50] GSM source_index=82
  -> expr: m - m_left * frac correct=False syntax=True
[44/50] GSM source_index=85
  -> expr: total - diff correct=False syntax=True
[45/50] GSM source_index=87
  -> expr: l1 - l2 correct=False syntax=True
[46/50] GSM source_index=88
  -> expr: skip_speed * total_time * frac_run correct=False syntax=True
[47/50] GSM source_index=89
  -> expr: (1 + multiplier) * (end_time - start_time - free_hours) * first_hour_cost correct=False syntax=True
[48/50] GSM source_index=91
  -> expr: n + m + k correct=False syntax=True
[49/50] GSM source_index=96
  -> expr: ( budget - cost1 * times - tokens ) / cost2 correct=False syntax=True
[50/50] GSM source_index=97
  -> expr: 28*n*mult correct=False syntax=True
[summary] wrote /home/advayth2/projects/verified-agent-synthesis/outputs/generated-csd/benchmarks/handoff_gsm_spider_metadecode_gpt54_qwen15_20260506_235826_gsm_metadecode_qwen25_coder_1p5b_instruct_gpt54_itergen_train.json
