Loaded 50 examples from CRANE folder /home/advayth2/CRANE/src/gsm_symbolic
[transformers] `torch_dtype` is deprecated! Use `dtype` instead!

Loading weights:   0%|          | 0/338 [00:00<?, ?it/s]
Loading weights:  46%|████▌     | 154/338 [00:00<00:00, 1530.79it/s]
Loading weights:  91%|█████████ | 308/338 [00:00<00:00, 1495.56it/s]
Loading weights: 100%|██████████| 338/338 [00:00<00:00, 1549.65it/s]
[crane-original:gsm_symbolic] 1/50
[crane-original:gsm_symbolic] 2/50
[crane-original:gsm_symbolic] 3/50
[crane-original:gsm_symbolic] 4/50
[crane-original:gsm_symbolic] 5/50
[crane-original:gsm_symbolic] 6/50
[crane-original:gsm_symbolic] 7/50
[crane-original:gsm_symbolic] 8/50
[crane-original:gsm_symbolic] 9/50
[crane-original:gsm_symbolic] 10/50
[crane-original:gsm_symbolic] 11/50
[crane-original:gsm_symbolic] 12/50
[crane-original:gsm_symbolic] 13/50
[crane-original:gsm_symbolic] 14/50
[crane-original:gsm_symbolic] 15/50
[crane-original:gsm_symbolic] 16/50
[crane-original:gsm_symbolic] 17/50
[crane-original:gsm_symbolic] 18/50
[crane-original:gsm_symbolic] 19/50
[crane-original:gsm_symbolic] 20/50
[crane-original:gsm_symbolic] 21/50
[crane-original:gsm_symbolic] 22/50
[crane-original:gsm_symbolic] 23/50
[crane-original:gsm_symbolic] 24/50
[crane-original:gsm_symbolic] 25/50
[crane-original:gsm_symbolic] 26/50
[crane-original:gsm_symbolic] 27/50
[crane-original:gsm_symbolic] 28/50
[crane-original:gsm_symbolic] 29/50
[crane-original:gsm_symbolic] 30/50
[crane-original:gsm_symbolic] 31/50
[crane-original:gsm_symbolic] 32/50
[crane-original:gsm_symbolic] 33/50
[crane-original:gsm_symbolic] 34/50
[crane-original:gsm_symbolic] 35/50
[crane-original:gsm_symbolic] 36/50
[crane-original:gsm_symbolic] 37/50
[crane-original:gsm_symbolic] 38/50
[crane-original:gsm_symbolic] 39/50
[crane-original:gsm_symbolic] 40/50
[crane-original:gsm_symbolic] 41/50
[crane-original:gsm_symbolic] 42/50
[crane-original:gsm_symbolic] 43/50
[crane-original:gsm_symbolic] 44/50
[crane-original:gsm_symbolic] 45/50
[crane-original:gsm_symbolic] 46/50
[crane-original:gsm_symbolic] 47/50
[crane-original:gsm_symbolic] 48/50
[crane-original:gsm_symbolic] 49/50
[crane-original:gsm_symbolic] 50/50
[summary] wrote /home/advayth2/projects/verified-agent-synthesis/outputs/generated-csd/benchmarks/handoff_gsm_spider_metadecode_gpt54_qwen15_20260506_235826_gsm_metadecode_qwen25_coder_1p5b_instruct_gpt54_crane_train.json
