/opt/anaconda/lib/python3.12/site-packages/requests/__init__.py:113: RequestsDependencyWarning: urllib3 (2.4.0) or chardet (7.4.3)/charset_normalizer (3.4.2) doesn't match a supported version!
  warnings.warn(
2026-05-06 06:39:48.893135: I tensorflow/core/util/port.cc:153] oneDNN custom operations are on. You may see slightly different numerical results due to floating-point round-off errors from different computation orders. To turn them off, set the environment variable `TF_ENABLE_ONEDNN_OPTS=0`.
2026-05-06 06:39:48.912771: E external/local_xla/xla/stream_executor/cuda/cuda_fft.cc:467] Unable to register cuFFT factory: Attempting to register factory for plugin cuFFT when one has already been registered
WARNING: All log messages before absl::InitializeLog() is called are written to STDERR
E0000 00:00:1778049588.935498 4063776 cuda_dnn.cc:8579] Unable to register cuDNN factory: Attempting to register factory for plugin cuDNN when one has already been registered
E0000 00:00:1778049588.942955 4063776 cuda_blas.cc:1407] Unable to register cuBLAS factory: Attempting to register factory for plugin cuBLAS when one has already been registered
W0000 00:00:1778049588.961902 4063776 computation_placer.cc:177] computation placer already registered. Please check linkage and avoid linking the same target more than once.
W0000 00:00:1778049588.961926 4063776 computation_placer.cc:177] computation placer already registered. Please check linkage and avoid linking the same target more than once.
W0000 00:00:1778049588.961928 4063776 computation_placer.cc:177] computation placer already registered. Please check linkage and avoid linking the same target more than once.
W0000 00:00:1778049588.961929 4063776 computation_placer.cc:177] computation placer already registered. Please check linkage and avoid linking the same target more than once.
2026-05-06 06:39:48.966869: I tensorflow/core/platform/cpu_feature_guard.cc:210] This TensorFlow binary is optimized to use available CPU instructions in performance-critical operations.
To enable the following instructions: AVX2 AVX512F AVX512_VNNI FMA, in other operations, rebuild TensorFlow with the appropriate compiler flags.
[itergen-smiles:acrylates] loading grammar/model
`torch_dtype` is deprecated! Use `dtype` instead!
Creating DFA mask store for Qwen2TokenizerFast and custom, may take more than 10 minutes. Caching at /home/advayth2/itergen/cache/mask_stores/Qwen2TokenizerFast/grammar_strict_1637164452_151643.pkl.
Ignore whitespace tokens is False

  0%|          | 0/158 [00:00<?, ?it/s]
  1%|          | 1/158 [00:00<02:21,  1.11it/s]
  1%|▏         | 2/158 [00:05<08:31,  3.28s/it]
  2%|▏         | 3/158 [00:10<10:08,  3.93s/it]
  3%|▎         | 4/158 [00:15<11:05,  4.32s/it]
  3%|▎         | 5/158 [00:20<11:20,  4.45s/it]
  4%|▍         | 6/158 [00:24<11:33,  4.56s/it]
  4%|▍         | 7/158 [00:29<11:32,  4.58s/it]
  5%|▌         | 8/158 [00:34<11:49,  4.73s/it]
  6%|▌         | 9/158 [00:39<11:49,  4.76s/it]
  6%|▋         | 10/158 [00:44<11:50,  4.80s/it]
  7%|▋         | 11/158 [00:49<11:49,  4.83s/it]
  8%|▊         | 12/158 [00:54<11:49,  4.86s/it]
  8%|▊         | 13/158 [00:59<11:47,  4.88s/it]
  9%|▉         | 14/158 [01:03<11:44,  4.89s/it]
  9%|▉         | 15/158 [01:08<11:44,  4.93s/it]
 10%|█         | 16/158 [01:14<11:43,  4.96s/it]
 11%|█         | 17/158 [01:14<08:31,  3.63s/it]
 11%|█▏        | 18/158 [01:15<06:16,  2.69s/it]
 12%|█▏        | 19/158 [01:20<07:52,  3.40s/it]
 13%|█▎        | 20/158 [01:20<05:49,  2.53s/it]
 13%|█▎        | 21/158 [01:21<04:22,  1.92s/it]
 14%|█▍        | 22/158 [01:25<06:20,  2.80s/it]
 15%|█▍        | 23/158 [01:26<04:44,  2.11s/it]
 15%|█▌        | 24/158 [01:26<03:37,  1.62s/it]
 16%|█▌        | 25/158 [01:27<02:50,  1.28s/it]
 16%|█▋        | 26/158 [01:27<02:18,  1.05s/it]
 17%|█▋        | 27/158 [01:28<01:55,  1.14it/s]
 18%|█▊        | 28/158 [01:28<01:39,  1.31it/s]
 18%|█▊        | 29/158 [01:29<01:28,  1.46it/s]
 19%|█▉        | 30/158 [01:29<01:20,  1.60it/s]
 20%|█▉        | 31/158 [01:30<01:14,  1.71it/s]
 20%|██        | 32/158 [01:30<01:09,  1.80it/s]
 21%|██        | 33/158 [01:31<01:06,  1.87it/s]
 22%|██▏       | 34/158 [01:31<01:04,  1.93it/s]
 22%|██▏       | 35/158 [01:32<01:02,  1.96it/s]
 23%|██▎       | 36/158 [01:32<01:01,  1.98it/s]
 23%|██▎       | 37/158 [01:33<01:00,  1.99it/s]
 24%|██▍       | 38/158 [01:33<01:01,  1.94it/s]
 25%|██▍       | 39/158 [01:34<01:02,  1.90it/s]
 25%|██▌       | 40/158 [01:34<01:01,  1.93it/s]
 26%|██▌       | 41/158 [01:35<00:59,  1.96it/s]
 27%|██▋       | 42/158 [01:35<00:58,  1.99it/s]
 27%|██▋       | 43/158 [01:36<00:57,  1.99it/s]
 28%|██▊       | 44/158 [01:36<00:56,  2.01it/s]
 28%|██▊       | 45/158 [01:37<00:55,  2.02it/s]
 29%|██▉       | 46/158 [01:37<00:57,  1.93it/s]
 30%|██▉       | 47/158 [01:38<00:56,  1.96it/s]
 30%|███       | 48/158 [01:38<00:56,  1.95it/s]
 31%|███       | 49/158 [01:39<00:55,  1.96it/s]
 32%|███▏      | 50/158 [01:39<00:54,  1.98it/s]
