Loaded 1034 Spider examples from HuggingFace
[transformers] `torch_dtype` is deprecated! Use `dtype` instead!

Loading weights:   0%|          | 0/338 [00:00<?, ?it/s]
Loading weights: 100%|██████████| 338/338 [00:00<00:00, 4418.48it/s]
[crane-original:spider] 1/50
[crane-original:spider] 2/50
[crane-original:spider] 3/50
[crane-original:spider] 4/50
[crane-original:spider] 5/50
[crane-original:spider] 6/50
[crane-original:spider] 7/50
[crane-original:spider] 8/50
[crane-original:spider] 9/50
[crane-original:spider] 10/50
[crane-original:spider] 11/50
[crane-original:spider] 12/50
[crane-original:spider] 13/50
[crane-original:spider] 14/50
[crane-original:spider] 15/50
[crane-original:spider] 16/50
[crane-original:spider] 17/50
[crane-original:spider] 18/50
[crane-original:spider] 19/50
[crane-original:spider] 20/50
[crane-original:spider] 21/50
[crane-original:spider] 22/50
[crane-original:spider] 23/50
[crane-original:spider] 24/50
[crane-original:spider] 25/50
[crane-original:spider] 26/50
[crane-original:spider] 27/50
[crane-original:spider] 28/50
[crane-original:spider] 29/50
[crane-original:spider] 30/50
[crane-original:spider] 31/50
[crane-original:spider] 32/50
[crane-original:spider] 33/50
[crane-original:spider] 34/50
[crane-original:spider] 35/50
[crane-original:spider] 36/50
[crane-original:spider] 37/50
[crane-original:spider] 38/50
[crane-original:spider] 39/50
[crane-original:spider] 40/50
[crane-original:spider] 41/50
[crane-original:spider] 42/50
[crane-original:spider] 43/50
[crane-original:spider] 44/50
[crane-original:spider] 45/50
[crane-original:spider] 46/50
[crane-original:spider] 47/50
[crane-original:spider] 48/50
[crane-original:spider] 49/50
[crane-original:spider] 50/50
[nltk_data] Downloading package punkt to /home/advayth2/nltk_data...
[nltk_data]   Package punkt is already up-to-date!
[nltk_data] Downloading package stopwords to
[nltk_data]     /home/advayth2/nltk_data...
[nltk_data]   Package stopwords is already up-to-date!
[summary] wrote /home/advayth2/projects/verified-agent-synthesis/outputs/generated-csd/benchmarks/handoff_gsm_spider_remaining_metadecode_gpt54_qwen15_20260507_003709_spider_metadecode_qwen25_coder_1p5b_instruct_gpt54_crane_train.json
