Loaded 50 examples from CRANE folder /home/advayth2/CRANE/src/gsm_symbolic
[transformers] `torch_dtype` is deprecated! Use `dtype` instead!

Fetching 6 files:   0%|          | 0/6 [00:00<?, ?it/s]
Fetching 6 files:  17%|█▋        | 1/6 [02:18<11:33, 138.80s/it]
Fetching 6 files:  33%|███▎      | 2/6 [02:25<04:05, 61.25s/it] 
Fetching 6 files: 100%|██████████| 6/6 [02:25<00:00, 24.29s/it]

Loading weights:   0%|          | 0/579 [00:00<?, ?it/s]
Loading weights:  69%|██████▊   | 397/579 [00:00<00:00, 3941.07it/s]
Loading weights: 100%|██████████| 579/579 [00:00<00:00, 3808.89it/s]
Traceback (most recent call last):
  File "/home/advayth2/projects/verified-agent-synthesis/scripts/benchmark_crane_baseline.py", line 762, in <module>
    raise SystemExit(main())
                     ^^^^^^
  File "/home/advayth2/projects/verified-agent-synthesis/scripts/benchmark_crane_baseline.py", line 742, in main
    result, examples = run_dataset(args, dataset=dataset, sample_size=args.sample_size)
                       ^^^^^^^^^^^^^^^^^^^^^^^^^^^^^^^^^^^^^^^^^^^^^^^^^^^^^^^^^^^^^^^^
  File "/home/advayth2/projects/verified-agent-synthesis/scripts/benchmark_crane_baseline.py", line 434, in run_dataset
    decoder, source, decoder_config = build_crane_decoder(
                                      ^^^^^^^^^^^^^^^^^^^^
  File "/home/advayth2/projects/verified-agent-synthesis/scripts/benchmark_crane_baseline.py", line 343, in build_crane_decoder
    decoder = CraneDecoder(
              ^^^^^^^^^^^^^
  File "/home/advayth2/CRANE/src/crane/main.py", line 725, in __init__
    super().__init__(grammar, model_id, default_unit, device, quantize, max_tokens, parse_output_only, recurrence_penalty, **gen_args)
  File "/home/advayth2/CRANE/src/crane/main.py", line 107, in __init__
    self.model = common.load_model(model_id, device, quantize)
                 ^^^^^^^^^^^^^^^^^^^^^^^^^^^^^^^^^^^^^^^^^^^^^
  File "/home/advayth2/CRANE/src/crane/iter_syncode/common.py", line 36, in load_model
    model = AutoModelForCausalLM.from_pretrained(model_name, torch_dtype=torch.bfloat16, cache_dir=HF_CACHE, token=HF_ACCESS_TOKEN, trust_remote_code=True).eval().to(device)
            ^^^^^^^^^^^^^^^^^^^^^^^^^^^^^^^^^^^^^^^^^^^^^^^^^^^^^^^^^^^^^^^^^^^^^^^^^^^^^^^^^^^^^^^^^^^^^^^^^^^^^^^^^^^^^^^^^^^^^^^^^^^^^^^^^^^^^^^^^^^^^^^^^^^^^^^^^^^^^^^^^
  File "/home/advayth2/envs/vas-rdkit/lib/python3.12/site-packages/transformers/modeling_utils.py", line 3650, in to
    return super().to(*args, **kwargs)
           ^^^^^^^^^^^^^^^^^^^^^^^^^^^
  File "/home/advayth2/envs/vas-rdkit/lib/python3.12/site-packages/torch/nn/modules/module.py", line 1384, in to
    return self._apply(convert)
           ^^^^^^^^^^^^^^^^^^^^
  File "/home/advayth2/envs/vas-rdkit/lib/python3.12/site-packages/torch/nn/modules/module.py", line 934, in _apply
    module._apply(fn)
  File "/home/advayth2/envs/vas-rdkit/lib/python3.12/site-packages/torch/nn/modules/module.py", line 934, in _apply
    module._apply(fn)
  File "/home/advayth2/envs/vas-rdkit/lib/python3.12/site-packages/torch/nn/modules/module.py", line 965, in _apply
    param_applied = fn(param)
                    ^^^^^^^^^
  File "/home/advayth2/envs/vas-rdkit/lib/python3.12/site-packages/torch/nn/modules/module.py", line 1370, in convert
    return t.to(
           ^^^^^
torch.AcceleratorError: CUDA error: out of memory
Search for `cudaErrorMemoryAllocation' in https://docs.nvidia.com/cuda/cuda-runtime-api/group__CUDART__TYPES.html for more information.
CUDA kernel errors might be asynchronously reported at some other API call, so the stacktrace below might be incorrect.
For debugging consider passing CUDA_LAUNCH_BLOCKING=1
Compile with `TORCH_USE_CUDA_DSA` to enable device-side assertions.

