/opt/anaconda/lib/python3.12/site-packages/requests/__init__.py:113: RequestsDependencyWarning: urllib3 (2.4.0) or chardet (7.4.3)/charset_normalizer (3.4.2) doesn't match a supported version!
  warnings.warn(
`torch_dtype` is deprecated! Use `dtype` instead!
2026-05-06 06:35:16.466208: I tensorflow/core/util/port.cc:153] oneDNN custom operations are on. You may see slightly different numerical results due to floating-point round-off errors from different computation orders. To turn them off, set the environment variable `TF_ENABLE_ONEDNN_OPTS=0`.
2026-05-06 06:35:16.485820: E external/local_xla/xla/stream_executor/cuda/cuda_fft.cc:467] Unable to register cuFFT factory: Attempting to register factory for plugin cuFFT when one has already been registered
WARNING: All log messages before absl::InitializeLog() is called are written to STDERR
E0000 00:00:1778049316.507114 4032550 cuda_dnn.cc:8579] Unable to register cuDNN factory: Attempting to register factory for plugin cuDNN when one has already been registered
E0000 00:00:1778049316.514130 4032550 cuda_blas.cc:1407] Unable to register cuBLAS factory: Attempting to register factory for plugin cuBLAS when one has already been registered
W0000 00:00:1778049316.535647 4032550 computation_placer.cc:177] computation placer already registered. Please check linkage and avoid linking the same target more than once.
W0000 00:00:1778049316.535753 4032550 computation_placer.cc:177] computation placer already registered. Please check linkage and avoid linking the same target more than once.
W0000 00:00:1778049316.535774 4032550 computation_placer.cc:177] computation placer already registered. Please check linkage and avoid linking the same target more than once.
W0000 00:00:1778049316.535790 4032550 computation_placer.cc:177] computation placer already registered. Please check linkage and avoid linking the same target more than once.
2026-05-06 06:35:16.540705: I tensorflow/core/platform/cpu_feature_guard.cc:210] This TensorFlow binary is optimized to use available CPU instructions in performance-critical operations.
To enable the following instructions: AVX2 AVX512F AVX512_VNNI FMA, in other operations, rebuild TensorFlow with the appropriate compiler flags.
Traceback (most recent call last):
  File "/home/advayth2/projects/verified-agent-synthesis/scripts/benchmark_crane_baseline.py", line 584, in <module>
    raise SystemExit(main())
                     ^^^^^^
  File "/home/advayth2/projects/verified-agent-synthesis/scripts/benchmark_crane_baseline.py", line 559, in main
    run_smiles_target(args, class_name=class_name, target_samples=args.sample_size)
  File "/home/advayth2/projects/verified-agent-synthesis/scripts/benchmark_crane_baseline.py", line 378, in run_smiles_target
    decoder, source, decoder_config = build_crane_decoder(args, dataset="smiles", smiles_class=class_name)
                                      ^^^^^^^^^^^^^^^^^^^^^^^^^^^^^^^^^^^^^^^^^^^^^^^^^^^^^^^^^^^^^^^^^^^^
  File "/home/advayth2/projects/verified-agent-synthesis/scripts/benchmark_crane_baseline.py", line 205, in build_crane_decoder
    decoder = CraneDecoder(
              ^^^^^^^^^^^^^
  File "/home/advayth2/CRANE/src/crane/main.py", line 725, in __init__
    super().__init__(grammar, model_id, default_unit, device, quantize, max_tokens, parse_output_only, recurrence_penalty, **gen_args)
  File "/home/advayth2/CRANE/src/crane/main.py", line 107, in __init__
    self.model = common.load_model(model_id, device, quantize)
                 ^^^^^^^^^^^^^^^^^^^^^^^^^^^^^^^^^^^^^^^^^^^^^
  File "/home/advayth2/CRANE/src/crane/iter_syncode/common.py", line 36, in load_model
    model = AutoModelForCausalLM.from_pretrained(model_name, torch_dtype=torch.bfloat16, cache_dir=HF_CACHE, token=HF_ACCESS_TOKEN, trust_remote_code=True).eval().to(device)
            ^^^^^^^^^^^^^^^^^^^^^^^^^^^^^^^^^^^^^^^^^^^^^^^^^^^^^^^^^^^^^^^^^^^^^^^^^^^^^^^^^^^^^^^^^^^^^^^^^^^^^^^^^^^^^^^^^^^^^^^^^^^^^^^^^^^^^^^^^^^^^^^^^^^^^^^^^^^^^^^^^
  File "/opt/anaconda/lib/python3.12/site-packages/transformers/modeling_utils.py", line 4343, in to
    return super().to(*args, **kwargs)
           ^^^^^^^^^^^^^^^^^^^^^^^^^^^
  File "/opt/anaconda/lib/python3.12/site-packages/torch/nn/modules/module.py", line 1381, in to
    return self._apply(convert)
           ^^^^^^^^^^^^^^^^^^^^
  File "/opt/anaconda/lib/python3.12/site-packages/torch/nn/modules/module.py", line 933, in _apply
    module._apply(fn)
  File "/opt/anaconda/lib/python3.12/site-packages/torch/nn/modules/module.py", line 933, in _apply
    module._apply(fn)
  File "/opt/anaconda/lib/python3.12/site-packages/torch/nn/modules/module.py", line 964, in _apply
    param_applied = fn(param)
                    ^^^^^^^^^
  File "/opt/anaconda/lib/python3.12/site-packages/torch/nn/modules/module.py", line 1367, in convert
    return t.to(
           ^^^^^
  File "/opt/anaconda/lib/python3.12/site-packages/torch/cuda/__init__.py", line 424, in _lazy_init
    torch._C._cuda_init()
RuntimeError: No CUDA GPUs are available
