Loaded 1034 Spider examples from HuggingFace
[transformers] `torch_dtype` is deprecated! Use `dtype` instead!

Loading weights:   0%|          | 0/338 [00:00<?, ?it/s]
Loading weights: 100%|██████████| 338/338 [00:00<00:00, 5259.49it/s]
[crane-original:spider] 1/100
[crane-original:spider] 2/100
[crane-original:spider] 3/100
[crane-original:spider] 4/100
[crane-original:spider] 5/100
[crane-original:spider] 6/100
[crane-original:spider] 7/100
[crane-original:spider] 8/100
[crane-original:spider] 9/100
[crane-original:spider] 10/100
[crane-original:spider] 11/100
[crane-original:spider] 12/100
[crane-original:spider] 13/100
[crane-original:spider] 14/100
[crane-original:spider] 15/100
[crane-original:spider] 16/100
[crane-original:spider] 17/100
[crane-original:spider] 18/100
[crane-original:spider] 19/100
[crane-original:spider] 20/100
[crane-original:spider] 21/100
[crane-original:spider] 22/100
[crane-original:spider] 23/100
[crane-original:spider] 24/100
[crane-original:spider] 25/100
[crane-original:spider] 26/100
[crane-original:spider] 27/100
[crane-original:spider] 28/100
[crane-original:spider] 29/100
[crane-original:spider] 30/100
[crane-original:spider] 31/100
[crane-original:spider] 32/100
[crane-original:spider] 33/100
[crane-original:spider] 34/100
[crane-original:spider] 35/100
[crane-original:spider] 36/100
[crane-original:spider] 37/100
[crane-original:spider] 38/100
[crane-original:spider] 39/100
[crane-original:spider] 40/100
[crane-original:spider] 41/100
[crane-original:spider] 42/100
[crane-original:spider] 43/100
[crane-original:spider] 44/100
[crane-original:spider] 45/100
[crane-original:spider] 46/100
[crane-original:spider] 47/100
[crane-original:spider] 48/100
[crane-original:spider] 49/100
[crane-original:spider] 50/100
[crane-original:spider] 51/100
[crane-original:spider] 52/100
[crane-original:spider] 53/100
[crane-original:spider] 54/100
[crane-original:spider] 55/100
[crane-original:spider] 56/100
[crane-original:spider] 57/100
[crane-original:spider] 58/100
[crane-original:spider] 59/100
[crane-original:spider] 60/100
[crane-original:spider] 61/100
[crane-original:spider] 62/100
[crane-original:spider] 63/100
[crane-original:spider] 64/100
[crane-original:spider] 65/100
[crane-original:spider] 66/100
[crane-original:spider] 67/100
[crane-original:spider] 68/100
[crane-original:spider] 69/100
[crane-original:spider] 70/100
[crane-original:spider] 71/100
[crane-original:spider] 72/100
[crane-original:spider] 73/100
[crane-original:spider] 74/100
[crane-original:spider] 75/100
[crane-original:spider] 76/100
[crane-original:spider] 77/100
[crane-original:spider] 78/100
[crane-original:spider] 79/100
[crane-original:spider] 80/100
[crane-original:spider] 81/100
[crane-original:spider] 82/100
[crane-original:spider] 83/100
[crane-original:spider] 84/100
[crane-original:spider] 85/100
[crane-original:spider] 86/100
[crane-original:spider] 87/100
[crane-original:spider] 88/100
[crane-original:spider] 89/100
[crane-original:spider] 90/100
[crane-original:spider] 91/100
[crane-original:spider] 92/100
[crane-original:spider] 93/100
[crane-original:spider] 94/100
[crane-original:spider] 95/100
[crane-original:spider] 96/100
[crane-original:spider] 97/100
[crane-original:spider] 98/100
[crane-original:spider] 99/100
[crane-original:spider] 100/100
Traceback (most recent call last):
  File "/home/advayth2/projects/verified-agent-synthesis/scripts/benchmark_crane_baseline.py", line 752, in <module>
    raise SystemExit(main())
                     ^^^^^^
  File "/home/advayth2/projects/verified-agent-synthesis/scripts/benchmark_crane_baseline.py", line 734, in main
    add_spider_official_scores(result, examples)
  File "/home/advayth2/projects/verified-agent-synthesis/scripts/benchmark_crane_baseline.py", line 616, in add_spider_official_scores
    scores, error_types, rows = execute_accuracy(
                                ^^^^^^^^^^^^^^^^^
  File "/home/advayth2/projects/verified-agent-synthesis/evaluations/sql_spider/executor.py", line 146, in execute_accuracy
    evaluate = _load_spider_evaluate()
               ^^^^^^^^^^^^^^^^^^^^^^^
  File "/home/advayth2/projects/verified-agent-synthesis/evaluations/sql_spider/executor.py", line 72, in _load_spider_evaluate
    spec.loader.exec_module(module)
  File "<frozen importlib._bootstrap_external>", line 999, in exec_module
  File "<frozen importlib._bootstrap>", line 488, in _call_with_frames_removed
  File "/home/advayth2/projects/verified-agent-synthesis/syncode/syncode/utils/sql_spider_eval/evaluation.py", line 26, in <module>
    import sqlite3
  File "/home/advayth2/envs/vas-rdkit/lib/python3.12/sqlite3/__init__.py", line 57, in <module>
    from sqlite3.dbapi2 import *
  File "/home/advayth2/envs/vas-rdkit/lib/python3.12/sqlite3/dbapi2.py", line 27, in <module>
    from _sqlite3 import *
ImportError: /lib/x86_64-linux-gnu/libstdc++.so.6: version `CXXABI_1.3.15' not found (required by /home/advayth2/envs/vas-rdkit/lib/python3.12/lib-dynload/../.././libicui18n.so.78)
