Loaded 50 examples from CRANE folder /home/advayth2/CRANE/src/gsm_symbolic
[transformers] `torch_dtype` is deprecated! Use `dtype` instead!

Fetching 4 files:   0%|          | 0/4 [00:00<?, ?it/s]
Fetching 4 files:  25%|██▌       | 1/4 [02:00<06:01, 120.59s/it]
Fetching 4 files: 100%|██████████| 4/4 [02:00<00:00, 30.15s/it] 

Loading weights:   0%|          | 0/339 [00:00<?, ?it/s]
Loading weights: 100%|██████████| 339/339 [00:00<00:00, 4488.63it/s]
[1/50] GSM source_index=1
  -> expr: t * (y / d) correct=False syntax=True
[2/50] GSM source_index=3
  -> expr: n - n_1 - n_2 - 2*n_2 correct=True syntax=True
[3/50] GSM source_index=7
  -> expr: (n1*w1 + n2*w2 + n3*w3 + n4*w4) / total correct=False syntax=True
[4/50] GSM source_index=9
  -> expr: total - x - y - z correct=True syntax=True
[5/50] GSM source_index=10
  -> expr: frac1*t + frac2*(total-t) correct=False syntax=True
[6/50] GSM source_index=12
  -> expr: n - k*x correct=True syntax=True
[7/50] GSM source_index=14
  -> expr: t - (t1 + t2) correct=True syntax=True
[8/50] GSM source_index=15
  -> expr: ((k1 + k2) / (n1 + n2)) * 100 correct=False syntax=True
[9/50] GSM source_index=22
  -> expr: x + n1 - n2 correct=False syntax=True
[10/50] GSM source_index=23
  -> expr: count * (n1 + n2 + n3 + 2 * n4 + 2 * n5) correct=False syntax=True
[11/50] GSM source_index=24
  -> expr: (total - spent) / (cal * n / size) correct=False syntax=True
[12/50] GSM source_index=25
  -> expr: total * (p1/100) + total * ((100-p1)/100) * (p2/100) correct=False syntax=True
[13/50] GSM source_index=26
  -> expr: 7 * (n1 + n2 + n3) correct=True syntax=True
[14/50] GSM source_index=27
  -> expr: n * (1 - p/100) * d correct=True syntax=True
[15/50] GSM source_index=28
  -> expr: total * (1 - frac) - daily * period * 7 correct=True syntax=True
[16/50] GSM source_index=29
  -> expr: age1 + years * mult correct=False syntax=True
[17/50] GSM source_index=32
  -> expr: price + (price * (brokerage_fee + transfer_fee) / 100) - budget correct=False syntax=True
[18/50] GSM source_index=35
  -> expr: total - current - (total * fraction) correct=True syntax=True
[19/50] GSM source_index=38
  -> expr: n1 * price1 - n2 * price2 correct=True syntax=True
[20/50] GSM source_index=39
  -> expr: (100 * t * n) / (d * h * 60) correct=False syntax=True
[21/50] GSM source_index=41
  -> expr: total - n1 - mult correct=False syntax=True
[22/50] GSM source_index=44
  -> expr: n + mult * n correct=True syntax=True
[23/50] GSM source_index=45
  -> expr: (length / (plant_width + space)) * cost - owned * cost correct=False syntax=True
[24/50] GSM source_index=46
  -> expr: (total - graduates - faculty) / graduates correct=False syntax=True
[25/50] GSM source_index=47
  -> expr: n*12 - x - mult1*x - (mult1*x - y) - frac*(mult1*x - y) correct=False syntax=True
[26/50] GSM source_index=50
  -> expr: 2 * (length * 3 + area / length) correct=False syntax=True
[27/50] GSM source_index=54
  -> expr: total - n1 - (n1 + n2) - ((n1 + n2) + n3) correct=False syntax=True
[28/50] GSM source_index=56
  -> expr: num * vol * cal correct=True syntax=True
[29/50] GSM source_index=58
  -> expr: base * mult2 * n * days correct=False syntax=True
[30/50] GSM source_index=60
  -> expr: h * d * r * month + b * month correct=False syntax=False
[31/50] GSM source_index=62
  -> expr: n1 + (n1 * p / 100) + (n1 + (n1 * p / 100)) correct=True syntax=True
[32/50] GSM source_index=63
  -> expr: n + (n - k) correct=True syntax=True
[33/50] GSM source_index=64
  -> expr: n * m / k correct=False syntax=True
[34/50] GSM source_index=67
  -> expr: weight_vehicle + weight_item + (num_passengers * weight_passenger) * (force_percent / 100) correct=False syntax=True
[35/50] GSM source_index=69
  -> expr: mult * (t1 + t2) correct=True syntax=True
[36/50] GSM source_index=72
  -> expr: ((n1 - n2) * l * p) / (t * 60) correct=False syntax=True
[37/50] GSM source_index=73
  -> expr: relative_age + (multiple * relative_age - relative_age) / (orbit_period - 1) correct=False syntax=True
[38/50] GSM source_index=74
  -> expr: total - num_girls - absent_girls - absent_boys correct=False syntax=True
[39/50] GSM source_index=75
  -> expr: n1*p1 + n2*p2 + n3*p3 correct=True syntax=True
[40/50] GSM source_index=80
  -> expr: (total - (n1 * price1)) / ((100 - p) / 100) / price2 correct=False syntax=True
[41/50] GSM source_index=81
  -> expr: total - 2 * n - m correct=True syntax=True
[42/50] GSM source_index=82
  -> expr: m_left + w * (1 - frac) correct=False syntax=True
[43/50] GSM source_index=83
  -> expr: total - n1 - n2 correct=True syntax=True
[44/50] GSM source_index=84
  -> expr: n * p * (1 + r1/100) * (1 - r2/100) correct=False syntax=True
[45/50] GSM source_index=85
  -> expr: total - (diff / 2) correct=False syntax=True
[46/50] GSM source_index=87
  -> expr: (l1 / s1) - (l2 / s2) correct=True syntax=True
[47/50] GSM source_index=91
  -> expr: n + m + (n - k) correct=False syntax=True
[48/50] GSM source_index=93
  -> expr: d * (n + mult * t1 - t1) correct=True syntax=True
[49/50] GSM source_index=95
  -> expr: n1 + mult*n2 + n3 correct=False syntax=True
[50/50] GSM source_index=96
  -> expr: (budget - (cost1 + tokens + (cost2 * times))) / cost1 correct=False syntax=True
[summary] wrote /home/advayth2/projects/verified-agent-synthesis/outputs/generated-csd/master_experiments/handoff_gsm_spider_crane_itergen_qwen7_20260506_222934/benchmarks/gsm_itergen_qwen25_coder_7b_instruct.json
