Loaded 1034 Spider examples from HuggingFace
[transformers] `torch_dtype` is deprecated! Use `dtype` instead!

Fetching 4 files:   0%|          | 0/4 [00:00<?, ?it/s]
Fetching 4 files:  25%|██▌       | 1/4 [01:58<05:55, 118.63s/it]
Fetching 4 files: 100%|██████████| 4/4 [01:58<00:00, 29.66s/it] 

Loading weights:   0%|          | 0/339 [00:00<?, ?it/s]
Loading weights: 100%|██████████| 339/339 [00:00<00:00, 4630.86it/s]
[1/100] source_index=3 concert_singer: What are the names, countries, and ages for every singer in descending order of 
['SELECT name,']
['SELECT name, country,']
['SELECT name, country, age FROM']
['SELECT name, country, age FROM singer ORDER']
['SELECT name, country, age FROM singer ORDER BY age DESC']
['SELECT name, country, age FROM singer ORDER BY age DESC;']
{'total_tokens': 14}
  -> pred: SELECT name, country, age FROM singer ORDER BY age DESC
[2/100] source_index=9 concert_singer: What are  the different countries with singers above age 20?
['SELECT DISTINCT country FROM']
['SELECT DISTINCT country FROM singer WHERE']
['SELECT DISTINCT country FROM singer WHERE age >']
['SELECT DISTINCT country FROM singer WHERE age > 20']
{'total_tokens': 12}
  -> pred: SELECT DISTINCT country FROM singer WHERE age > 20
[3/100] source_index=19 concert_singer: What is the name and capacity for the stadium with the highest average attendanc
['SELECT name,']
['SELECT name, capacity FROM']
['SELECT name, capacity FROM stadium ORDER']
['SELECT name, capacity FROM stadium ORDER BY average DESC']
['SELECT name, capacity FROM stadium ORDER BY average DESC LIMIT 1']
{'total_tokens': 14}
  -> pred: SELECT name, capacity FROM stadium ORDER BY average DESC LIMIT 1
[4/100] source_index=54 pets_1: How many dog pets are raised by female students?
['SELECT COUNT(*)']
['SELECT COUNT(*) FROM student AS']
['SELECT COUNT(*) FROM student AS s JOIN has_pet AS']
['SELECT COUNT(*) FROM student AS s JOIN has_pet AS hp ON student.stuid =']
['SELECT COUNT(*) FROM student AS s JOIN has_pet AS hp ON student.stuid = has_pet.stuid JOIN']
['SELECT COUNT(*) FROM student AS s JOIN has_pet AS hp ON student.stuid = has_pet.stuid JOIN pets AS']
['SELECT COUNT(*) FROM student AS s JOIN has_pet AS hp ON student.stuid = has_pet.stuid JOIN pets AS p ON has_pet.petid =']
['SELECT COUNT(*) FROM student AS s JOIN has_pet AS hp ON student.stuid = has_pet.stuid JOIN pets AS p ON has_pet.petid = pets.petid WHERE']
['SELECT COUNT(*) FROM student AS s JOIN has_pet AS hp ON student.stuid = has_pet.stuid JOIN pets AS p ON has_pet.petid = pets.petid WHERE student.sex =']
["SELECT COUNT(*) FROM student AS s JOIN has_pet AS hp ON student.stuid = has_pet.stuid JOIN pets AS p ON has_pet.petid = pets.petid WHERE student.sex = 'F' AND pets.pettype ="]
["SELECT COUNT(*) FROM student AS s JOIN has_pet AS hp ON student.stuid = has_pet.stuid JOIN pets AS p ON has_pet.petid = pets.petid WHERE student.sex = 'F' AND pets.pettype = 'dog';"]
{'total_tokens': 81}
  -> pred: SELECT COUNT(*) FROM student AS s JOIN has_pet AS hp ON student.stuid = has_pet.stuid JOIN pets AS p ON has_pet.petid = 
[5/100] source_index=55 pets_1: Find the number of distinct type of pets.
['SELECT COUNT(DISTINCT pettype)']
['SELECT COUNT(DISTINCT pettype) FROM pets']
{'total_tokens': 11}
  -> pred: SELECT COUNT(DISTINCT pettype) FROM pets
[6/100] source_index=76 pets_1: What are the different first names and ages of the students who do have pets?
['SELECT DISTINCT student.fname,']
['SELECT DISTINCT student.fname, student.age FROM']
['SELECT DISTINCT student.fname, student.age FROM student JOIN']
['SELECT DISTINCT student.fname, student.age FROM student JOIN has_pet ON']
['SELECT DISTINCT student.fname, student.age FROM student JOIN has_pet ON student.stuid =']
['SELECT DISTINCT student.fname, student.age FROM student JOIN has_pet ON student.stuid = has_pet.stuid;']
['SELECT DISTINCT student.fname, student.age FROM student JOIN has_pet ON student.stuid = has_pet.stuid;']
{'total_tokens': 26}
  -> pred: SELECT DISTINCT student.fname, student.age FROM student JOIN has_pet ON student.stuid = has_pet.stuid
[7/100] source_index=81 pets_1: Find the first name and gender of student who have more than one pet.
['SELECT student.fname,']
['SELECT student.fname, student.sex FROM']
['SELECT student.fname, student.sex FROM student JOIN']
['SELECT student.fname, student.sex FROM student JOIN has_pet ON']
['SELECT student.fname, student.sex FROM student JOIN has_pet ON student.stuid =']
['SELECT student.fname, student.sex FROM student JOIN has_pet ON student.stuid = has_pet.stuid GROUP']
['SELECT student.fname, student.sex FROM student JOIN has_pet ON student.stuid = has_pet.stuid GROUP BY student.stuid H']
['SELECT student.fname, student.sex FROM student JOIN has_pet ON student.stuid = has_pet.stuid GROUP BY student.stuid HAVING COUNT(has_pet.petid)']
['SELECT student.fname, student.sex FROM student JOIN has_pet ON student.stuid = has_pet.stuid GROUP BY student.stuid HAVING COUNT(has_pet.petid) > 1']
{'total_tokens': 40}
  -> pred: SELECT student.fname, student.sex FROM student JOIN has_pet ON student.stuid = has_pet.stuid GROUP BY student.stuid HAVI
[8/100] source_index=103 car_1: Which distinct car models are the produced after 1980?
['SELECT DISTINCT model FROM']
['SELECT DISTINCT model FROM car_names WHERE']
['SELECT DISTINCT model FROM car_names WHERE makeid IN']
['SELECT DISTINCT model FROM car_names WHERE makeid IN (SELECT id FROM']
['SELECT DISTINCT model FROM car_names WHERE makeid IN (SELECT id FROM cars_data WHERE']
['SELECT DISTINCT model FROM car_names WHERE makeid IN (SELECT id FROM cars_data WHERE year >']
['SELECT DISTINCT model FROM car_names WHERE makeid IN (SELECT id FROM cars_data WHERE year > 1980)']
{'total_tokens': 26}
  -> pred: SELECT DISTINCT model FROM car_names WHERE makeid IN (SELECT id FROM cars_data WHERE year > 1980)
[9/100] source_index=114 car_1: What is the number of makers of care in France?
['SELECT COUNT(*)']
['SELECT COUNT(*) FROM car_makers \n']
['SELECT COUNT(*) FROM car_makers \nJOIN countries ON']
['SELECT COUNT(*) FROM car_makers \nJOIN countries ON car_makers.country =']
['SELECT COUNT(*) FROM car_makers \nJOIN countries ON car_makers.country = countries.countryid \n']
['SELECT COUNT(*) FROM car_makers \nJOIN countries ON car_makers.country = countries.countryid \nWHERE countries.countryname =']
["SELECT COUNT(*) FROM car_makers \nJOIN countries ON car_makers.country = countries.countryid \nWHERE countries.countryname = 'France';"]
{'total_tokens': 29}
  -> pred: SELECT COUNT(*) FROM car_makers  JOIN countries ON car_makers.country = countries.countryid  WHERE countries.countryname
[10/100] source_index=118 car_1: What is the average miles per gallon of all the cards with 4 cylinders?
['SELECT AVG(mpg)']
['SELECT AVG(mpg) FROM cars_data WHERE']
['SELECT AVG(mpg) FROM cars_data WHERE cylinders =']
['SELECT AVG(mpg) FROM cars_data WHERE cylinders = 4']
{'total_tokens': 14}
  -> pred: SELECT AVG(mpg) FROM cars_data WHERE cylinders = 4
[11/100] source_index=121 car_1: What are all the makers and models?
['SELECT DISTINCT maker,']
['SELECT DISTINCT maker, model FROM']
['SELECT DISTINCT maker, model FROM model_list']
{'total_tokens': 14}
  -> pred: SELECT DISTINCT maker, model FROM model_list
[12/100] source_index=131 car_1: What is the maximum horsepower and the make of the car models with 3 cylinders?
['SELECT MAX(cars_data.horsepower),']
['SELECT MAX(cars_data.horsepower), car_names.make FROM']
['SELECT MAX(cars_data.horsepower), car_names.make FROM cars_data JOIN']
['SELECT MAX(cars_data.horsepower), car_names.make FROM cars_data JOIN car_names ON']
['SELECT MAX(cars_data.horsepower), car_names.make FROM cars_data JOIN car_names ON cars_data.id =']
['SELECT MAX(cars_data.horsepower), car_names.make FROM cars_data JOIN car_names ON cars_data.id = car_names.makeid WHERE']
['SELECT MAX(cars_data.horsepower), car_names.make FROM cars_data JOIN car_names ON cars_data.id = car_names.makeid WHERE cars_data.cylinders =']
['SELECT MAX(cars_data.horsepower), car_names.make FROM cars_data JOIN car_names ON cars_data.id = car_names.makeid WHERE cars_data.cylinders = 3;']
{'total_tokens': 38}
  -> pred: SELECT MAX(cars_data.horsepower), car_names.make FROM cars_data JOIN car_names ON cars_data.id = car_names.makeid WHERE 
[13/100] source_index=151 car_1: Which distinctive models are produced by maker with the full name General Motors
['SELECT DISTINCT model FROM']
['SELECT DISTINCT model FROM car_names WHERE']
['SELECT DISTINCT model FROM car_names WHERE maker IN']
['SELECT DISTINCT model FROM car_names WHERE maker IN (SELECT id FROM']
['SELECT DISTINCT model FROM car_names WHERE maker IN (SELECT id FROM car_makers WHERE']
['SELECT DISTINCT model FROM car_names WHERE maker IN (SELECT id FROM car_makers WHERE fullname =']
["SELECT DISTINCT model FROM car_names WHERE maker IN (SELECT id FROM car_makers WHERE fullname = 'General Motors') OR weight >"]
["SELECT DISTINCT model FROM car_names WHERE maker IN (SELECT id FROM car_makers WHERE fullname = 'General Motors') OR weight > 3500"]
{'total_tokens': 32}
  -> pred: SELECT DISTINCT model FROM car_names WHERE maker IN (SELECT id FROM car_makers WHERE fullname = 'General Motors') OR wei
[14/100] source_index=164 car_1: What is the number of carsw ith over 6 cylinders?
['SELECT COUNT(*)']
['SELECT COUNT(*) FROM cars_data WHERE']
['SELECT COUNT(*) FROM cars_data WHERE cylinders >']
['SELECT COUNT(*) FROM cars_data WHERE cylinders > 6;']
{'total_tokens': 13}
  -> pred: SELECT COUNT(*) FROM cars_data WHERE cylinders > 6
[15/100] source_index=171 car_1: Which models are lighter than 3500 but not built by the 'Ford Motor Company'?
['SELECT model FROM']
['SELECT model FROM car_names WHERE']
['SELECT model FROM car_names WHERE makeid IN']
['SELECT model FROM car_names WHERE makeid IN (SELECT id FROM']
['SELECT model FROM car_names WHERE makeid IN (SELECT id FROM cars_data WHERE']
['SELECT model FROM car_names WHERE makeid IN (SELECT id FROM cars_data WHERE weight <']
['SELECT model FROM car_names WHERE makeid IN (SELECT id FROM cars_data WHERE weight < 3500) AND model NOT']
['SELECT model FROM car_names WHERE makeid IN (SELECT id FROM cars_data WHERE weight < 3500) AND model NOT IN (SELECT model FROM']
['SELECT model FROM car_names WHERE makeid IN (SELECT id FROM cars_data WHERE weight < 3500) AND model NOT IN (SELECT model FROM car_names WHERE']
['SELECT model FROM car_names WHERE makeid IN (SELECT id FROM cars_data WHERE weight < 3500) AND model NOT IN (SELECT model FROM car_names WHERE makeid =']
['SELECT model FROM car_names WHERE makeid IN (SELECT id FROM cars_data WHERE weight < 3500) AND model NOT IN (SELECT model FROM car_names WHERE makeid = (SELECT id FROM']
['SELECT model FROM car_names WHERE makeid IN (SELECT id FROM cars_data WHERE weight < 3500) AND model NOT IN (SELECT model FROM car_names WHERE makeid = (SELECT id FROM car_makers WHERE']
['SELECT model FROM car_names WHERE makeid IN (SELECT id FROM cars_data WHERE weight < 3500) AND model NOT IN (SELECT model FROM car_names WHERE makeid = (SELECT id FROM car_makers WHERE maker =']
["SELECT model FROM car_names WHERE makeid IN (SELECT id FROM cars_data WHERE weight < 3500) AND model NOT IN (SELECT model FROM car_names WHERE makeid = (SELECT id FROM car_makers WHERE maker = 'Ford Motor Company'))"]
{'total_tokens': 54}
  -> pred: SELECT model FROM car_names WHERE makeid IN (SELECT id FROM cars_data WHERE weight < 3500) AND model NOT IN (SELECT mode
[16/100] source_index=175 car_1: Which are the car makers which produce at least 2 models and more than 3 car mak
['SELECT maker,']
['SELECT maker, id FROM']
['SELECT maker, id FROM car_makers WHERE']
['SELECT maker, id FROM car_makers WHERE id IN']
['SELECT maker, id FROM car_makers WHERE id IN (SELECT maker FROM']
['SELECT maker, id FROM car_makers WHERE id IN (SELECT maker FROM model_list GROUP']
['SELECT maker, id FROM car_makers WHERE id IN (SELECT maker FROM model_list GROUP BY maker HAVING']
['SELECT maker, id FROM car_makers WHERE id IN (SELECT maker FROM model_list GROUP BY maker HAVING COUNT(model)']
['SELECT maker, id FROM car_makers WHERE id IN (SELECT maker FROM model_list GROUP BY maker HAVING COUNT(model) >= 2) AND id IN']
['SELECT maker, id FROM car_makers WHERE id IN (SELECT maker FROM model_list GROUP BY maker HAVING COUNT(model) >= 2) AND id IN (SELECT maker FROM']
['SELECT maker, id FROM car_makers WHERE id IN (SELECT maker FROM model_list GROUP BY maker HAVING COUNT(model) >= 2) AND id IN (SELECT maker FROM car_makers GROUP']
['SELECT maker, id FROM car_makers WHERE id IN (SELECT maker FROM model_list GROUP BY maker HAVING COUNT(model) >= 2) AND id IN (SELECT maker FROM car_makers GROUP BY maker HAVING']
['SELECT maker, id FROM car_makers WHERE id IN (SELECT maker FROM model_list GROUP BY maker HAVING COUNT(model) >= 2) AND id IN (SELECT maker FROM car_makers GROUP BY maker HAVING COUNT(*)']
['SELECT maker, id FROM car_makers WHERE id IN (SELECT maker FROM model_list GROUP BY maker HAVING COUNT(model) >= 2) AND id IN (SELECT maker FROM car_makers GROUP BY maker HAVING COUNT(*) > 3)']
{'total_tokens': 55}
  -> pred: SELECT maker, id FROM car_makers WHERE id IN (SELECT maker FROM model_list GROUP BY maker HAVING COUNT(model) >= 2) AND 
[17/100] source_index=177 car_1: What are the id and names of the countries which have more than 3 car makers or 
['SELECT DISTINCT countries.countryid,']
['SELECT DISTINCT countries.countryid, countries.countryname \n']
['SELECT DISTINCT countries.countryid, countries.countryname \nFROM countries \n']
['SELECT DISTINCT countries.countryid, countries.countryname \nFROM countries \nJOIN car_makers ON']
['SELECT DISTINCT countries.countryid, countries.countryname \nFROM countries \nJOIN car_makers ON countries.countryid =']
['SELECT DISTINCT countries.countryid, countries.countryname \nFROM countries \nJOIN car_makers ON countries.countryid = car_makers.country \n']
['SELECT DISTINCT countries.countryid, countries.countryname \nFROM countries \nJOIN car_makers ON countries.countryid = car_makers.country \nJOIN model_list ON']
['SELECT DISTINCT countries.countryid, countries.countryname \nFROM countries \nJOIN car_makers ON countries.countryid = car_makers.country \nJOIN model_list ON car_makers.id =']
['SELECT DISTINCT countries.countryid, countries.countryname \nFROM countries \nJOIN car_makers ON countries.countryid = car_makers.country \nJOIN model_list ON car_makers.id = model_list.maker \n']
['SELECT DISTINCT countries.countryid, countries.countryname \nFROM countries \nJOIN car_makers ON countries.countryid = car_makers.country \nJOIN model_list ON car_makers.id = model_list.maker \nJOIN car_names ON']
['SELECT DISTINCT countries.countryid, countries.countryname \nFROM countries \nJOIN car_makers ON countries.countryid = car_makers.country \nJOIN model_list ON car_makers.id = model_list.maker \nJOIN car_names ON model_list.model =']
['SELECT DISTINCT countries.countryid, countries.countryname \nFROM countries \nJOIN car_makers ON countries.countryid = car_makers.country \nJOIN model_list ON car_makers.id = model_list.maker \nJOIN car_names ON model_list.model = car_names.model \n']
['SELECT DISTINCT countries.countryid, countries.countryname \nFROM countries \nJOIN car_makers ON countries.countryid = car_makers.country \nJOIN model_list ON car_makers.id = model_list.maker \nJOIN car_names ON model_list.model = car_names.model \nWHERE car_makers.id >']
['SELECT DISTINCT countries.countryid, countries.countryname \nFROM countries \nJOIN car_makers ON countries.countryid = car_makers.country \nJOIN model_list ON car_makers.id = model_list.maker \nJOIN car_names ON model_list.model = car_names.model \nWHERE car_makers.id > 3 OR car_names.model =']
["SELECT DISTINCT countries.countryid, countries.countryname \nFROM countries \nJOIN car_makers ON countries.countryid = car_makers.country \nJOIN model_list ON car_makers.id = model_list.maker \nJOIN car_names ON model_list.model = car_names.model \nWHERE car_makers.id > 3 OR car_names.model = 'fiat'"]
{'total_tokens': 88}
  -> pred: SELECT DISTINCT countries.countryid, countries.countryname  FROM countries  JOIN car_makers ON countries.countryid = car
[18/100] source_index=191 flight_2: How many flights do we have?
['SELECT COUNT(*)']
['SELECT COUNT(*) FROM flights;']
['SELECT COUNT(*) FROM flights;']
{'total_tokens': 7}
  -> pred: SELECT COUNT(*) FROM flights
[19/100] source_index=209 flight_2: How many flights arriving in Aberdeen city?
['SELECT COUNT(*)']
['SELECT COUNT(*) FROM flights JOIN']
['SELECT COUNT(*) FROM flights JOIN airports ON']
['SELECT COUNT(*) FROM flights JOIN airports ON flights.destairport =']
['SELECT COUNT(*) FROM flights JOIN airports ON flights.destairport = airports.airportcode WHERE']
['SELECT COUNT(*) FROM flights JOIN airports ON flights.destairport = airports.airportcode WHERE airports.city =']
["SELECT COUNT(*) FROM flights JOIN airports ON flights.destairport = airports.airportcode WHERE airports.city = 'Aberdeen';"]
{'total_tokens': 26}
  -> pred: SELECT COUNT(*) FROM flights JOIN airports ON flights.destairport = airports.airportcode WHERE airports.city = 'Aberdeen
[20/100] source_index=214 flight_2: Give the number of Jetblue Airways flights.
['SELECT COUNT(*)']
['SELECT COUNT(*) FROM flights WHERE']
['SELECT COUNT(*) FROM flights WHERE airline =']
["SELECT COUNT(*) FROM flights WHERE airline = 'Jetblue Airways';"]
{'total_tokens': 14}
  -> pred: SELECT COUNT(*) FROM flights WHERE airline = 'Jetblue Airways'
[21/100] source_index=228 flight_2: Give the code of the airport with the least flights.
['SELECT airportcode FROM']
['SELECT airportcode FROM flights GROUP']
['SELECT airportcode FROM flights GROUP BY airportcode ORDER']
['SELECT airportcode FROM flights GROUP BY airportcode ORDER BY COUNT(*)']
['SELECT airportcode FROM flights GROUP BY airportcode ORDER BY COUNT(*) ASC LIMIT 1']
{'total_tokens': 18}
  -> pred: SELECT airportcode FROM flights GROUP BY airportcode ORDER BY COUNT(*) ASC LIMIT 1
[22/100] source_index=231 flight_2: Find the abbreviation and country of the airline that has fewest number of fligh
['SELECT abbreviation,']
['SELECT abbreviation, country FROM']
['SELECT abbreviation, country FROM airlines WHERE']
['SELECT abbreviation, country FROM airlines WHERE uid =']
['SELECT abbreviation, country FROM airlines WHERE uid = (SELECT airline FROM']
['SELECT abbreviation, country FROM airlines WHERE uid = (SELECT airline FROM flights GROUP']
['SELECT abbreviation, country FROM airlines WHERE uid = (SELECT airline FROM flights GROUP BY airline ORDER']
['SELECT abbreviation, country FROM airlines WHERE uid = (SELECT airline FROM flights GROUP BY airline ORDER BY COUNT(*)']
['SELECT abbreviation, country FROM airlines WHERE uid = (SELECT airline FROM flights GROUP BY airline ORDER BY COUNT(*) ASC LIMIT 1)']
{'total_tokens': 32}
  -> pred: SELECT abbreviation, country FROM airlines WHERE uid = (SELECT airline FROM flights GROUP BY airline ORDER BY COUNT(*) A
[23/100] source_index=239 flight_2: Find all airlines that have flights from airport 'CVO' but not from 'APG'.
['SELECT DISTINCT airline FROM']
['SELECT DISTINCT airline FROM flights WHERE']
['SELECT DISTINCT airline FROM flights WHERE sourceairport =']
['SELECT DISTINCT airline FROM flights WHERE sourceairport = (SELECT airportcode FROM']
['SELECT DISTINCT airline FROM flights WHERE sourceairport = (SELECT airportcode FROM airports WHERE']
['SELECT DISTINCT airline FROM flights WHERE sourceairport = (SELECT airportcode FROM airports WHERE airportname =']
["SELECT DISTINCT airline FROM flights WHERE sourceairport = (SELECT airportcode FROM airports WHERE airportname = 'CVO') AND airline NOT"]
["SELECT DISTINCT airline FROM flights WHERE sourceairport = (SELECT airportcode FROM airports WHERE airportname = 'CVO') AND airline NOT IN (SELECT DISTINCT airline FROM"]
["SELECT DISTINCT airline FROM flights WHERE sourceairport = (SELECT airportcode FROM airports WHERE airportname = 'CVO') AND airline NOT IN (SELECT DISTINCT airline FROM flights WHERE"]
["SELECT DISTINCT airline FROM flights WHERE sourceairport = (SELECT airportcode FROM airports WHERE airportname = 'CVO') AND airline NOT IN (SELECT DISTINCT airline FROM flights WHERE sourceairport ="]
["SELECT DISTINCT airline FROM flights WHERE sourceairport = (SELECT airportcode FROM airports WHERE airportname = 'CVO') AND airline NOT IN (SELECT DISTINCT airline FROM flights WHERE sourceairport = (SELECT airportcode FROM"]
["SELECT DISTINCT airline FROM flights WHERE sourceairport = (SELECT airportcode FROM airports WHERE airportname = 'CVO') AND airline NOT IN (SELECT DISTINCT airline FROM flights WHERE sourceairport = (SELECT airportcode FROM airports WHERE"]
["SELECT DISTINCT airline FROM flights WHERE sourceairport = (SELECT airportcode FROM airports WHERE airportname = 'CVO') AND airline NOT IN (SELECT DISTINCT airline FROM flights WHERE sourceairport = (SELECT airportcode FROM airports WHERE airportname ="]
["SELECT DISTINCT airline FROM flights WHERE sourceairport = (SELECT airportcode FROM airports WHERE airportname = 'CVO') AND airline NOT IN (SELECT DISTINCT airline FROM flights WHERE sourceairport = (SELECT airportcode FROM airports WHERE airportname = 'APG'))"]
{'total_tokens': 61}
  -> pred: SELECT DISTINCT airline FROM flights WHERE sourceairport = (SELECT airportcode FROM airports WHERE airportname = 'CVO') 
[24/100] source_index=242 flight_2: Which airlines have at least 10 flights?
['SELECT airline FROM']
['SELECT airline FROM flights GROUP']
['SELECT airline FROM flights GROUP BY airline HAVING']
['SELECT airline FROM flights GROUP BY airline HAVING COUNT(*)']
['SELECT airline FROM flights GROUP BY airline HAVING COUNT(*) >= 10']
{'total_tokens': 21}
  -> pred: SELECT airline FROM flights GROUP BY airline HAVING COUNT(*) >= 10
[25/100] source_index=245 flight_2: What are flight numbers of Airline "United Airlines"?
['SELECT flightno FROM']
['SELECT flightno FROM flights WHERE']
['SELECT flightno FROM flights WHERE airline =']
["SELECT flightno FROM flights WHERE airline = 'United Airlines'"]
{'total_tokens': 13}
  -> pred: SELECT flightno FROM flights WHERE airline = 'United Airlines'
[26/100] source_index=255 flight_2: Find the number of flights landing in the city of Aberdeen or Abilene.
['SELECT COUNT(*)']
['SELECT COUNT(*) FROM flights JOIN']
['SELECT COUNT(*) FROM flights JOIN airports ON']
['SELECT COUNT(*) FROM flights JOIN airports ON flights.destairport =']
['SELECT COUNT(*) FROM flights JOIN airports ON flights.destairport = airports.airportcode WHERE']
['SELECT COUNT(*) FROM flights JOIN airports ON flights.destairport = airports.airportcode WHERE airports.city IN']
["SELECT COUNT(*) FROM flights JOIN airports ON flights.destairport = airports.airportcode WHERE airports.city IN ('Aberdeen', 'Abilene');"]
{'total_tokens': 31}
  -> pred: SELECT COUNT(*) FROM flights JOIN airports ON flights.destairport = airports.airportcode WHERE airports.city IN ('Aberde
[27/100] source_index=264 employee_hire_evaluation: Count the number of employees for each city.
['SELECT COUNT(employee_id),']
['SELECT COUNT(employee_id), city FROM']
['SELECT COUNT(employee_id), city FROM employee GROUP']
['SELECT COUNT(employee_id), city FROM employee GROUP BY city']
{'total_tokens': 15}
  -> pred: SELECT COUNT(employee_id), city FROM employee GROUP BY city
[28/100] source_index=266 employee_hire_evaluation: Find the cities that have more than one employee under age 30.
['SELECT city FROM']
['SELECT city FROM employee WHERE']
['SELECT city FROM employee WHERE age <']
['SELECT city FROM employee WHERE age < 30 GROUP BY city HAVING']
['SELECT city FROM employee WHERE age < 30 GROUP BY city HAVING COUNT(employee_id)']
['SELECT city FROM employee WHERE age < 30 GROUP BY city HAVING COUNT(employee_id) > 1']
{'total_tokens': 23}
  -> pred: SELECT city FROM employee WHERE age < 30 GROUP BY city HAVING COUNT(employee_id) > 1
[29/100] source_index=269 employee_hire_evaluation: Find the manager name and district of the shop whose number of products is the l
['SELECT manager_name,']
['SELECT manager_name, district FROM']
['SELECT manager_name, district FROM shop WHERE']
['SELECT manager_name, district FROM shop WHERE number_products =']
['SELECT manager_name, district FROM shop WHERE number_products = (SELECT MAX(number_products)']
['SELECT manager_name, district FROM shop WHERE number_products = (SELECT MAX(number_products) FROM shop)']
['SELECT manager_name, district FROM shop WHERE number_products = (SELECT MAX(number_products) FROM shop)']
{'total_tokens': 21}
  -> pred: SELECT manager_name, district FROM shop WHERE number_products = (SELECT MAX(number_products) FROM shop)
[30/100] source_index=276 employee_hire_evaluation: Which shops' number products is above the average? Give me the shop names.
['SELECT name FROM']
['SELECT name FROM shop WHERE']
['SELECT name FROM shop WHERE number_products >']
['SELECT name FROM shop WHERE number_products > (SELECT AVG(number_products)']
['SELECT name FROM shop WHERE number_products > (SELECT AVG(number_products) FROM shop)']
['SELECT name FROM shop WHERE number_products > (SELECT AVG(number_products) FROM shop)']
{'total_tokens': 18}
  -> pred: SELECT name FROM shop WHERE number_products > (SELECT AVG(number_products) FROM shop)
[31/100] source_index=288 employee_hire_evaluation: For each shop, return the number of employees working there and the name of the 
['SELECT COUNT(hiring.employee_id)']
['SELECT COUNT(hiring.employee_id) AS number_of_employees, shop.name AS']
['SELECT COUNT(hiring.employee_id) AS number_of_employees, shop.name AS shop_name FROM hiring JOIN']
['SELECT COUNT(hiring.employee_id) AS number_of_employees, shop.name AS shop_name FROM hiring JOIN shop ON']
['SELECT COUNT(hiring.employee_id) AS number_of_employees, shop.name AS shop_name FROM hiring JOIN shop ON hiring.shop_id =']
['SELECT COUNT(hiring.employee_id) AS number_of_employees, shop.name AS shop_name FROM hiring JOIN shop ON hiring.shop_id = shop.shop_id GROUP']
['SELECT COUNT(hiring.employee_id) AS number_of_employees, shop.name AS shop_name FROM hiring JOIN shop ON hiring.shop_id = shop.shop_id GROUP BY shop.name']
{'total_tokens': 35}
  -> pred: SELECT COUNT(hiring.employee_id) AS number_of_employees, shop.name AS shop_name FROM hiring JOIN shop ON hiring.shop_id 
[32/100] source_index=301 cre_Doc_Template_Mgt: What is the document name and template id for document with description with the
['SELECT document_name,']
['SELECT document_name, template_id FROM']
['SELECT document_name, template_id FROM documents WHERE']
['SELECT document_name, template_id FROM documents WHERE document_description LIKE']
["SELECT document_name, template_id FROM documents WHERE document_description LIKE '%w%'"]
{'total_tokens': 16}
  -> pred: SELECT document_name, template_id FROM documents WHERE document_description LIKE '%w%'
[33/100] source_index=302 cre_Doc_Template_Mgt: Return the names and template ids for documents that contain the letter w in the
['SELECT document_name,']
['SELECT document_name, template_id FROM']
['SELECT document_name, template_id FROM documents WHERE']
['SELECT document_name, template_id FROM documents WHERE document_description LIKE']
["SELECT document_name, template_id FROM documents WHERE document_description LIKE '%w%'"]
{'total_tokens': 16}
  -> pred: SELECT document_name, template_id FROM documents WHERE document_description LIKE '%w%'
[34/100] source_index=306 cre_Doc_Template_Mgt: Count the number of different templates used for documents.
['SELECT COUNT(DISTINCT template_id)']
['SELECT COUNT(DISTINCT template_id) FROM documents']
{'total_tokens': 11}
  -> pred: SELECT COUNT(DISTINCT template_id) FROM documents
[35/100] source_index=315 cre_Doc_Template_Mgt: Show ids for all templates not used by any document.
['SELECT template_id FROM']
['SELECT template_id FROM templates WHERE']
['SELECT template_id FROM templates WHERE template_id NOT']
['SELECT template_id FROM templates WHERE template_id NOT IN (SELECT template_id FROM']
['SELECT template_id FROM templates WHERE template_id NOT IN (SELECT template_id FROM documents);']
['SELECT template_id FROM templates WHERE template_id NOT IN (SELECT template_id FROM documents);']
{'total_tokens': 18}
  -> pred: SELECT template_id FROM templates WHERE template_id NOT IN (SELECT template_id FROM documents)
[36/100] source_index=316 cre_Doc_Template_Mgt: What are the ids for templates that are not used in any documents?
['SELECT template_id FROM']
['SELECT template_id FROM templates WHERE']
['SELECT template_id FROM templates WHERE template_id NOT']
['SELECT template_id FROM templates WHERE template_id NOT IN (SELECT template_id FROM']
['SELECT template_id FROM templates WHERE template_id NOT IN (SELECT template_id FROM documents)']
['SELECT template_id FROM templates WHERE template_id NOT IN (SELECT template_id FROM documents)']
{'total_tokens': 18}
  -> pred: SELECT template_id FROM templates WHERE template_id NOT IN (SELECT template_id FROM documents)
[37/100] source_index=327 cre_Doc_Template_Mgt: What is the version number and template type code for the template with version 
['SELECT version_number,']
['SELECT version_number, template_type_code FROM']
['SELECT version_number, template_type_code FROM templates WHERE']
['SELECT version_number, template_type_code FROM templates WHERE version_number >']
['SELECT version_number, template_type_code FROM templates WHERE version_number > 5;']
{'total_tokens': 17}
  -> pred: SELECT version_number, template_type_code FROM templates WHERE version_number > 5
[38/100] source_index=346 cre_Doc_Template_Mgt: What are the codes of template types that are not used for any document?
['SELECT template_type_code FROM']
['SELECT template_type_code FROM ref_template_types WHERE']
['SELECT template_type_code FROM ref_template_types WHERE template_type_code NOT']
['SELECT template_type_code FROM ref_template_types WHERE template_type_code NOT IN (SELECT template_type_code FROM']
['SELECT template_type_code FROM ref_template_types WHERE template_type_code NOT IN (SELECT template_type_code FROM templates)']
['SELECT template_type_code FROM ref_template_types WHERE template_type_code NOT IN (SELECT template_type_code FROM templates)']
{'total_tokens': 23}
  -> pred: SELECT template_type_code FROM ref_template_types WHERE template_type_code NOT IN (SELECT template_type_code FROM templa
[39/100] source_index=355 cre_Doc_Template_Mgt: What are the template ids with template type description "Presentation".
['SELECT templates.template_id FROM']
['SELECT templates.template_id FROM templates JOIN']
['SELECT templates.template_id FROM templates JOIN ref_template_types ON']
['SELECT templates.template_id FROM templates JOIN ref_template_types ON templates.template_type_code =']
['SELECT templates.template_id FROM templates JOIN ref_template_types ON templates.template_type_code = ref_template_types.template_type_code WHERE']
['SELECT templates.template_id FROM templates JOIN ref_template_types ON templates.template_type_code = ref_template_types.template_type_code WHERE ref_template_types.template_type_description =']
["SELECT templates.template_id FROM templates JOIN ref_template_types ON templates.template_type_code = ref_template_types.template_type_code WHERE ref_template_types.template_type_description = 'Presentation';"]
{'total_tokens': 34}
  -> pred: SELECT templates.template_id FROM templates JOIN ref_template_types ON templates.template_type_code = ref_template_types
[40/100] source_index=358 cre_Doc_Template_Mgt: Count the number of paragraphs.
['SELECT COUNT(*)']
['SELECT COUNT(*) FROM paragraphs;']
['SELECT COUNT(*) FROM paragraphs;']
{'total_tokens': 7}
  -> pred: SELECT COUNT(*) FROM paragraphs
[41/100] source_index=379 cre_Doc_Template_Mgt: Show the document id with paragraph text 'Brazil' and 'Ireland'.
['SELECT document_id FROM']
['SELECT document_id FROM paragraphs WHERE']
['SELECT document_id FROM paragraphs WHERE paragraph_text IN']
["SELECT document_id FROM paragraphs WHERE paragraph_text IN ('Brazil', 'Ireland')"]
{'total_tokens': 17}
  -> pred: SELECT document_id FROM paragraphs WHERE paragraph_text IN ('Brazil', 'Ireland')
[42/100] source_index=394 course_teach: For each hometown, how many teachers are there?
['SELECT hometown,']
['SELECT hometown, COUNT(*)']
['SELECT hometown, COUNT(*) FROM teacher GROUP']
['SELECT hometown, COUNT(*) FROM teacher GROUP BY hometown']
{'total_tokens': 11}
  -> pred: SELECT hometown, COUNT(*) FROM teacher GROUP BY hometown
[43/100] source_index=403 course_teach: Show the name of the teacher for the math course.
['SELECT teacher.name FROM']
['SELECT teacher.name FROM teacher JOIN']
['SELECT teacher.name FROM teacher JOIN course_arrange ON']
['SELECT teacher.name FROM teacher JOIN course_arrange ON teacher.teacher_id =']
['SELECT teacher.name FROM teacher JOIN course_arrange ON teacher.teacher_id = course_arrange.teacher_id JOIN']
['SELECT teacher.name FROM teacher JOIN course_arrange ON teacher.teacher_id = course_arrange.teacher_id JOIN course ON']
['SELECT teacher.name FROM teacher JOIN course_arrange ON teacher.teacher_id = course_arrange.teacher_id JOIN course ON course.course_id =']
['SELECT teacher.name FROM teacher JOIN course_arrange ON teacher.teacher_id = course_arrange.teacher_id JOIN course ON course.course_id = course_arrange.course_id WHERE']
['SELECT teacher.name FROM teacher JOIN course_arrange ON teacher.teacher_id = course_arrange.teacher_id JOIN course ON course.course_id = course_arrange.course_id WHERE course.course =']
["SELECT teacher.name FROM teacher JOIN course_arrange ON teacher.teacher_id = course_arrange.teacher_id JOIN course ON course.course_id = course_arrange.course_id WHERE course.course = 'math';"]
{'total_tokens': 43}
  -> pred: SELECT teacher.name FROM teacher JOIN course_arrange ON teacher.teacher_id = course_arrange.teacher_id JOIN course ON co
[44/100] source_index=406 course_teach: What are the names of the teachers and how many courses do they teach?
['SELECT teacher.name,']
['SELECT teacher.name, COUNT(course_arrange.course_id)']
['SELECT teacher.name, COUNT(course_arrange.course_id) AS course_count FROM teacher JOIN']
['SELECT teacher.name, COUNT(course_arrange.course_id) AS course_count FROM teacher JOIN course_arrange ON']
['SELECT teacher.name, COUNT(course_arrange.course_id) AS course_count FROM teacher JOIN course_arrange ON teacher.teacher_id =']
['SELECT teacher.name, COUNT(course_arrange.course_id) AS course_count FROM teacher JOIN course_arrange ON teacher.teacher_id = course_arrange.teacher_id GROUP']
['SELECT teacher.name, COUNT(course_arrange.course_id) AS course_count FROM teacher JOIN course_arrange ON teacher.teacher_id = course_arrange.teacher_id GROUP BY teacher.name']
{'total_tokens': 39}
  -> pred: SELECT teacher.name, COUNT(course_arrange.course_id) AS course_count FROM teacher JOIN course_arrange ON teacher.teacher
[45/100] source_index=408 course_teach: What are the names of the teachers who teach at least two courses?
['SELECT teacher.name FROM']
['SELECT teacher.name FROM teacher JOIN']
['SELECT teacher.name FROM teacher JOIN course_arrange ON']
['SELECT teacher.name FROM teacher JOIN course_arrange ON teacher.teacher_id =']
['SELECT teacher.name FROM teacher JOIN course_arrange ON teacher.teacher_id = course_arrange.teacher_id GROUP']
['SELECT teacher.name FROM teacher JOIN course_arrange ON teacher.teacher_id = course_arrange.teacher_id GROUP BY teacher.name H']
['SELECT teacher.name FROM teacher JOIN course_arrange ON teacher.teacher_id = course_arrange.teacher_id GROUP BY teacher.name HAVING COUNT(course_arrange.course_id)']
['SELECT teacher.name FROM teacher JOIN course_arrange ON teacher.teacher_id = course_arrange.teacher_id GROUP BY teacher.name HAVING COUNT(course_arrange.course_id) >= 2']
{'total_tokens': 40}
  -> pred: SELECT teacher.name FROM teacher JOIN course_arrange ON teacher.teacher_id = course_arrange.teacher_id GROUP BY teacher.
[46/100] source_index=412 museum_visit: Find the names of the visitors whose membership level is higher than 4, and orde
['SELECT name FROM']
['SELECT name FROM visitor WHERE']
['SELECT name FROM visitor WHERE level_of_membership >']
['SELECT name FROM visitor WHERE level_of_membership > 4 ORDER BY level_of_membership DESC']
['SELECT name FROM visitor WHERE level_of_membership > 4 ORDER BY level_of_membership DESC;']
{'total_tokens': 19}
  -> pred: SELECT name FROM visitor WHERE level_of_membership > 4 ORDER BY level_of_membership DESC
[47/100] source_index=421 museum_visit: What are the id and name of the museum visited most times?
['SELECT museum_id,']
['SELECT museum_id, name FROM']
['SELECT museum_id, name FROM museum WHERE']
['SELECT museum_id, name FROM museum WHERE museum_id =']
['SELECT museum_id, name FROM museum WHERE museum_id = (SELECT museum_id FROM']
['SELECT museum_id, name FROM museum WHERE museum_id = (SELECT museum_id FROM visit GROUP']
['SELECT museum_id, name FROM museum WHERE museum_id = (SELECT museum_id FROM visit GROUP BY museum_id ORDER']
['SELECT museum_id, name FROM museum WHERE museum_id = (SELECT museum_id FROM visit GROUP BY museum_id ORDER BY COUNT(*)']
['SELECT museum_id, name FROM museum WHERE museum_id = (SELECT museum_id FROM visit GROUP BY museum_id ORDER BY COUNT(*) DESC LIMIT 1)']
{'total_tokens': 31}
  -> pred: SELECT museum_id, name FROM museum WHERE museum_id = (SELECT museum_id FROM visit GROUP BY museum_id ORDER BY COUNT(*) D
[48/100] source_index=425 museum_visit: What is the total ticket expense of the visitors whose membership level is 1?
['SELECT SUM(total_spent)']
['SELECT SUM(total_spent) FROM visit JOIN']
['SELECT SUM(total_spent) FROM visit JOIN visitor ON']
['SELECT SUM(total_spent) FROM visit JOIN visitor ON visit.visitor_id =']
['SELECT SUM(total_spent) FROM visit JOIN visitor ON visit.visitor_id = visitor.id WHERE']
['SELECT SUM(total_spent) FROM visit JOIN visitor ON visit.visitor_id = visitor.id WHERE visitor.level_of_membership =']
['SELECT SUM(total_spent) FROM visit JOIN visitor ON visit.visitor_id = visitor.id WHERE visitor.level_of_membership = 1']
{'total_tokens': 27}
  -> pred: SELECT SUM(total_spent) FROM visit JOIN visitor ON visit.visitor_id = visitor.id WHERE visitor.level_of_membership = 1
[49/100] source_index=437 wta_1: Find the average rank of winners in all matches.
['SELECT AVG(winner_rank)']
['SELECT AVG(winner_rank) AS average_winner_rank FROM matches;']
['SELECT AVG(winner_rank) AS average_winner_rank FROM matches;']
{'total_tokens': 14}
  -> pred: SELECT AVG(winner_rank) AS average_winner_rank FROM matches
[50/100] source_index=448 wta_1: What are the names of players who won in both 2013 and 2016?
['SELECT winner_name FROM']
['SELECT winner_name FROM matches WHERE']
['SELECT winner_name FROM matches WHERE year =']
['SELECT winner_name FROM matches WHERE year = 2013 INTERSECT SELECT winner_name FROM']
['SELECT winner_name FROM matches WHERE year = 2013 INTERSECT SELECT winner_name FROM matches WHERE']
['SELECT winner_name FROM matches WHERE year = 2013 INTERSECT SELECT winner_name FROM matches WHERE year =']
['SELECT winner_name FROM matches WHERE year = 2013 INTERSECT SELECT winner_name FROM matches WHERE year = 2016']
{'total_tokens': 35}
  -> pred: SELECT winner_name FROM matches WHERE year = 2013 INTERSECT SELECT winner_name FROM matches WHERE year = 2016
[51/100] source_index=482 wta_1: How many matches were played in each year?
['SELECT year,']
['SELECT year, COUNT(*)']
['SELECT year, COUNT(*) as total_matches FROM matches GROUP']
['SELECT year, COUNT(*) as total_matches FROM matches GROUP BY year;']
['SELECT year, COUNT(*) as total_matches FROM matches GROUP BY year;']
{'total_tokens': 15}
  -> pred: SELECT year, COUNT(*) as total_matches FROM matches GROUP BY year
[52/100] source_index=491 battle_death: How many ships ended up being 'Captured'?
['SELECT COUNT(*)']
['SELECT COUNT(*) FROM ship WHERE']
['SELECT COUNT(*) FROM ship WHERE disposition_of_ship =']
["SELECT COUNT(*) FROM ship WHERE disposition_of_ship = 'Captured';"]
{'total_tokens': 15}
  -> pred: SELECT COUNT(*) FROM ship WHERE disposition_of_ship = 'Captured'
[53/100] source_index=493 battle_death: List the name, date and result of each battle.
['SELECT name,']
['SELECT name, date,']
['SELECT name, date, result FROM']
['SELECT name, date, result FROM battle;']
['SELECT name, date, result FROM battle;']
{'total_tokens': 10}
  -> pred: SELECT name, date, result FROM battle
[54/100] source_index=499 battle_death: What are the ids and names of the battles that led to more than 10 people killed
['SELECT battle.id,']
['SELECT battle.id, battle.name \n']
['SELECT battle.id, battle.name \nFROM battle \n']
['SELECT battle.id, battle.name \nFROM battle \nJOIN ship ON']
['SELECT battle.id, battle.name \nFROM battle \nJOIN ship ON battle.id =']
['SELECT battle.id, battle.name \nFROM battle \nJOIN ship ON battle.id = ship.lost_in_battle \n']
['SELECT battle.id, battle.name \nFROM battle \nJOIN ship ON battle.id = ship.lost_in_battle \nJOIN death ON']
['SELECT battle.id, battle.name \nFROM battle \nJOIN ship ON battle.id = ship.lost_in_battle \nJOIN death ON ship.id =']
['SELECT battle.id, battle.name \nFROM battle \nJOIN ship ON battle.id = ship.lost_in_battle \nJOIN death ON ship.id = death.caused_by_ship_id \n']
['SELECT battle.id, battle.name \nFROM battle \nJOIN ship ON battle.id = ship.lost_in_battle \nJOIN death ON ship.id = death.caused_by_ship_id \nGROUP BY battle.id,']
['SELECT battle.id, battle.name \nFROM battle \nJOIN ship ON battle.id = ship.lost_in_battle \nJOIN death ON ship.id = death.caused_by_ship_id \nGROUP BY battle.id, battle.name \n']
['SELECT battle.id, battle.name \nFROM battle \nJOIN ship ON battle.id = ship.lost_in_battle \nJOIN death ON ship.id = death.caused_by_ship_id \nGROUP BY battle.id, battle.name \nHAVING COUNT(death.killed)']
['SELECT battle.id, battle.name \nFROM battle \nJOIN ship ON battle.id = ship.lost_in_battle \nJOIN death ON ship.id = death.caused_by_ship_id \nGROUP BY battle.id, battle.name \nHAVING COUNT(death.killed) > 10;']
{'total_tokens': 61}
  -> pred: SELECT battle.id, battle.name  FROM battle  JOIN ship ON battle.id = ship.lost_in_battle  JOIN death ON ship.id = death.
[55/100] source_index=523 student_transcripts_tracking: What are the names and descriptions of all the sections?
['SELECT section_name,']
['SELECT section_name, section_description FROM']
['SELECT section_name, section_description FROM sections;']
['SELECT section_name, section_description FROM sections;']
{'total_tokens': 10}
  -> pred: SELECT section_name, section_description FROM sections
[56/100] source_index=526 student_transcripts_tracking: What are the names and ids of every course with less than 2 sections?
['SELECT course_name,']
['SELECT course_name, course_id FROM']
['SELECT course_name, course_id FROM courses WHERE']
['SELECT course_name, course_id FROM courses WHERE course_id NOT']
['SELECT course_name, course_id FROM courses WHERE course_id NOT IN (SELECT course_id FROM']
['SELECT course_name, course_id FROM courses WHERE course_id NOT IN (SELECT course_id FROM sections GROUP']
['SELECT course_name, course_id FROM courses WHERE course_id NOT IN (SELECT course_id FROM sections GROUP BY course_id HAVING']
['SELECT course_name, course_id FROM courses WHERE course_id NOT IN (SELECT course_id FROM sections GROUP BY course_id HAVING COUNT(section_id)']
['SELECT course_name, course_id FROM courses WHERE course_id NOT IN (SELECT course_id FROM sections GROUP BY course_id HAVING COUNT(section_id) >= 2)']
{'total_tokens': 34}
  -> pred: SELECT course_name, course_id FROM courses WHERE course_id NOT IN (SELECT course_id FROM sections GROUP BY course_id HAV
[57/100] source_index=538 student_transcripts_tracking: What is the degree summary name that has the most number of students enrolled?
['SELECT degree_summary_name FROM']
['SELECT degree_summary_name FROM degree_programs WHERE']
['SELECT degree_summary_name FROM degree_programs WHERE degree_program_id IN']
['SELECT degree_summary_name FROM degree_programs WHERE degree_program_id IN (SELECT degree_program_id FROM']
['SELECT degree_summary_name FROM degree_programs WHERE degree_program_id IN (SELECT degree_program_id FROM student_enrolment GROUP']
['SELECT degree_summary_name FROM degree_programs WHERE degree_program_id IN (SELECT degree_program_id FROM student_enrolment GROUP BY degree_program_id ORDER']
['SELECT degree_summary_name FROM degree_programs WHERE degree_program_id IN (SELECT degree_program_id FROM student_enrolment GROUP BY degree_program_id ORDER BY COUNT(student_id)']
['SELECT degree_summary_name FROM degree_programs WHERE degree_program_id IN (SELECT degree_program_id FROM student_enrolment GROUP BY degree_program_id ORDER BY COUNT(student_id) DESC LIMIT 1)']
{'total_tokens': 45}
  -> pred: SELECT degree_summary_name FROM degree_programs WHERE degree_program_id IN (SELECT degree_program_id FROM student_enrolm
[58/100] source_index=542 student_transcripts_tracking: What is the first, middle, and last name, along with the id and number of enroll
['SELECT students.first_name,']
['SELECT students.first_name, students.middle_name,']
['SELECT students.first_name, students.middle_name, students.last_name,']
['SELECT students.first_name, students.middle_name, students.last_name, students.student_id,']
['SELECT students.first_name, students.middle_name, students.last_name, students.student_id, COUNT(student_enrolment.student_enrolment_id)']
['SELECT students.first_name, students.middle_name, students.last_name, students.student_id, COUNT(student_enrolment.student_enrolment_id) AS number_of_enrollments\nFROM students\n']
['SELECT students.first_name, students.middle_name, students.last_name, students.student_id, COUNT(student_enrolment.student_enrolment_id) AS number_of_enrollments\nFROM students\nJOIN student_enrolment ON']
['SELECT students.first_name, students.middle_name, students.last_name, students.student_id, COUNT(student_enrolment.student_enrolment_id) AS number_of_enrollments\nFROM students\nJOIN student_enrolment ON students.student_id =']
['SELECT students.first_name, students.middle_name, students.last_name, students.student_id, COUNT(student_enrolment.student_enrolment_id) AS number_of_enrollments\nFROM students\nJOIN student_enrolment ON students.student_id = student_enrolment.student_id\n']
['SELECT students.first_name, students.middle_name, students.last_name, students.student_id, COUNT(student_enrolment.student_enrolment_id) AS number_of_enrollments\nFROM students\nJOIN student_enrolment ON students.student_id = student_enrolment.student_id\nGROUP BY students.student_id\n']
['SELECT students.first_name, students.middle_name, students.last_name, students.student_id, COUNT(student_enrolment.student_enrolment_id) AS number_of_enrollments\nFROM students\nJOIN student_enrolment ON students.student_id = student_enrolment.student_id\nGROUP BY students.student_id\nORDER BY COUNT(student_enrolment.student_enrolment_id)']
['SELECT students.first_name, students.middle_name, students.last_name, students.student_id, COUNT(student_enrolment.student_enrolment_id) AS number_of_enrollments\nFROM students\nJOIN student_enrolment ON students.student_id = student_enrolment.student_id\nGROUP BY students.student_id\nORDER BY COUNT(student_enrolment.student_enrolment_id) DESC\nLIMIT 1;']
{'total_tokens': 91}
  -> pred: SELECT students.first_name, students.middle_name, students.last_name, students.student_id, COUNT(student_enrolment.stude
[59/100] source_index=556 student_transcripts_tracking: What is the first, middle, and last name of the first student to register?
['SELECT first_name,']
['SELECT first_name, middle_name,']
['SELECT first_name, middle_name, last_name FROM']
['SELECT first_name, middle_name, last_name FROM students ORDER']
['SELECT first_name, middle_name, last_name FROM students ORDER BY date_first_registered ASC']
['SELECT first_name, middle_name, last_name FROM students ORDER BY date_first_registered ASC LIMIT 1']
{'total_tokens': 21}
  -> pred: SELECT first_name, middle_name, last_name FROM students ORDER BY date_first_registered ASC LIMIT 1
[60/100] source_index=562 student_transcripts_tracking: What is the id, line 1, and line 2 of the address with the most students?
['SELECT addresses.address_id,']
['SELECT addresses.address_id, addresses.line_1,']
['SELECT addresses.address_id, addresses.line_1, addresses.line_2\n']
['SELECT addresses.address_id, addresses.line_1, addresses.line_2\nFROM addresses\n']
['SELECT addresses.address_id, addresses.line_1, addresses.line_2\nFROM addresses\nJOIN students ON']
['SELECT addresses.address_id, addresses.line_1, addresses.line_2\nFROM addresses\nJOIN students ON addresses.address_id =']
['SELECT addresses.address_id, addresses.line_1, addresses.line_2\nFROM addresses\nJOIN students ON addresses.address_id = students.permanent_address_id\n']
['SELECT addresses.address_id, addresses.line_1, addresses.line_2\nFROM addresses\nJOIN students ON addresses.address_id = students.permanent_address_id\nGROUP BY addresses.address_id,']
['SELECT addresses.address_id, addresses.line_1, addresses.line_2\nFROM addresses\nJOIN students ON addresses.address_id = students.permanent_address_id\nGROUP BY addresses.address_id, addresses.line_1,']
['SELECT addresses.address_id, addresses.line_1, addresses.line_2\nFROM addresses\nJOIN students ON addresses.address_id = students.permanent_address_id\nGROUP BY addresses.address_id, addresses.line_1, addresses.line_2\n']
['SELECT addresses.address_id, addresses.line_1, addresses.line_2\nFROM addresses\nJOIN students ON addresses.address_id = students.permanent_address_id\nGROUP BY addresses.address_id, addresses.line_1, addresses.line_2\nORDER BY COUNT(students.student_id)']
['SELECT addresses.address_id, addresses.line_1, addresses.line_2\nFROM addresses\nJOIN students ON addresses.address_id = students.permanent_address_id\nGROUP BY addresses.address_id, addresses.line_1, addresses.line_2\nORDER BY COUNT(students.student_id) DESC\nLIMIT 1;']
{'total_tokens': 67}
  -> pred: SELECT addresses.address_id, addresses.line_1, addresses.line_2 FROM addresses JOIN students ON addresses.address_id = s
[61/100] source_index=565 student_transcripts_tracking: When is the first transcript released? List the date and details.
['SELECT transcript_date,']
['SELECT transcript_date, other_details FROM']
['SELECT transcript_date, other_details FROM transcripts ORDER']
['SELECT transcript_date, other_details FROM transcripts ORDER BY transcript_date ASC']
['SELECT transcript_date, other_details FROM transcripts ORDER BY transcript_date ASC LIMIT 1;']
{'total_tokens': 18}
  -> pred: SELECT transcript_date, other_details FROM transcripts ORDER BY transcript_date ASC LIMIT 1
[62/100] source_index=579 student_transcripts_tracking: List all the student details in reversed lexicographical order.
['SELECT * FROM']
['SELECT * FROM students ORDER']
['SELECT * FROM students ORDER BY last_name DESC']
['SELECT * FROM students ORDER BY last_name DESC, first_name DESC']
['SELECT * FROM students ORDER BY last_name DESC, first_name DESC, middle_name DESC']
['SELECT * FROM students ORDER BY last_name DESC, first_name DESC, middle_name DESC;']
{'total_tokens': 19}
  -> pred: SELECT * FROM students ORDER BY last_name DESC, first_name DESC, middle_name DESC
[63/100] source_index=638 tvshow: What is the series name and country of all TV channels that are playing cartoons
['SELECT DISTINCT tv_channel.series_name,']
['SELECT DISTINCT tv_channel.series_name, tv_channel.country \n']
['SELECT DISTINCT tv_channel.series_name, tv_channel.country \nFROM tv_channel \n']
['SELECT DISTINCT tv_channel.series_name, tv_channel.country \nFROM tv_channel \nJOIN cartoon ON']
['SELECT DISTINCT tv_channel.series_name, tv_channel.country \nFROM tv_channel \nJOIN cartoon ON tv_channel.id =']
['SELECT DISTINCT tv_channel.series_name, tv_channel.country \nFROM tv_channel \nJOIN cartoon ON tv_channel.id = cartoon.channel \n']
['SELECT DISTINCT tv_channel.series_name, tv_channel.country \nFROM tv_channel \nJOIN cartoon ON tv_channel.id = cartoon.channel \nWHERE cartoon.directed_by IN']
["SELECT DISTINCT tv_channel.series_name, tv_channel.country \nFROM tv_channel \nJOIN cartoon ON tv_channel.id = cartoon.channel \nWHERE cartoon.directed_by IN ('Ben Jones', 'Michael Chang');"]
{'total_tokens': 49}
  -> pred: SELECT DISTINCT tv_channel.series_name, tv_channel.country  FROM tv_channel  JOIN cartoon ON tv_channel.id = cartoon.cha
[64/100] source_index=655 poker_player: What is the money rank of the poker player with the highest earnings?
['SELECT money_rank FROM']
['SELECT money_rank FROM poker_player ORDER']
['SELECT money_rank FROM poker_player ORDER BY earnings DESC']
['SELECT money_rank FROM poker_player ORDER BY earnings DESC LIMIT 1']
{'total_tokens': 14}
  -> pred: SELECT money_rank FROM poker_player ORDER BY earnings DESC LIMIT 1
[65/100] source_index=666 poker_player: Return the birth date of the poker player with the lowest earnings.
['SELECT birth_date FROM']
['SELECT birth_date FROM people WHERE']
['SELECT birth_date FROM people WHERE people_id =']
['SELECT birth_date FROM people WHERE people_id = (SELECT people_id FROM']
['SELECT birth_date FROM people WHERE people_id = (SELECT people_id FROM poker_player ORDER']
['SELECT birth_date FROM people WHERE people_id = (SELECT people_id FROM poker_player ORDER BY earnings ASC']
['SELECT birth_date FROM people WHERE people_id = (SELECT people_id FROM poker_player ORDER BY earnings ASC LIMIT 1)']
{'total_tokens': 30}
  -> pred: SELECT birth_date FROM people WHERE people_id = (SELECT people_id FROM poker_player ORDER BY earnings ASC LIMIT 1)
[66/100] source_index=677 poker_player: What are the nationalities that are shared by at least two people?
['SELECT nationality FROM']
['SELECT nationality FROM people GROUP']
['SELECT nationality FROM people GROUP BY nationality HAVING']
['SELECT nationality FROM people GROUP BY nationality HAVING COUNT(*)']
['SELECT nationality FROM people GROUP BY nationality HAVING COUNT(*) >= 2']
{'total_tokens': 15}
  -> pred: SELECT nationality FROM people GROUP BY nationality HAVING COUNT(*) >= 2
[67/100] source_index=681 poker_player: Show names of people whose nationality is not "Russia".
['SELECT name FROM']
['SELECT name FROM people WHERE']
['SELECT name FROM people WHERE nationality !=']
["SELECT name FROM people WHERE nationality != 'Russia'"]
{'total_tokens': 11}
  -> pred: SELECT name FROM people WHERE nationality != 'Russia'
[68/100] source_index=696 voter_1: What are the number of votes from state 'NY' or 'CA'?
['SELECT COUNT(*)']
['SELECT COUNT(*) FROM votes WHERE']
['SELECT COUNT(*) FROM votes WHERE state IN']
["SELECT COUNT(*) FROM votes WHERE state IN ('NY', 'CA');"]
{'total_tokens': 15}
  -> pred: SELECT COUNT(*) FROM votes WHERE state IN ('NY', 'CA')
[69/100] source_index=698 voter_1: What is the area code in which the most voters voted?
['SELECT area_code FROM']
['SELECT area_code FROM area_code_state WHERE']
['SELECT area_code FROM area_code_state WHERE state =']
['SELECT area_code FROM area_code_state WHERE state = (SELECT state FROM']
['SELECT area_code FROM area_code_state WHERE state = (SELECT state FROM votes GROUP']
['SELECT area_code FROM area_code_state WHERE state = (SELECT state FROM votes GROUP BY state ORDER']
['SELECT area_code FROM area_code_state WHERE state = (SELECT state FROM votes GROUP BY state ORDER BY COUNT(*)']
['SELECT area_code FROM area_code_state WHERE state = (SELECT state FROM votes GROUP BY state ORDER BY COUNT(*) DESC LIMIT 1)']
{'total_tokens': 33}
  -> pred: SELECT area_code FROM area_code_state WHERE state = (SELECT state FROM votes GROUP BY state ORDER BY COUNT(*) DESC LIMIT
[70/100] source_index=715 world_1: Give me Brazil's population and life expectancies.
['SELECT population,']
['SELECT population, lifeexpectancy FROM']
['SELECT population, lifeexpectancy FROM country WHERE']
['SELECT population, lifeexpectancy FROM country WHERE name =']
["SELECT population, lifeexpectancy FROM country WHERE name = 'Brazil'"]
{'total_tokens': 15}
  -> pred: SELECT population, lifeexpectancy FROM country WHERE name = 'Brazil'
[71/100] source_index=731 world_1: Give the mean GNP and total population of nations which are considered US territ
['SELECT AVG(gnp),']
['SELECT AVG(gnp), SUM(population)']
['SELECT AVG(gnp), SUM(population) FROM country WHERE']
['SELECT AVG(gnp), SUM(population) FROM country WHERE governmentform =']
["SELECT AVG(gnp), SUM(population) FROM country WHERE governmentform = 'US Territory'"]
{'total_tokens': 25}
  -> pred: SELECT AVG(gnp), SUM(population) FROM country WHERE governmentform = 'US Territory'
[72/100] source_index=763 world_1: What are the name, population, and life expectancy of the largest Asian country 
['SELECT name,']
['SELECT name, population,']
['SELECT name, population, lifeexpectancy FROM']
['SELECT name, population, lifeexpectancy FROM country WHERE']
['SELECT name, population, lifeexpectancy FROM country WHERE continent =']
["SELECT name, population, lifeexpectancy FROM country WHERE continent = 'Asia' ORDER BY surfacearea DESC"]
["SELECT name, population, lifeexpectancy FROM country WHERE continent = 'Asia' ORDER BY surfacearea DESC LIMIT 1"]
{'total_tokens': 25}
  -> pred: SELECT name, population, lifeexpectancy FROM country WHERE continent = 'Asia' ORDER BY surfacearea DESC LIMIT 1
[73/100] source_index=780 world_1: What are the country codes of countries where people use languages other than En
['SELECT countrycode FROM']
['SELECT countrycode FROM countrylanguage WHERE']
['SELECT countrycode FROM countrylanguage WHERE language !=']
["SELECT countrycode FROM countrylanguage WHERE language != 'English' AND isofficial ="]
["SELECT countrycode FROM countrylanguage WHERE language != 'English' AND isofficial = 1"]
{'total_tokens': 19}
  -> pred: SELECT countrycode FROM countrylanguage WHERE language != 'English' AND isofficial = 1
[74/100] source_index=807 world_1: Count the number of countries in Asia.
['SELECT COUNT(*)']
['SELECT COUNT(*) FROM country WHERE']
['SELECT COUNT(*) FROM country WHERE continent =']
["SELECT COUNT(*) FROM country WHERE continent = 'Asia';"]
{'total_tokens': 12}
  -> pred: SELECT COUNT(*) FROM country WHERE continent = 'Asia'
[75/100] source_index=829 orchestra: Return the record companies of orchestras, sorted descending by the years in whi
['SELECT record_company FROM']
['SELECT record_company FROM orchestra ORDER']
['SELECT record_company FROM orchestra ORDER BY year_of_founded DESC']
['SELECT record_company FROM orchestra ORDER BY year_of_founded DESC']
{'total_tokens': 13}
  -> pred: SELECT record_company FROM orchestra ORDER BY year_of_founded DESC
[76/100] source_index=836 orchestra: List names of conductors in descending order of years of work.
['SELECT name FROM']
['SELECT name FROM conductor ORDER']
['SELECT name FROM conductor ORDER BY year_of_work DESC']
['SELECT name FROM conductor ORDER BY year_of_work DESC']
{'total_tokens': 11}
  -> pred: SELECT name FROM conductor ORDER BY year_of_work DESC
[77/100] source_index=842 orchestra: Show the names of conductors that have conducted more than one orchestras.
['SELECT conductor.name FROM']
['SELECT conductor.name FROM conductor JOIN']
['SELECT conductor.name FROM conductor JOIN orchestra ON']
['SELECT conductor.name FROM conductor JOIN orchestra ON conductor.conductor_id =']
['SELECT conductor.name FROM conductor JOIN orchestra ON conductor.conductor_id = orchestra.conductor_id GROUP']
['SELECT conductor.name FROM conductor JOIN orchestra ON conductor.conductor_id = orchestra.conductor_id GROUP BY conductor.name H']
['SELECT conductor.name FROM conductor JOIN orchestra ON conductor.conductor_id = orchestra.conductor_id GROUP BY conductor.name HAVING COUNT(orchestra.orchestra_id)']
['SELECT conductor.name FROM conductor JOIN orchestra ON conductor.conductor_id = orchestra.conductor_id GROUP BY conductor.name HAVING COUNT(orchestra.orchestra_id) > 1']
{'total_tokens': 38}
  -> pred: SELECT conductor.name FROM conductor JOIN orchestra ON conductor.conductor_id = orchestra.conductor_id GROUP BY conducto
[78/100] source_index=856 orchestra: Show the record companies shared by orchestras founded before 2003 and after 200
['SELECT record_company FROM']
['SELECT record_company FROM orchestra WHERE']
['SELECT record_company FROM orchestra WHERE year_of_founded <']
['SELECT record_company FROM orchestra WHERE year_of_founded < 2003 INTERSECT SELECT record_company FROM']
['SELECT record_company FROM orchestra WHERE year_of_founded < 2003 INTERSECT SELECT record_company FROM orchestra WHERE']
['SELECT record_company FROM orchestra WHERE year_of_founded < 2003 INTERSECT SELECT record_company FROM orchestra WHERE year_of_founded >']
['SELECT record_company FROM orchestra WHERE year_of_founded < 2003 INTERSECT SELECT record_company FROM orchestra WHERE year_of_founded > 2003']
{'total_tokens': 36}
  -> pred: SELECT record_company FROM orchestra WHERE year_of_founded < 2003 INTERSECT SELECT record_company FROM orchestra WHERE y
[79/100] source_index=860 orchestra: Show the years in which orchestras that have given more than one performance are
['SELECT orchestra.year_of_founded\n']
['SELECT orchestra.year_of_founded\nFROM orchestra\n']
['SELECT orchestra.year_of_founded\nFROM orchestra\nJOIN (\n    SELECT orchestra_id\n    FROM']
['SELECT orchestra.year_of_founded\nFROM orchestra\nJOIN (\n    SELECT orchestra_id\n    FROM (\n        SELECT orchestra_id,']
['SELECT orchestra.year_of_founded\nFROM orchestra\nJOIN (\n    SELECT orchestra_id\n    FROM (\n        SELECT orchestra_id, COUNT(*)']
['SELECT orchestra.year_of_founded\nFROM orchestra\nJOIN (\n    SELECT orchestra_id\n    FROM (\n        SELECT orchestra_id, COUNT(*) AS performance_count\n        FROM (\n            SELECT orchestra_id\n            FROM']
['SELECT orchestra.year_of_founded\nFROM orchestra\nJOIN (\n    SELECT orchestra_id\n    FROM (\n        SELECT orchestra_id, COUNT(*) AS performance_count\n        FROM (\n            SELECT orchestra_id\n            FROM orchestra\n']
['SELECT orchestra.year_of_founded\nFROM orchestra\nJOIN (\n    SELECT orchestra_id\n    FROM (\n        SELECT orchestra_id, COUNT(*) AS performance_count\n        FROM (\n            SELECT orchestra_id\n            FROM orchestra\n            JOIN (\n                SELECT orchestra_id\n                FROM']
['SELECT orchestra.year_of_founded\nFROM orchestra\nJOIN (\n    SELECT orchestra_id\n    FROM (\n        SELECT orchestra_id, COUNT(*) AS performance_count\n        FROM (\n            SELECT orchestra_id\n            FROM orchestra\n            JOIN (\n                SELECT orchestra_id\n                FROM (\n                    SELECT orchestra_id\n                    FROM']
['SELECT orchestra.year_of_founded\nFROM orchestra\nJOIN (\n    SELECT orchestra_id\n    FROM (\n        SELECT orchestra_id, COUNT(*) AS performance_count\n        FROM (\n            SELECT orchestra_id\n            FROM orchestra\n            JOIN (\n                SELECT orchestra_id\n                FROM (\n                    SELECT orchestra_id\n                    FROM orchestra\n']
['SELECT orchestra.year_of_founded\nFROM orchestra\nJOIN (\n    SELECT orchestra_id\n    FROM (\n        SELECT orchestra_id, COUNT(*) AS performance_count\n        FROM (\n            SELECT orchestra_id\n            FROM orchestra\n            JOIN (\n                SELECT orchestra_id\n                FROM (\n                    SELECT orchestra_id\n                    FROM orchestra\n                    JOIN (\n                        SELECT orchestra_id\n                        FROM']
['SELECT orchestra.year_of_founded\nFROM orchestra\nJOIN (\n    SELECT orchestra_id\n    FROM (\n        SELECT orchestra_id, COUNT(*) AS performance_count\n        FROM (\n            SELECT orchestra_id\n            FROM orchestra\n            JOIN (\n                SELECT orchestra_id\n                FROM (\n                    SELECT orchestra_id\n                    FROM orchestra\n                    JOIN (\n                        SELECT orchestra_id\n                        FROM orchestra\n']
['SELECT orchestra.year_of_founded\nFROM orchestra\nJOIN (\n    SELECT orchestra_id\n    FROM (\n        SELECT orchestra_id, COUNT(*) AS performance_count\n        FROM (\n            SELECT orchestra_id\n            FROM orchestra\n            JOIN (\n                SELECT orchestra_id\n                FROM (\n                    SELECT orchestra_id\n                    FROM orchestra\n                    JOIN (\n                        SELECT orchestra_id\n                        FROM orchestra\n                        JOIN (\n                            SELECT orchestra_id\n                            FROM']
{'total_tokens': 99}
  -> pred: SELECT orchestra.year_of_founded FROM orchestra JOIN (     SELECT orchestra_id     FROM (         SELECT orchestra_id, C
[80/100] source_index=864 network_1: Show the names and grades of each high schooler.
['SELECT name,']
['SELECT name, grade FROM']
['SELECT name, grade FROM highschooler;']
['SELECT name, grade FROM highschooler;']
{'total_tokens': 10}
  -> pred: SELECT name, grade FROM highschooler
[81/100] source_index=866 network_1: Show all the grades of the high schoolers.
['SELECT DISTINCT grade FROM']
['SELECT DISTINCT grade FROM highschooler']
{'total_tokens': 8}
  -> pred: SELECT DISTINCT grade FROM highschooler
[82/100] source_index=869 network_1: Return the grade for the high schooler named Kyle.
['SELECT grade FROM']
['SELECT grade FROM highschooler WHERE']
['SELECT grade FROM highschooler WHERE name =']
["SELECT grade FROM highschooler WHERE name = 'Kyle';"]
{'total_tokens': 13}
  -> pred: SELECT grade FROM highschooler WHERE name = 'Kyle'
[83/100] source_index=879 network_1: Return the grade that has the greatest number of high schoolers.
['SELECT grade FROM']
['SELECT grade FROM highschooler GROUP']
['SELECT grade FROM highschooler GROUP BY grade ORDER']
['SELECT grade FROM highschooler GROUP BY grade ORDER BY COUNT(*)']
['SELECT grade FROM highschooler GROUP BY grade ORDER BY COUNT(*) DESC LIMIT 1']
{'total_tokens': 18}
  -> pred: SELECT grade FROM highschooler GROUP BY grade ORDER BY COUNT(*) DESC LIMIT 1
[84/100] source_index=881 network_1: Which grades have 4 or more high schoolers?
['SELECT grade FROM']
['SELECT grade FROM highschooler GROUP']
['SELECT grade FROM highschooler GROUP BY grade HAVING']
['SELECT grade FROM highschooler GROUP BY grade HAVING COUNT(*)']
['SELECT grade FROM highschooler GROUP BY grade HAVING COUNT(*) >= 4']
{'total_tokens': 17}
  -> pred: SELECT grade FROM highschooler GROUP BY grade HAVING COUNT(*) >= 4
[85/100] source_index=884 network_1: Show the names of high school students and their corresponding number of friends
['SELECT highschooler.name,']
['SELECT highschooler.name, COUNT(friend.friend_id)']
['SELECT highschooler.name, COUNT(friend.friend_id) AS number_of_friends\nFROM highschooler\n']
['SELECT highschooler.name, COUNT(friend.friend_id) AS number_of_friends\nFROM highschooler\nJOIN friend ON']
['SELECT highschooler.name, COUNT(friend.friend_id) AS number_of_friends\nFROM highschooler\nJOIN friend ON highschooler.id =']
['SELECT highschooler.name, COUNT(friend.friend_id) AS number_of_friends\nFROM highschooler\nJOIN friend ON highschooler.id = friend.student_id\n']
['SELECT highschooler.name, COUNT(friend.friend_id) AS number_of_friends\nFROM highschooler\nJOIN friend ON highschooler.id = friend.student_id\nGROUP BY highschooler.name;']
['SELECT highschooler.name, COUNT(friend.friend_id) AS number_of_friends\nFROM highschooler\nJOIN friend ON highschooler.id = friend.student_id\nGROUP BY highschooler.name;']
{'total_tokens': 45}
  -> pred: SELECT highschooler.name, COUNT(friend.friend_id) AS number_of_friends FROM highschooler JOIN friend ON highschooler.id 
[86/100] source_index=892 network_1: How many friends does the high school student Kyle have?
['SELECT COUNT(*)']
['SELECT COUNT(*) FROM friend WHERE']
['SELECT COUNT(*) FROM friend WHERE student_id =']
['SELECT COUNT(*) FROM friend WHERE student_id = (SELECT id FROM']
['SELECT COUNT(*) FROM friend WHERE student_id = (SELECT id FROM highschooler WHERE']
['SELECT COUNT(*) FROM friend WHERE student_id = (SELECT id FROM highschooler WHERE name =']
["SELECT COUNT(*) FROM friend WHERE student_id = (SELECT id FROM highschooler WHERE name = 'Kyle');"]
{'total_tokens': 23}
  -> pred: SELECT COUNT(*) FROM friend WHERE student_id = (SELECT id FROM highschooler WHERE name = 'Kyle')
[87/100] source_index=893 network_1: Count the number of friends Kyle has.
['SELECT COUNT(*)']
['SELECT COUNT(*) FROM friend WHERE']
['SELECT COUNT(*) FROM friend WHERE student_id =']
['SELECT COUNT(*) FROM friend WHERE student_id = (SELECT id FROM']
['SELECT COUNT(*) FROM friend WHERE student_id = (SELECT id FROM highschooler WHERE']
['SELECT COUNT(*) FROM friend WHERE student_id = (SELECT id FROM highschooler WHERE name =']
["SELECT COUNT(*) FROM friend WHERE student_id = (SELECT id FROM highschooler WHERE name = 'Kyle');"]
{'total_tokens': 23}
  -> pred: SELECT COUNT(*) FROM friend WHERE student_id = (SELECT id FROM highschooler WHERE name = 'Kyle')
[88/100] source_index=897 network_1: What are the names of students who have no friends?
['SELECT name FROM']
['SELECT name FROM highschooler WHERE']
['SELECT name FROM highschooler WHERE id NOT']
['SELECT name FROM highschooler WHERE id NOT IN (SELECT student_id FROM']
['SELECT name FROM highschooler WHERE id NOT IN (SELECT student_id FROM friend)']
['SELECT name FROM highschooler WHERE id NOT IN (SELECT student_id FROM friend)']
{'total_tokens': 18}
  -> pred: SELECT name FROM highschooler WHERE id NOT IN (SELECT student_id FROM friend)
[89/100] source_index=902 network_1: Count the number of likes for each student id.
['SELECT student_id,']
['SELECT student_id, COUNT(*)']
['SELECT student_id, COUNT(*) as number_of_likes FROM likes GROUP']
['SELECT student_id, COUNT(*) as number_of_likes FROM likes GROUP BY student_id;']
['SELECT student_id, COUNT(*) as number_of_likes FROM likes GROUP BY student_id;']
{'total_tokens': 18}
  -> pred: SELECT student_id, COUNT(*) as number_of_likes FROM likes GROUP BY student_id
[90/100] source_index=913 network_1: Return the number of likes that the high schooler named Kyle has.
['SELECT COUNT(*)']
['SELECT COUNT(*) FROM likes WHERE']
['SELECT COUNT(*) FROM likes WHERE student_id =']
['SELECT COUNT(*) FROM likes WHERE student_id = (SELECT id FROM']
['SELECT COUNT(*) FROM likes WHERE student_id = (SELECT id FROM highschooler WHERE']
['SELECT COUNT(*) FROM likes WHERE student_id = (SELECT id FROM highschooler WHERE name =']
["SELECT COUNT(*) FROM likes WHERE student_id = (SELECT id FROM highschooler WHERE name = 'Kyle');"]
{'total_tokens': 23}
  -> pred: SELECT COUNT(*) FROM likes WHERE student_id = (SELECT id FROM highschooler WHERE name = 'Kyle')
[91/100] source_index=922 dog_kennels: Which professionals live in the state of Indiana or have done treatment on more 
['SELECT DISTINCT professionals.professional_id,']
['SELECT DISTINCT professionals.professional_id, professionals.last_name,']
['SELECT DISTINCT professionals.professional_id, professionals.last_name, professionals.cell_number\n']
['SELECT DISTINCT professionals.professional_id, professionals.last_name, professionals.cell_number\nFROM professionals\n']
['SELECT DISTINCT professionals.professional_id, professionals.last_name, professionals.cell_number\nFROM professionals\nJOIN treatments ON']
['SELECT DISTINCT professionals.professional_id, professionals.last_name, professionals.cell_number\nFROM professionals\nJOIN treatments ON professionals.professional_id =']
['SELECT DISTINCT professionals.professional_id, professionals.last_name, professionals.cell_number\nFROM professionals\nJOIN treatments ON professionals.professional_id = treatments.professional_id\n']
['SELECT DISTINCT professionals.professional_id, professionals.last_name, professionals.cell_number\nFROM professionals\nJOIN treatments ON professionals.professional_id = treatments.professional_id\nWHERE professionals.state =']
["SELECT DISTINCT professionals.professional_id, professionals.last_name, professionals.cell_number\nFROM professionals\nJOIN treatments ON professionals.professional_id = treatments.professional_id\nWHERE professionals.state = 'Indiana'\nOR (SELECT COUNT(*)"]
["SELECT DISTINCT professionals.professional_id, professionals.last_name, professionals.cell_number\nFROM professionals\nJOIN treatments ON professionals.professional_id = treatments.professional_id\nWHERE professionals.state = 'Indiana'\nOR (SELECT COUNT(*) FROM treatments WHERE"]
["SELECT DISTINCT professionals.professional_id, professionals.last_name, professionals.cell_number\nFROM professionals\nJOIN treatments ON professionals.professional_id = treatments.professional_id\nWHERE professionals.state = 'Indiana'\nOR (SELECT COUNT(*) FROM treatments WHERE treatments.professional_id ="]
["SELECT DISTINCT professionals.professional_id, professionals.last_name, professionals.cell_number\nFROM professionals\nJOIN treatments ON professionals.professional_id = treatments.professional_id\nWHERE professionals.state = 'Indiana'\nOR (SELECT COUNT(*) FROM treatments WHERE treatments.professional_id = professionals.professional_id)"]
["SELECT DISTINCT professionals.professional_id, professionals.last_name, professionals.cell_number\nFROM professionals\nJOIN treatments ON professionals.professional_id = treatments.professional_id\nWHERE professionals.state = 'Indiana'\nOR (SELECT COUNT(*) FROM treatments WHERE treatments.professional_id = professionals.professional_id) > 2;"]
{'total_tokens': 71}
  -> pred: SELECT DISTINCT professionals.professional_id, professionals.last_name, professionals.cell_number FROM professionals JOI
[92/100] source_index=924 dog_kennels: Which dogs have not cost their owner more than 1000 for treatment ? List the dog
['SELECT dogs.name FROM']
['SELECT dogs.name FROM dogs JOIN']
['SELECT dogs.name FROM dogs JOIN treatments ON']
['SELECT dogs.name FROM dogs JOIN treatments ON dogs.dog_id =']
['SELECT dogs.name FROM dogs JOIN treatments ON dogs.dog_id = treatments.dog_id GROUP']
['SELECT dogs.name FROM dogs JOIN treatments ON dogs.dog_id = treatments.dog_id GROUP BY dogs.dog_id H']
['SELECT dogs.name FROM dogs JOIN treatments ON dogs.dog_id = treatments.dog_id GROUP BY dogs.dog_id HAVING SUM(treatments.cost_of_treatment)']
['SELECT dogs.name FROM dogs JOIN treatments ON dogs.dog_id = treatments.dog_id GROUP BY dogs.dog_id HAVING SUM(treatments.cost_of_treatment) <= 1000;']
{'total_tokens': 45}
  -> pred: SELECT dogs.name FROM dogs JOIN treatments ON dogs.dog_id = treatments.dog_id GROUP BY dogs.dog_id HAVING SUM(treatments
[93/100] source_index=959 dog_kennels: Find the arriving date and the departing date of the dogs that received a treatm
['SELECT dogs.date_arrived,']
['SELECT dogs.date_arrived, dogs.date_departed FROM']
['SELECT dogs.date_arrived, dogs.date_departed FROM dogs JOIN']
['SELECT dogs.date_arrived, dogs.date_departed FROM dogs JOIN treatments ON']
['SELECT dogs.date_arrived, dogs.date_departed FROM dogs JOIN treatments ON dogs.dog_id =']
['SELECT dogs.date_arrived, dogs.date_departed FROM dogs JOIN treatments ON dogs.dog_id = treatments.dog_id']
{'total_tokens': 30}
  -> pred: SELECT dogs.date_arrived, dogs.date_departed FROM dogs JOIN treatments ON dogs.dog_id = treatments.dog_id
[94/100] source_index=960 dog_kennels: List the last name of the owner owning the youngest dog.
['SELECT owners.last_name FROM']
['SELECT owners.last_name FROM owners JOIN']
['SELECT owners.last_name FROM owners JOIN dogs ON']
['SELECT owners.last_name FROM owners JOIN dogs ON owners.owner_id =']
['SELECT owners.last_name FROM owners JOIN dogs ON owners.owner_id = dogs.owner_id ORDER']
['SELECT owners.last_name FROM owners JOIN dogs ON owners.owner_id = dogs.owner_id ORDER BY dogs.date_of_birth DESC']
['SELECT owners.last_name FROM owners JOIN dogs ON owners.owner_id = dogs.owner_id ORDER BY dogs.date_of_birth DESC LIMIT 1']
{'total_tokens': 31}
  -> pred: SELECT owners.last_name FROM owners JOIN dogs ON owners.owner_id = dogs.owner_id ORDER BY dogs.date_of_birth DESC LIMIT 
[95/100] source_index=1001 singer: What is the count of singers?
['SELECT COUNT(*)']
['SELECT COUNT(*) FROM singer;']
['SELECT COUNT(*) FROM singer;']
{'total_tokens': 7}
  -> pred: SELECT COUNT(*) FROM singer
[96/100] source_index=1006 singer: List the name of singers whose citizenship is not "France".
['SELECT name FROM']
['SELECT name FROM singer WHERE']
['SELECT name FROM singer WHERE citizenship !=']
["SELECT name FROM singer WHERE citizenship != 'France';"]
{'total_tokens': 11}
  -> pred: SELECT name FROM singer WHERE citizenship != 'France'
[97/100] source_index=1008 singer: Show the name of singers whose birth year is either 1948 or 1949?
['SELECT name FROM']
['SELECT name FROM singer WHERE']
['SELECT name FROM singer WHERE birth_year =']
['SELECT name FROM singer WHERE birth_year = 1948 OR birth_year =']
['SELECT name FROM singer WHERE birth_year = 1948 OR birth_year = 1949;']
{'total_tokens': 24}
  -> pred: SELECT name FROM singer WHERE birth_year = 1948 OR birth_year = 1949
[98/100] source_index=1016 singer: Show different citizenships and the maximum net worth of singers of each citizen
['SELECT citizenship,']
['SELECT citizenship, MAX(net_worth_millions)']
['SELECT citizenship, MAX(net_worth_millions) AS max_net_worth FROM singer GROUP']
['SELECT citizenship, MAX(net_worth_millions) AS max_net_worth FROM singer GROUP BY citizenship']
{'total_tokens': 21}
  -> pred: SELECT citizenship, MAX(net_worth_millions) AS max_net_worth FROM singer GROUP BY citizenship
[99/100] source_index=1019 singer: What are the song titles and singer names?
['SELECT song.title,']
['SELECT song.title, singer.name FROM']
['SELECT song.title, singer.name FROM song JOIN']
['SELECT song.title, singer.name FROM song JOIN singer ON']
['SELECT song.title, singer.name FROM song JOIN singer ON song.singer_id =']
['SELECT song.title, singer.name FROM song JOIN singer ON song.singer_id = singer.singer_id']
{'total_tokens': 21}
  -> pred: SELECT song.title, singer.name FROM song JOIN singer ON song.singer_id = singer.singer_id
[100/100] source_index=1022 singer: Show the names of singers that have more than one song.
['SELECT name FROM']
['SELECT name FROM singer WHERE']
['SELECT name FROM singer WHERE singer_id IN']
['SELECT name FROM singer WHERE singer_id IN (SELECT singer_id FROM']
['SELECT name FROM singer WHERE singer_id IN (SELECT singer_id FROM song GROUP']
['SELECT name FROM singer WHERE singer_id IN (SELECT singer_id FROM song GROUP BY singer_id HAVING']
['SELECT name FROM singer WHERE singer_id IN (SELECT singer_id FROM song GROUP BY singer_id HAVING COUNT(*)']
['SELECT name FROM singer WHERE singer_id IN (SELECT singer_id FROM song GROUP BY singer_id HAVING COUNT(*) > 1)']
{'total_tokens': 27}
  -> pred: SELECT name FROM singer WHERE singer_id IN (SELECT singer_id FROM song GROUP BY singer_id HAVING COUNT(*) > 1)

Scoring IterGen predictions with Spider evaluator...
[nltk_data] Downloading package punkt to /home/advayth2/nltk_data...
[nltk_data]   Package punkt is already up-to-date!
[nltk_data] Downloading package stopwords to
[nltk_data]     /home/advayth2/nltk_data...
[nltk_data]   Package stopwords is already up-to-date!
{
  "split_name": "test",
  "num_examples": 100,
  "all_exec_accuracy": 0.77,
  "error_types": {
    "Valid": 96,
    "Other Error": 3,
    "Syntax Error": 1
  },
  "question_mismatches": 0
}
Wrote /home/advayth2/projects/verified-agent-synthesis/outputs/generated-csd/master_experiments/handoff_gsm_spider_crane_itergen_qwen7_20260506_222934/benchmarks/spider_itergen_qwen25_coder_7b_instruct.json
