Loaded 50 examples from CRANE folder /home/advayth2/CRANE/src/gsm_symbolic
[transformers] `torch_dtype` is deprecated! Use `dtype` instead!

Loading weights:   0%|          | 0/579 [00:00<?, ?it/s]
Loading weights:  30%|███       | 176/579 [00:00<00:00, 1733.52it/s]
Loading weights:  60%|██████    | 350/579 [00:00<00:00, 1580.70it/s]
Loading weights: 100%|██████████| 579/579 [00:00<00:00, 2062.16it/s]
Traceback (most recent call last):
  File "/home/advayth2/projects/verified-agent-synthesis/scripts/run_itergen_gsm_split.py", line 304, in <module>
    raise SystemExit(main())
                     ^^^^^^
  File "/home/advayth2/projects/verified-agent-synthesis/scripts/run_itergen_gsm_split.py", line 214, in main
    iter_gen = IterGen(
               ^^^^^^^^
  File "/home/advayth2/itergen/itergen/main.py", line 81, in __init__
    self.model = common.load_model(model_id, device, quantize)
                 ^^^^^^^^^^^^^^^^^^^^^^^^^^^^^^^^^^^^^^^^^^^^^
  File "/home/advayth2/itergen/itergen/syncode/syncode/common.py", line 36, in load_model
    model = AutoModelForCausalLM.from_pretrained(model_name, torch_dtype=torch.bfloat16, cache_dir=HF_CACHE, token=HF_ACCESS_TOKEN, trust_remote_code=True).eval().to(device)
            ^^^^^^^^^^^^^^^^^^^^^^^^^^^^^^^^^^^^^^^^^^^^^^^^^^^^^^^^^^^^^^^^^^^^^^^^^^^^^^^^^^^^^^^^^^^^^^^^^^^^^^^^^^^^^^^^^^^^^^^^^^^^^^^^^^^^^^^^^^^^^^^^^^^^^^^^^^^^^^^^^
  File "/home/advayth2/envs/vas-rdkit/lib/python3.12/site-packages/transformers/modeling_utils.py", line 3650, in to
    return super().to(*args, **kwargs)
           ^^^^^^^^^^^^^^^^^^^^^^^^^^^
  File "/home/advayth2/envs/vas-rdkit/lib/python3.12/site-packages/torch/nn/modules/module.py", line 1384, in to
    return self._apply(convert)
           ^^^^^^^^^^^^^^^^^^^^
  File "/home/advayth2/envs/vas-rdkit/lib/python3.12/site-packages/torch/nn/modules/module.py", line 934, in _apply
    module._apply(fn)
  File "/home/advayth2/envs/vas-rdkit/lib/python3.12/site-packages/torch/nn/modules/module.py", line 934, in _apply
    module._apply(fn)
  File "/home/advayth2/envs/vas-rdkit/lib/python3.12/site-packages/torch/nn/modules/module.py", line 934, in _apply
    module._apply(fn)
  [Previous line repeated 2 more times]
  File "/home/advayth2/envs/vas-rdkit/lib/python3.12/site-packages/torch/nn/modules/module.py", line 965, in _apply
    param_applied = fn(param)
                    ^^^^^^^^^
  File "/home/advayth2/envs/vas-rdkit/lib/python3.12/site-packages/torch/nn/modules/module.py", line 1370, in convert
    return t.to(
           ^^^^^
torch.OutOfMemoryError: CUDA out of memory. Tried to allocate 50.00 MiB. GPU 0 has a total capacity of 39.49 GiB of which 37.25 MiB is free. Process 1031675 has 1.76 GiB memory in use. Process 3995126 has 14.61 GiB memory in use. Including non-PyTorch memory, this process has 23.07 GiB memory in use. Of the allocated memory 22.66 GiB is allocated by PyTorch, and 640.00 KiB is reserved by PyTorch but unallocated. If reserved but unallocated memory is large try setting PYTORCH_CUDA_ALLOC_CONF=expandable_segments:True to avoid fragmentation.  See documentation for Memory Management  (https://docs.pytorch.org/docs/stable/notes/cuda.html#optimizing-memory-usage-with-pytorch-cuda-alloc-conf)
