Loaded 1034 Spider examples from HuggingFace
[transformers] `torch_dtype` is deprecated! Use `dtype` instead!

Loading weights:   0%|          | 0/579 [00:00<?, ?it/s]
Loading weights:  56%|█████▌    | 324/579 [00:00<00:00, 3238.42it/s]
Loading weights: 100%|██████████| 579/579 [00:00<00:00, 3327.47it/s]
Traceback (most recent call last):
  File "/home/advayth2/projects/verified-agent-synthesis/scripts/benchmark_crane_baseline.py", line 762, in <module>
    raise SystemExit(main())
                     ^^^^^^
  File "/home/advayth2/projects/verified-agent-synthesis/scripts/benchmark_crane_baseline.py", line 742, in main
    result, examples = run_dataset(args, dataset=dataset, sample_size=args.sample_size)
                       ^^^^^^^^^^^^^^^^^^^^^^^^^^^^^^^^^^^^^^^^^^^^^^^^^^^^^^^^^^^^^^^^
  File "/home/advayth2/projects/verified-agent-synthesis/scripts/benchmark_crane_baseline.py", line 434, in run_dataset
    decoder, source, decoder_config = build_crane_decoder(
                                      ^^^^^^^^^^^^^^^^^^^^
  File "/home/advayth2/projects/verified-agent-synthesis/scripts/benchmark_crane_baseline.py", line 343, in build_crane_decoder
    decoder = CraneDecoder(
              ^^^^^^^^^^^^^
  File "/home/advayth2/CRANE/src/crane/main.py", line 725, in __init__
    super().__init__(grammar, model_id, default_unit, device, quantize, max_tokens, parse_output_only, recurrence_penalty, **gen_args)
  File "/home/advayth2/CRANE/src/crane/main.py", line 107, in __init__
    self.model = common.load_model(model_id, device, quantize)
                 ^^^^^^^^^^^^^^^^^^^^^^^^^^^^^^^^^^^^^^^^^^^^^
  File "/home/advayth2/CRANE/src/crane/iter_syncode/common.py", line 36, in load_model
    model = AutoModelForCausalLM.from_pretrained(model_name, torch_dtype=torch.bfloat16, cache_dir=HF_CACHE, token=HF_ACCESS_TOKEN, trust_remote_code=True).eval().to(device)
            ^^^^^^^^^^^^^^^^^^^^^^^^^^^^^^^^^^^^^^^^^^^^^^^^^^^^^^^^^^^^^^^^^^^^^^^^^^^^^^^^^^^^^^^^^^^^^^^^^^^^^^^^^^^^^^^^^^^^^^^^^^^^^^^^^^^^^^^^^^^^^^^^^^^^^^^^^^^^^^^^^
  File "/home/advayth2/envs/vas-rdkit/lib/python3.12/site-packages/transformers/modeling_utils.py", line 3650, in to
    return super().to(*args, **kwargs)
           ^^^^^^^^^^^^^^^^^^^^^^^^^^^
  File "/home/advayth2/envs/vas-rdkit/lib/python3.12/site-packages/torch/nn/modules/module.py", line 1384, in to
    return self._apply(convert)
           ^^^^^^^^^^^^^^^^^^^^
  File "/home/advayth2/envs/vas-rdkit/lib/python3.12/site-packages/torch/nn/modules/module.py", line 934, in _apply
    module._apply(fn)
  File "/home/advayth2/envs/vas-rdkit/lib/python3.12/site-packages/torch/nn/modules/module.py", line 934, in _apply
    module._apply(fn)
  File "/home/advayth2/envs/vas-rdkit/lib/python3.12/site-packages/torch/nn/modules/module.py", line 934, in _apply
    module._apply(fn)
  [Previous line repeated 2 more times]
  File "/home/advayth2/envs/vas-rdkit/lib/python3.12/site-packages/torch/nn/modules/module.py", line 965, in _apply
    param_applied = fn(param)
                    ^^^^^^^^^
  File "/home/advayth2/envs/vas-rdkit/lib/python3.12/site-packages/torch/nn/modules/module.py", line 1370, in convert
    return t.to(
           ^^^^^
torch.OutOfMemoryError: CUDA out of memory. Tried to allocate 136.00 MiB. GPU 0 has a total capacity of 39.49 GiB of which 114.75 MiB is free. Process 3986749 has 19.73 GiB memory in use. Process 3984708 has 514.00 MiB memory in use. Including non-PyTorch memory, this process has 19.12 GiB memory in use. Of the allocated memory 18.72 GiB is allocated by PyTorch, and 912.00 KiB is reserved by PyTorch but unallocated. If reserved but unallocated memory is large try setting PYTORCH_CUDA_ALLOC_CONF=expandable_segments:True to avoid fragmentation.  See documentation for Memory Management  (https://docs.pytorch.org/docs/stable/notes/cuda.html#optimizing-memory-usage-with-pytorch-cuda-alloc-conf)
