[transformers] `torch_dtype` is deprecated! Use `dtype` instead!

Loading weights:   0%|          | 0/339 [00:00<?, ?it/s]
Loading weights:  47%|████▋     | 159/339 [00:00<00:00, 1589.37it/s]
Loading weights: 100%|██████████| 339/339 [00:00<00:00, 1798.46it/s]
Loaded 50 examples from CRANE folder /home/advayth2/CRANE/src/gsm_symbolic
[unconstrained:gsm_symbolic] 1/50
[unconstrained:gsm_symbolic] 2/50
[unconstrained:gsm_symbolic] 3/50
[unconstrained:gsm_symbolic] 4/50
[unconstrained:gsm_symbolic] 5/50
[unconstrained:gsm_symbolic] 6/50
[unconstrained:gsm_symbolic] 7/50
[unconstrained:gsm_symbolic] 8/50
[unconstrained:gsm_symbolic] 9/50
[unconstrained:gsm_symbolic] 10/50
[unconstrained:gsm_symbolic] 11/50
[unconstrained:gsm_symbolic] 12/50
[unconstrained:gsm_symbolic] 13/50
[unconstrained:gsm_symbolic] 14/50
[unconstrained:gsm_symbolic] 15/50
[unconstrained:gsm_symbolic] 16/50
[unconstrained:gsm_symbolic] 17/50
[unconstrained:gsm_symbolic] 18/50
[unconstrained:gsm_symbolic] 19/50
[unconstrained:gsm_symbolic] 20/50
[unconstrained:gsm_symbolic] 21/50
[unconstrained:gsm_symbolic] 22/50
[unconstrained:gsm_symbolic] 23/50
[unconstrained:gsm_symbolic] 24/50
[unconstrained:gsm_symbolic] 25/50
[unconstrained:gsm_symbolic] 26/50
[unconstrained:gsm_symbolic] 27/50
[unconstrained:gsm_symbolic] 28/50
[unconstrained:gsm_symbolic] 29/50
[unconstrained:gsm_symbolic] 30/50
[unconstrained:gsm_symbolic] 31/50
[unconstrained:gsm_symbolic] 32/50
[unconstrained:gsm_symbolic] 33/50
[unconstrained:gsm_symbolic] 34/50
[unconstrained:gsm_symbolic] 35/50
[unconstrained:gsm_symbolic] 36/50
[unconstrained:gsm_symbolic] 37/50
[unconstrained:gsm_symbolic] 38/50
[unconstrained:gsm_symbolic] 39/50
[unconstrained:gsm_symbolic] 40/50
[unconstrained:gsm_symbolic] 41/50
[unconstrained:gsm_symbolic] 42/50
[unconstrained:gsm_symbolic] 43/50
[unconstrained:gsm_symbolic] 44/50
[unconstrained:gsm_symbolic] 45/50
[unconstrained:gsm_symbolic] 46/50
[unconstrained:gsm_symbolic] 47/50
[unconstrained:gsm_symbolic] 48/50
[unconstrained:gsm_symbolic] 49/50
[unconstrained:gsm_symbolic] 50/50
[summary] wrote /home/advayth2/projects/verified-agent-synthesis/outputs/generated-csd/master_experiments/handoff_gsm_spider_unconstrained_qwen7_20260506_224418/benchmarks/gsm_unconstrained_qwen25_coder_7b_instruct.json
