/opt/anaconda/lib/python3.12/site-packages/requests/__init__.py:113: RequestsDependencyWarning: urllib3 (2.4.0) or chardet (7.4.3)/charset_normalizer (3.4.2) doesn't match a supported version!
  warnings.warn(
Loaded 50 examples from CRANE folder /home/advayth2/CRANE/src/gsm_symbolic
`torch_dtype` is deprecated! Use `dtype` instead!
2026-05-06 07:56:50.993177: I tensorflow/core/util/port.cc:153] oneDNN custom operations are on. You may see slightly different numerical results due to floating-point round-off errors from different computation orders. To turn them off, set the environment variable `TF_ENABLE_ONEDNN_OPTS=0`.
2026-05-06 07:56:51.012734: E external/local_xla/xla/stream_executor/cuda/cuda_fft.cc:467] Unable to register cuFFT factory: Attempting to register factory for plugin cuFFT when one has already been registered
WARNING: All log messages before absl::InitializeLog() is called are written to STDERR
E0000 00:00:1778054211.034861  230546 cuda_dnn.cc:8579] Unable to register cuDNN factory: Attempting to register factory for plugin cuDNN when one has already been registered
E0000 00:00:1778054211.042357  230546 cuda_blas.cc:1407] Unable to register cuBLAS factory: Attempting to register factory for plugin cuBLAS when one has already been registered
W0000 00:00:1778054211.060954  230546 computation_placer.cc:177] computation placer already registered. Please check linkage and avoid linking the same target more than once.
W0000 00:00:1778054211.060976  230546 computation_placer.cc:177] computation placer already registered. Please check linkage and avoid linking the same target more than once.
W0000 00:00:1778054211.060978  230546 computation_placer.cc:177] computation placer already registered. Please check linkage and avoid linking the same target more than once.
W0000 00:00:1778054211.060979  230546 computation_placer.cc:177] computation placer already registered. Please check linkage and avoid linking the same target more than once.
2026-05-06 07:56:51.065744: I tensorflow/core/platform/cpu_feature_guard.cc:210] This TensorFlow binary is optimized to use available CPU instructions in performance-critical operations.
To enable the following instructions: AVX2 AVX512F AVX512_VNNI FMA, in other operations, rebuild TensorFlow with the appropriate compiler flags.
[crane-original:gsm_symbolic] 1/50
[crane-original:gsm_symbolic] 2/50
[crane-original:gsm_symbolic] 3/50
[crane-original:gsm_symbolic] 4/50
[crane-original:gsm_symbolic] 5/50
[crane-original:gsm_symbolic] 6/50
