Loaded 50 examples from CRANE folder /home/advayth2/CRANE/src/gsm_symbolic
[transformers] `torch_dtype` is deprecated! Use `dtype` instead!

Loading weights:   0%|          | 0/338 [00:00<?, ?it/s]
Loading weights: 100%|██████████| 338/338 [00:00<00:00, 5232.95it/s]
[1/50] GSM source_index=1
  -> expr: t * y correct=False syntax=True
[2/50] GSM source_index=3
  -> expr: n - n_1 - n_2 - 2*n_2 correct=True syntax=True
[3/50] GSM source_index=7
  -> expr: (10*n1 + 10*n2 + 10*n3 + 10*n4) / 10 correct=False syntax=True
[4/50] GSM source_index=9
  -> expr: x correct=False syntax=True
[5/50] GSM source_index=10
  -> expr: (total * frac1) + ((total - t) * frac2) correct=False syntax=True
[6/50] GSM source_index=12
  -> expr: n - k * x correct=True syntax=True
[7/50] GSM source_index=14
  -> expr: t1 + t2 correct=False syntax=True
[8/50] GSM source_index=15
  -> expr: (100 * (k1 + k2)) / (n1 + n2) correct=False syntax=True
[9/50] GSM source_index=22
  -> expr: n1 correct=False syntax=True
[10/50] GSM source_index=23
  -> expr: (5*count)*(n1+n2+n3+n4+n5) correct=False syntax=True
[11/50] GSM source_index=24
  -> expr: cal * size / (total - spent) correct=False syntax=True
[12/50] GSM source_index=25
  -> expr: 0 + (total * (1 - p1) * (1 - p2)) correct=False syntax=True
[13/50] GSM source_index=26
  -> expr: (2*n1 + 2*n2 + n3)*7 correct=False syntax=True
[14/50] GSM source_index=27
  -> expr: 0 + (n * (1 - p)) * d correct=False syntax=True
[15/50] GSM source_index=28
  -> expr: total - daily * period * frac correct=False syntax=True
[16/50] GSM source_index=29
  -> expr: age1 + years * mult correct=False syntax=True
[17/50] GSM source_index=32
  -> expr: price * (1 + brokerage_fee / 100) * (1 + transfer_fee / 100) - budget correct=False syntax=True
[18/50] GSM source_index=35
  -> expr: cur*total*(1-fraction) correct=False syntax=False
[19/50] GSM source_index=38
  -> expr: (price1 * n1) - (price2 * n2) correct=True syntax=True
[20/50] GSM source_index=39
  -> expr: (100 * t * n) / (d * h) correct=False syntax=True
[21/50] GSM source_index=41
  -> expr: n1 + mult + total correct=False syntax=True
[22/50] GSM source_index=44
  -> expr: n + mult correct=False syntax=True
[23/50] GSM source_index=45
  -> expr: owned + (length - owned) * (plant_width + space) * cost correct=False syntax=True
[24/50] GSM source_index=46
  -> expr: (total - graduates - faculty) / graduates correct=False syntax=True
[25/50] GSM source_index=47
  -> expr: n*12 - x - mult1 - y - frac correct=False syntax=True
[26/50] GSM source_index=50
  -> expr: 2 * (area / (length * 3)) correct=False syntax=True
[27/50] GSM source_index=54
  -> expr: total - n1 - (n2 + n3) correct=False syntax=True
[28/50] GSM source_index=56
  -> expr: cal * num * vol correct=True syntax=True
[29/50] GSM source_index=58
  -> expr: base * mult1 * days * n correct=False syntax=True
[30/50] GSM source_index=60
  -> expr: 1200 correct=False syntax=False
[31/50] GSM source_index=62
  -> expr: n1 + (n1 + p/100 * c2) + c3 correct=False syntax=False
[32/50] GSM source_index=63
  -> expr: n - k correct=False syntax=True
[33/50] GSM source_index=64
  -> expr: n * m * k correct=False syntax=True
[34/50] GSM source_index=67
  -> expr: weight_vehicle + weight_item + weight_passenger * num_passengers * force_percent / 100 correct=False syntax=True
[35/50] GSM source_index=69
  -> expr: t1 + t2 + mult correct=False syntax=True
[36/50] GSM source_index=72
  -> expr: (1/60)*((n1-n2)*l*p*t) correct=False syntax=True
[37/50] GSM source_index=73
  -> expr: 12 correct=False syntax=False
[38/50] GSM source_index=74
  -> expr: num_girls - absent_girls - absent_boys correct=False syntax=True
[39/50] GSM source_index=75
  -> expr: (n1*p1 + n2*p2 + n3*p3) correct=True syntax=True
[40/50] GSM source_index=80
  -> expr: (100 - p) * (total - price1 * n1) / price2 correct=False syntax=True
[41/50] GSM source_index=81
  -> expr: total - n - m correct=False syntax=True
[42/50] GSM source_index=82
  -> expr: m - m_left * frac correct=False syntax=True
[43/50] GSM source_index=83
  -> expr: n1 + n2 correct=False syntax=True
[44/50] GSM source_index=84
  -> expr: n * p * (1 + r1/100) * (1 - r2/100) correct=False syntax=True
[45/50] GSM source_index=85
  -> expr: total - diff correct=False syntax=True
[46/50] GSM source_index=87
  -> expr: l1 - l2 correct=False syntax=True
[47/50] GSM source_index=91
  -> expr: n + m + k correct=False syntax=True
[48/50] GSM source_index=93
  -> expr: t1 + (n + mult * t1) correct=False syntax=True
[49/50] GSM source_index=95
  -> expr: n1 + mult + n2 + n3 correct=False syntax=True
[50/50] GSM source_index=96
  -> expr: ( budget - cost1 * times - tokens ) / cost2 correct=False syntax=True
[summary] wrote /home/advayth2/projects/verified-agent-synthesis/outputs/generated-csd/master_experiments/handoff_baselines_qwen15_20260506_112344/benchmarks/gsm_itergen_qwen25_coder_1p5b_instruct.json
