/opt/anaconda/lib/python3.12/site-packages/requests/__init__.py:113: RequestsDependencyWarning: urllib3 (2.4.0) or chardet (7.4.3)/charset_normalizer (3.4.2) doesn't match a supported version!
  warnings.warn(
Traceback (most recent call last):
  File "/home/advayth2/projects/verified-agent-synthesis/scripts/benchmark_crane_baseline.py", line 693, in <module>
    raise SystemExit(main())
                     ^^^^^^
  File "/home/advayth2/projects/verified-agent-synthesis/scripts/benchmark_crane_baseline.py", line 673, in main
    result, examples = run_dataset(args, dataset=dataset, sample_size=args.sample_size)
                       ^^^^^^^^^^^^^^^^^^^^^^^^^^^^^^^^^^^^^^^^^^^^^^^^^^^^^^^^^^^^^^^^
  File "/home/advayth2/projects/verified-agent-synthesis/scripts/benchmark_crane_baseline.py", line 391, in run_dataset
    examples = evaluator._load_dataset_sample()
               ^^^^^^^^^^^^^^^^^^^^^^^^^^^^^^^^
  File "/home/advayth2/projects/verified-agent-synthesis/synthesis/evaluator.py", line 1515, in _load_dataset_sample
    indices=self._load_gsm_split_indices(),
            ^^^^^^^^^^^^^^^^^^^^^^^^^^^^^^
  File "/home/advayth2/projects/verified-agent-synthesis/synthesis/evaluator.py", line 1245, in _load_gsm_split_indices
    manifest = json.loads(self.gsm_split_file.read_text())
                          ^^^^^^^^^^^^^^^^^^^^^^^^^^^^^^^
  File "/opt/anaconda/lib/python3.12/pathlib.py", line 1027, in read_text
    with self.open(mode='r', encoding=encoding, errors=errors) as f:
         ^^^^^^^^^^^^^^^^^^^^^^^^^^^^^^^^^^^^^^^^^^^^^^^^^^^^^
  File "/opt/anaconda/lib/python3.12/pathlib.py", line 1013, in open
    return io.open(self, mode, buffering, encoding, errors, newline)
           ^^^^^^^^^^^^^^^^^^^^^^^^^^^^^^^^^^^^^^^^^^^^^^^^^^^^^^^^^
FileNotFoundError: [Errno 2] No such file or directory: '/home/advayth2/projects/verified-agent-synthesis/outputs/generated-csd/splits/gsm_absolute_rubric_seed123_train50_eval50.json'
