[transformers] `torch_dtype` is deprecated! Use `dtype` instead!

Loading weights:   0%|          | 0/338 [00:00<?, ?it/s]
Loading weights: 100%|██████████| 338/338 [00:00<00:00, 4337.98it/s]
Loaded 1034 Spider examples from HuggingFace
[unconstrained:spider] 1/100
[unconstrained:spider] 2/100
[unconstrained:spider] 3/100
[unconstrained:spider] 4/100
[unconstrained:spider] 5/100
[unconstrained:spider] 6/100
[unconstrained:spider] 7/100
[unconstrained:spider] 8/100
[unconstrained:spider] 9/100
[unconstrained:spider] 10/100
[unconstrained:spider] 11/100
[unconstrained:spider] 12/100
[unconstrained:spider] 13/100
[unconstrained:spider] 14/100
[unconstrained:spider] 15/100
[unconstrained:spider] 16/100
[unconstrained:spider] 17/100
[unconstrained:spider] 18/100
[unconstrained:spider] 19/100
[unconstrained:spider] 20/100
[unconstrained:spider] 21/100
[unconstrained:spider] 22/100
[unconstrained:spider] 23/100
[unconstrained:spider] 24/100
[unconstrained:spider] 25/100
[unconstrained:spider] 26/100
[unconstrained:spider] 27/100
[unconstrained:spider] 28/100
[unconstrained:spider] 29/100
[unconstrained:spider] 30/100
[unconstrained:spider] 31/100
[unconstrained:spider] 32/100
[unconstrained:spider] 33/100
[unconstrained:spider] 34/100
[unconstrained:spider] 35/100
[unconstrained:spider] 36/100
[unconstrained:spider] 37/100
[unconstrained:spider] 38/100
[unconstrained:spider] 39/100
[unconstrained:spider] 40/100
[unconstrained:spider] 41/100
[unconstrained:spider] 42/100
[unconstrained:spider] 43/100
[unconstrained:spider] 44/100
[unconstrained:spider] 45/100
[unconstrained:spider] 46/100
[unconstrained:spider] 47/100
[unconstrained:spider] 48/100
[unconstrained:spider] 49/100
[unconstrained:spider] 50/100
[unconstrained:spider] 51/100
[unconstrained:spider] 52/100
[unconstrained:spider] 53/100
[unconstrained:spider] 54/100
[unconstrained:spider] 55/100
[unconstrained:spider] 56/100
[unconstrained:spider] 57/100
[unconstrained:spider] 58/100
[unconstrained:spider] 59/100
[unconstrained:spider] 60/100
[unconstrained:spider] 61/100
[unconstrained:spider] 62/100
[unconstrained:spider] 63/100
[unconstrained:spider] 64/100
[unconstrained:spider] 65/100
[unconstrained:spider] 66/100
[unconstrained:spider] 67/100
[unconstrained:spider] 68/100
[unconstrained:spider] 69/100
[unconstrained:spider] 70/100
[unconstrained:spider] 71/100
[unconstrained:spider] 72/100
[unconstrained:spider] 73/100
[unconstrained:spider] 74/100
[unconstrained:spider] 75/100
[unconstrained:spider] 76/100
[unconstrained:spider] 77/100
[unconstrained:spider] 78/100
[unconstrained:spider] 79/100
[unconstrained:spider] 80/100
[unconstrained:spider] 81/100
[unconstrained:spider] 82/100
[unconstrained:spider] 83/100
[unconstrained:spider] 84/100
[unconstrained:spider] 85/100
[unconstrained:spider] 86/100
[unconstrained:spider] 87/100
[unconstrained:spider] 88/100
[unconstrained:spider] 89/100
[unconstrained:spider] 90/100
[unconstrained:spider] 91/100
[unconstrained:spider] 92/100
[unconstrained:spider] 93/100
[unconstrained:spider] 94/100
[unconstrained:spider] 95/100
[unconstrained:spider] 96/100
[unconstrained:spider] 97/100
[unconstrained:spider] 98/100
[unconstrained:spider] 99/100
[unconstrained:spider] 100/100
[nltk_data] Downloading package punkt to /home/advayth2/nltk_data...
[nltk_data]   Package punkt is already up-to-date!
[nltk_data] Downloading package stopwords to
[nltk_data]     /home/advayth2/nltk_data...
[nltk_data]   Package stopwords is already up-to-date!
[summary] wrote /home/advayth2/projects/verified-agent-synthesis/outputs/generated-csd/master_experiments/handoff_gsm_spider_baselines_qwen15_20260506_212527/benchmarks/spider_unconstrained_qwen25_coder_1p5b_instruct.json
