[09:57:35] SMILES Parse Error: unclosed ring for input: 'C=CC(=O)OC1CCC2=CC'
[09:57:35] SMILES Parse Error: unclosed ring for input: 'C=CC(=O)OC1=CC=CC'
[09:57:35] SMILES Parse Error: unclosed ring for input: 'C=CC(=O)OCCCC1=C(C2=C3OC4=CC=CC=CC=C4)'
[09:57:35] SMILES Parse Error: unclosed ring for input: 'C=CC(=O)OCC1=C(C2=CC=CC=C2F)'
[09:57:35] SMILES Parse Error: unclosed ring for input: 'C1=CC=C(C(=O)O)'
[09:57:35] SMILES Parse Error: unclosed ring for input: 'C=CC(=O)OCCCCOC1=C'
[09:57:35] SMILES Parse Error: unclosed ring for input: 'C=CC(=O)OCC1=CC'
[09:57:35] SMILES Parse Error: unclosed ring for input: 'C=CC(=O)OCC2=CC'
[09:57:35] SMILES Parse Error: unclosed ring for input: 'C=C(C)C(=O)OC1CCC'
[09:57:35] SMILES Parse Error: unclosed ring for input: 'C=CC(=O)OC1=C(C(=CC(F)(F)F)F)'
[09:57:35] SMILES Parse Error: unclosed ring for input: 'C=CC(=O)OC1=CC=CC'
[09:57:35] SMILES Parse Error: unclosed ring for input: 'C1=CC2=C(C(=O)OC3CCCCCCCCCC4)=N'
[09:57:35] SMILES Parse Error: unclosed ring for input: 'C=CC(=O)OC1CCC2CCC'
[09:57:35] SMILES Parse Error: unclosed ring for input: 'C(=CC1=CN=C(C(=CCC2=C(N)=O)C=C2)C=C)'
[09:57:35] SMILES Parse Error: unclosed ring for input: 'C=CC(=O)OCCC2=CC'
[09:57:35] SMILES Parse Error: unclosed ring for input: 'C(=CC=C(C1=C(C2=C1O)C(O)OC3=C(C=C(C=C3)F)C4=CC=CC=C4O)C)'
[09:57:35] SMILES Parse Error: unclosed ring for input: 'C1=CC(=O)OC(C2=C(N)(CO2)C(=O)O2)'
[09:57:35] SMILES Parse Error: unclosed ring for input: 'C=CC(=O)OC1CCC(C2=C3CCCCCC4CCCC5C6O)'
[09:57:35] SMILES Parse Error: unclosed ring for input: 'C(=CC(=O)OCC1=C(C2=C3CCCC4OC5CCC6C=C(C(=C7CC8CC3CCC9C=CN(C(=C7C)C)C)C)C)C)'
[09:57:35] SMILES Parse Error: unclosed ring for input: 'C2=CC(=O)OCC1CCCC'
[09:57:35] SMILES Parse Error: unclosed ring for input: 'OCCN1CC(=O)'
[09:57:35] SMILES Parse Error: unclosed ring for input: 'OCCN1C(=O)'
[09:57:35] SMILES Parse Error: unclosed ring for input: 'OCC1CCCCC1NC2'
[09:57:35] SMILES Parse Error: unclosed ring for input: 'OCCN1CC(C)C'
[09:57:35] Can't kekulize mol.  Unkekulized atoms: 2 3 4 5 6
[09:57:35] non-ring atom 9 marked aromatic
[09:57:35] SMILES Parse Error: unclosed ring for input: 'OCCNN1CC(=O)'
[09:57:35] Explicit valence for atom # 5 C, 5, is greater than permitted
[09:57:35] SMILES Parse Error: unclosed ring for input: 'C1CCCCCC2CC(=O)'
[09:57:35] SMILES Parse Error: unclosed ring for input: 'OC(C2=O)C(=O)'
[09:57:36] non-ring atom 10 marked aromatic
[09:57:36] Can't kekulize mol.  Unkekulized atoms: 4 5 6 7 8 9 10
[09:57:36] SMILES Parse Error: unclosed ring for input: 'O=C=NC1=CC=CC(C=C2N=C=O)CC3=CC=C(C=C3)N=C=O'
[09:57:36] non-ring atom 11 marked aromatic
[09:57:36] SMILES Parse Error: unclosed ring for input: 'C=CC(=O)OC1=CC(C)=CC=C'
[09:57:36] SMILES Parse Error: unclosed ring for input: 'NCC1OC(C2CCCCC2)'
[09:57:36] SMILES Parse Error: unclosed ring for input: 'O=C=NC1CCC(CN=C=O)'
[09:57:36] SMILES Parse Error: unclosed ring for input: 'O=C=NC1CC1CCCCC1N=C'
